Archive member included to satisfy reference by file (symbol)

c:/program files (x86)/atollic/truestudio for stm32 9.2.0/armtools/bin/../lib/gcc/arm-atollic-eabi/6.3.1/../../../../arm-atollic-eabi/lib/armv7e-m/fpu\libc_nano.a(lib_a-abs.o)
                              Src\lcd.o (abs)
c:/program files (x86)/atollic/truestudio for stm32 9.2.0/armtools/bin/../lib/gcc/arm-atollic-eabi/6.3.1/../../../../arm-atollic-eabi/lib/armv7e-m/fpu\libc_nano.a(lib_a-init.o)
                              startup\startup_stm32f303xc.o (__libc_init_array)
c:/program files (x86)/atollic/truestudio for stm32 9.2.0/armtools/bin/../lib/gcc/arm-atollic-eabi/6.3.1/../../../../arm-atollic-eabi/lib/armv7e-m/fpu\libc_nano.a(lib_a-memset.o)
                              Src\can.o (memset)
c:/program files (x86)/atollic/truestudio for stm32 9.2.0/armtools/bin/../lib/gcc/arm-atollic-eabi/6.3.1/armv7e-m/fpu\libgcc.a(_lshrdi3.o)
                              Drivers\STM32F3xx_HAL_Driver\Src\stm32f3xx_hal_flash.o (__aeabi_llsr)
c:/program files (x86)/atollic/truestudio for stm32 9.2.0/armtools/bin/../lib/gcc/arm-atollic-eabi/6.3.1/armv7e-m/fpu\libgcc.a(_arm_addsubdf3.o)
                              Src\lcd.o (__aeabi_f2d)

Allocating common symbols
Common symbol       size              file

sFilterConfig       0x28              Src\can.o
huart3              0x70              Src\usart.o
hi2c1               0x4c              Src\i2c.o
hcan                0x28              Src\can.o
uwTick              0x4               Drivers\STM32F3xx_HAL_Driver\Src\stm32f3xx_hal.o
pFlash              0x20              Drivers\STM32F3xx_HAL_Driver\Src\stm32f3xx_hal_flash.o
test                0x1               Src\can.o
sensorsBuffer       0x8               Src\USBtoCAN.o
TxData              0x8               Src\can.o
USBtoCAN            0x11c             Src\USBtoCAN.o
TxMailbox           0x4               Src\can.o
moboBuffer          0x8               Src\USBtoCAN.o
RxData              0x8               Src\can.o
TxHeader            0x18              Src\can.o
RxHeader            0x1c              Src\can.o

Discarded input sections

 .text          0x00000000        0x0 c:/program files (x86)/atollic/truestudio for stm32 9.2.0/armtools/bin/../lib/gcc/arm-atollic-eabi/6.3.1/armv7e-m/fpu/crti.o
 .data          0x00000000        0x0 c:/program files (x86)/atollic/truestudio for stm32 9.2.0/armtools/bin/../lib/gcc/arm-atollic-eabi/6.3.1/armv7e-m/fpu/crti.o
 .bss           0x00000000        0x0 c:/program files (x86)/atollic/truestudio for stm32 9.2.0/armtools/bin/../lib/gcc/arm-atollic-eabi/6.3.1/armv7e-m/fpu/crti.o
 .data          0x00000000        0x4 c:/program files (x86)/atollic/truestudio for stm32 9.2.0/armtools/bin/../lib/gcc/arm-atollic-eabi/6.3.1/armv7e-m/fpu/crtbegin.o
 .text          0x00000000        0x0 Drivers\STM32F3xx_HAL_Driver\Src\stm32f3xx_hal.o
 .data          0x00000000        0x0 Drivers\STM32F3xx_HAL_Driver\Src\stm32f3xx_hal.o
 .bss           0x00000000        0x0 Drivers\STM32F3xx_HAL_Driver\Src\stm32f3xx_hal.o
 .text.HAL_MspInit
                0x00000000        0x2 Drivers\STM32F3xx_HAL_Driver\Src\stm32f3xx_hal.o
 .text.HAL_MspDeInit
                0x00000000        0x2 Drivers\STM32F3xx_HAL_Driver\Src\stm32f3xx_hal.o
 .text.HAL_DeInit
                0x00000000       0x24 Drivers\STM32F3xx_HAL_Driver\Src\stm32f3xx_hal.o
 .text.HAL_GetTickPrio
                0x00000000        0xc Drivers\STM32F3xx_HAL_Driver\Src\stm32f3xx_hal.o
 .text.HAL_SetTickFreq
                0x00000000       0x24 Drivers\STM32F3xx_HAL_Driver\Src\stm32f3xx_hal.o
 .text.HAL_GetTickFreq
                0x00000000        0xc Drivers\STM32F3xx_HAL_Driver\Src\stm32f3xx_hal.o
 .text.HAL_Delay
                0x00000000       0x28 Drivers\STM32F3xx_HAL_Driver\Src\stm32f3xx_hal.o
 .text.HAL_SuspendTick
                0x00000000       0x10 Drivers\STM32F3xx_HAL_Driver\Src\stm32f3xx_hal.o
 .text.HAL_ResumeTick
                0x00000000       0x10 Drivers\STM32F3xx_HAL_Driver\Src\stm32f3xx_hal.o
 .text.HAL_GetHalVersion
                0x00000000        0x8 Drivers\STM32F3xx_HAL_Driver\Src\stm32f3xx_hal.o
 .text.HAL_GetREVID
                0x00000000        0xc Drivers\STM32F3xx_HAL_Driver\Src\stm32f3xx_hal.o
 .text.HAL_GetDEVID
                0x00000000       0x10 Drivers\STM32F3xx_HAL_Driver\Src\stm32f3xx_hal.o
 .text.HAL_GetUIDw0
                0x00000000        0xc Drivers\STM32F3xx_HAL_Driver\Src\stm32f3xx_hal.o
 .text.HAL_GetUIDw1
                0x00000000        0xc Drivers\STM32F3xx_HAL_Driver\Src\stm32f3xx_hal.o
 .text.HAL_GetUIDw2
                0x00000000        0xc Drivers\STM32F3xx_HAL_Driver\Src\stm32f3xx_hal.o
 .text.HAL_DBGMCU_EnableDBGSleepMode
                0x00000000       0x10 Drivers\STM32F3xx_HAL_Driver\Src\stm32f3xx_hal.o
 .text.HAL_DBGMCU_DisableDBGSleepMode
                0x00000000       0x10 Drivers\STM32F3xx_HAL_Driver\Src\stm32f3xx_hal.o
 .text.HAL_DBGMCU_EnableDBGStopMode
[...]
Memory Configuration

Name             Origin             Length             Attributes
RAM              0x20000000         0x0000a000         xrw
CCMRAM           0x10000000         0x00002000         rw
FLASH            0x08000000         0x00040000         xr
*default*        0x00000000         0xffffffff

Linker script and memory map

LOAD c:/program files (x86)/atollic/truestudio for stm32 9.2.0/armtools/bin/../lib/gcc/arm-atollic-eabi/6.3.1/armv7e-m/fpu/crti.o
LOAD c:/program files (x86)/atollic/truestudio for stm32 9.2.0/armtools/bin/../lib/gcc/arm-atollic-eabi/6.3.1/armv7e-m/fpu/crtbegin.o
LOAD Drivers\STM32F3xx_HAL_Driver\Src\stm32f3xx_hal.o
LOAD Drivers\STM32F3xx_HAL_Driver\Src\stm32f3xx_hal_can.o
LOAD Drivers\STM32F3xx_HAL_Driver\Src\stm32f3xx_hal_cortex.o
LOAD Drivers\STM32F3xx_HAL_Driver\Src\stm32f3xx_hal_dma.o
LOAD Drivers\STM32F3xx_HAL_Driver\Src\stm32f3xx_hal_flash.o
LOAD Drivers\STM32F3xx_HAL_Driver\Src\stm32f3xx_hal_flash_ex.o
LOAD Drivers\STM32F3xx_HAL_Driver\Src\stm32f3xx_hal_gpio.o
LOAD Drivers\STM32F3xx_HAL_Driver\Src\stm32f3xx_hal_i2c.o
LOAD Drivers\STM32F3xx_HAL_Driver\Src\stm32f3xx_hal_i2c_ex.o
LOAD Drivers\STM32F3xx_HAL_Driver\Src\stm32f3xx_hal_pwr.o
LOAD Drivers\STM32F3xx_HAL_Driver\Src\stm32f3xx_hal_pwr_ex.o
LOAD Drivers\STM32F3xx_HAL_Driver\Src\stm32f3xx_hal_rcc.o
LOAD Drivers\STM32F3xx_HAL_Driver\Src\stm32f3xx_hal_rcc_ex.o
LOAD Drivers\STM32F3xx_HAL_Driver\Src\stm32f3xx_hal_tim.o
LOAD Drivers\STM32F3xx_HAL_Driver\Src\stm32f3xx_hal_tim_ex.o
LOAD Drivers\STM32F3xx_HAL_Driver\Src\stm32f3xx_hal_uart.o
LOAD Drivers\STM32F3xx_HAL_Driver\Src\stm32f3xx_hal_uart_ex.o
LOAD Src\USBtoCAN.o
LOAD Src\can.o
LOAD Src\gpio.o
LOAD Src\i2c.o
LOAD Src\lcd.o
LOAD Src\main.o
LOAD Src\stm32f3xx_hal_msp.o
LOAD Src\stm32f3xx_it.o
LOAD Src\system_stm32f3xx.o
LOAD Src\usart.o
LOAD startup\startup_stm32f303xc.o
                0x00000080                malloc_getpagesize_P = 0x80
START GROUP
LOAD c:/program files (x86)/atollic/truestudio for stm32 9.2.0/armtools/bin/../lib/gcc/arm-atollic-eabi/6.3.1/../../../../arm-atollic-eabi/lib/armv7e-m/fpu\libc_nano.a
LOAD c:/program files (x86)/atollic/truestudio for stm32 9.2.0/armtools/bin/../lib/gcc/arm-atollic-eabi/6.3.1/../../../../arm-atollic-eabi/lib/armv7e-m/fpu\libm.a
END GROUP
START GROUP
LOAD c:/program files (x86)/atollic/truestudio for stm32 9.2.0/armtools/bin/../lib/gcc/arm-atollic-eabi/6.3.1/armv7e-m/fpu\libgcc.a
LOAD c:/program files (x86)/atollic/truestudio for stm32 9.2.0/armtools/bin/../lib/gcc/arm-atollic-eabi/6.3.1/../../../../arm-atollic-eabi/lib/armv7e-m/fpu\libc_nano.a
END GROUP
START GROUP
LOAD c:/program files (x86)/atollic/truestudio for stm32 9.2.0/armtools/bin/../lib/gcc/arm-atollic-eabi/6.3.1/armv7e-m/fpu\libgcc.a
LOAD c:/program files (x86)/atollic/truestudio for stm32 9.2.0/armtools/bin/../lib/gcc/arm-atollic-eabi/6.3.1/../../../../arm-atollic-eabi/lib/armv7e-m/fpu\libc_nano.a
LOAD c:/program files (x86)/atollic/truestudio for stm32 9.2.0/armtools/bin/../lib/gcc/arm-atollic-eabi/6.3.1/../../../../arm-atollic-eabi/lib/armv7e-m/fpu\libnosys.a
END GROUP
START GROUP
LOAD c:/program files (x86)/atollic/truestudio for stm32 9.2.0/armtools/bin/../lib/gcc/arm-atollic-eabi/6.3.1/armv7e-m/fpu\libgcc.a
LOAD c:/program files (x86)/atollic/truestudio for stm32 9.2.0/armtools/bin/../lib/gcc/arm-atollic-eabi/6.3.1/../../../../arm-atollic-eabi/lib/armv7e-m/fpu\libc_nano.a
LOAD c:/program files (x86)/atollic/truestudio for stm32 9.2.0/armtools/bin/../lib/gcc/arm-atollic-eabi/6.3.1/../../../../arm-atollic-eabi/lib/armv7e-m/fpu\libnosys.a
END GROUP
LOAD c:/program files (x86)/atollic/truestudio for stm32 9.2.0/armtools/bin/../lib/gcc/arm-atollic-eabi/6.3.1/armv7e-m/fpu/crtend.o
LOAD c:/program files (x86)/atollic/truestudio for stm32 9.2.0/armtools/bin/../lib/gcc/arm-atollic-eabi/6.3.1/armv7e-m/fpu/crtn.o
                0x2000a000                _estack = 0x2000a000
                0x00000200                _Min_Heap_Size = 0x200
                0x00000400                _Min_Stack_Size = 0x400

.isr_vector     0x08000000      0x188
                0x08000000                . = ALIGN (0x4)
 *(.isr_vector)
 .isr_vector    0x08000000      0x188 startup\startup_stm32f303xc.o
                0x08000000                g_pfnVectors
                0x08000188                . = ALIGN (0x4)

.text           0x08000188     0x1f58
                0x08000188                . = ALIGN (0x4)
 *(.text)
 .text          0x08000188       0x40 c:/program files (x86)/atollic/truestudio for stm32 9.2.0/armtools/bin/../lib/gcc/arm-atollic-eabi/6.3.1/armv7e-m/fpu/crtbegin.o
 *(.text*)
 .text.HAL_InitTick
                0x080001c8       0x48 Drivers\STM32F3xx_HAL_Driver\Src\stm32f3xx_hal.o
                0x080001c8                HAL_InitTick
 .text.HAL_Init
                0x08000210       0x24 Drivers\STM32F3xx_HAL_Driver\Src\stm32f3xx_hal.o
                0x08000210                HAL_Init
 .text.HAL_IncTick
                0x08000234       0x18 Drivers\STM32F3xx_HAL_Driver\Src\stm32f3xx_hal.o
                0x08000234                HAL_IncTick
 .text.HAL_GetTick
                0x0800024c        0xc Drivers\STM32F3xx_HAL_Driver\Src\stm32f3xx_hal.o
                0x0800024c                HAL_GetTick
 .text.HAL_CAN_Init
                0x08000258       0xf6 Drivers\STM32F3xx_HAL_Driver\Src\stm32f3xx_hal_can.o
                0x08000258                HAL_CAN_Init
 .text.HAL_CAN_ConfigFilter
                0x0800034e       0xd8 Drivers\STM32F3xx_HAL_Driver\Src\stm32f3xx_hal_can.o
                0x0800034e                HAL_CAN_ConfigFilter
 .text.HAL_CAN_Start
                0x08000426       0x56 Drivers\STM32F3xx_HAL_Driver\Src\stm32f3xx_hal_can.o
                0x08000426                HAL_CAN_Start
 .text.HAL_CAN_Stop
                0x0800047c       0x5c Drivers\STM32F3xx_HAL_Driver\Src\stm32f3xx_hal_can.o
                0x0800047c                HAL_CAN_Stop
 .text.HAL_CAN_AddTxMessage
                0x080004d8       0x9a Drivers\STM32F3xx_HAL_Driver\Src\stm32f3xx_hal_can.o
                0x080004d8                HAL_CAN_AddTxMessage
 .text.HAL_CAN_GetRxMessage
                0x08000572       0xec Drivers\STM32F3xx_HAL_Driver\Src\stm32f3xx_hal_can.o
                0x08000572                HAL_CAN_GetRxMessage
 .text.HAL_CAN_ActivateNotification
                0x0800065e       0x22 Drivers\STM32F3xx_HAL_Driver\Src\stm32f3xx_hal_can.o
                0x0800065e                HAL_CAN_ActivateNotification
 .text.HAL_CAN_TxMailbox1CompleteCallback
                0x08000680        0x2 Drivers\STM32F3xx_HAL_Driver\Src\stm32f3xx_hal_can.o
                0x08000680                HAL_CAN_TxMailbox1CompleteCallback
 .text.HAL_CAN_TxMailbox2CompleteCallback
                0x08000682        0x2 Drivers\STM32F3xx_HAL_Driver\Src\stm32f3xx_hal_can.o
                0x08000682                HAL_CAN_TxMailbox2CompleteCallback
 .text.HAL_CAN_TxMailbox0AbortCallback
                0x08000684        0x2 Drivers\STM32F3xx_HAL_Driver\Src\stm32f3xx_hal_can.o
                0x08000684                HAL_CAN_TxMailbox0AbortCallback
 .text.HAL_CAN_TxMailbox1AbortCallback
                0x08000686        0x2 Drivers\STM32F3xx_HAL_Driver\Src\stm32f3xx_hal_can.o
                0x08000686                HAL_CAN_TxMailbox1AbortCallback
 .text.HAL_CAN_TxMailbox2AbortCallback
                0x08000688        0x2 Drivers\STM32F3xx_HAL_Driver\Src\stm32f3xx_hal_can.o
                0x08000688                HAL_CAN_TxMailbox2AbortCallback
 .text.HAL_CAN_RxFifo0FullCallback
                0x0800068a        0x2 Drivers\STM32F3xx_HAL_Driver\Src\stm32f3xx_hal_can.o
                0x0800068a                HAL_CAN_RxFifo0FullCallback
 .text.HAL_CAN_RxFifo1MsgPendingCallback
                0x0800068c        0x2 Drivers\STM32F3xx_HAL_Driver\Src\stm32f3xx_hal_can.o
                0x0800068c                HAL_CAN_RxFifo1MsgPendingCallback
 .text.HAL_CAN_RxFifo1FullCallback
                0x0800068e        0x2 Drivers\STM32F3xx_HAL_Driver\Src\stm32f3xx_hal_can.o
                0x0800068e                HAL_CAN_RxFifo1FullCallback
 .text.HAL_CAN_SleepCallback
                0x08000690        0x2 Drivers\STM32F3xx_HAL_Driver\Src\stm32f3xx_hal_can.o
                0x08000690                HAL_CAN_SleepCallback
 .text.HAL_CAN_WakeUpFromRxMsgCallback
                0x08000692        0x2 Drivers\STM32F3xx_HAL_Driver\Src\stm32f3xx_hal_can.o
                0x08000692                HAL_CAN_WakeUpFromRxMsgCallback
 .text.HAL_CAN_ErrorCallback
                0x08000694        0x2 Drivers\STM32F3xx_HAL_Driver\Src\stm32f3xx_hal_can.o
                0x08000694                HAL_CAN_ErrorCallback
 .text.HAL_CAN_IRQHandler
                0x08000696      0x1fc Drivers\STM32F3xx_HAL_Driver\Src\stm32f3xx_hal_can.o
                0x08000696                HAL_CAN_IRQHandler
 *fill*         0x08000892        0x2 
 .text.HAL_NVIC_SetPriorityGrouping
                0x08000894       0x24 Drivers\STM32F3xx_HAL_Driver\Src\stm32f3xx_hal_cortex.o
                0x08000894                HAL_NVIC_SetPriorityGrouping
 .text.HAL_NVIC_SetPriority
                0x080008b8       0x68 Drivers\STM32F3xx_HAL_Driver\Src\stm32f3xx_hal_cortex.o
                0x080008b8                HAL_NVIC_SetPriority
 .text.HAL_NVIC_EnableIRQ
                0x08000920       0x18 Drivers\STM32F3xx_HAL_Driver\Src\stm32f3xx_hal_cortex.o
                0x08000920                HAL_NVIC_EnableIRQ
 .text.HAL_SYSTICK_Config
                0x08000938       0x2c Drivers\STM32F3xx_HAL_Driver\Src\stm32f3xx_hal_cortex.o
                0x08000938                HAL_SYSTICK_Config
 .text.HAL_GPIO_Init
                0x08000964      0x184 Drivers\STM32F3xx_HAL_Driver\Src\stm32f3xx_hal_gpio.o
                0x08000964                HAL_GPIO_Init
 .text.HAL_I2C_Init
                0x08000ae8       0xa2 Drivers\STM32F3xx_HAL_Driver\Src\stm32f3xx_hal_i2c.o
                0x08000ae8                HAL_I2C_Init
 .text.HAL_I2CEx_ConfigAnalogFilter
                0x08000b8a       0x4c Drivers\STM32F3xx_HAL_Driver\Src\stm32f3xx_hal_i2c_ex.o
                0x08000b8a                HAL_I2CEx_ConfigAnalogFilter
 .text.HAL_I2CEx_ConfigDigitalFilter
                0x08000bd6       0x4a Drivers\STM32F3xx_HAL_Driver\Src\stm32f3xx_hal_i2c_ex.o
                0x08000bd6                HAL_I2CEx_ConfigDigitalFilter
 .text.HAL_RCC_OscConfig
                0x08000c20      0x4ec Drivers\STM32F3xx_HAL_Driver\Src\stm32f3xx_hal_rcc.o
                0x08000c20                HAL_RCC_OscConfig
 .text.HAL_RCC_GetSysClockFreq
                0x0800110c       0x64 Drivers\STM32F3xx_HAL_Driver\Src\stm32f3xx_hal_rcc.o
                0x0800110c                HAL_RCC_GetSysClockFreq
 .text.HAL_RCC_ClockConfig
                0x08001170      0x154 Drivers\STM32F3xx_HAL_Driver\Src\stm32f3xx_hal_rcc.o
                0x08001170                HAL_RCC_ClockConfig
 .text.HAL_RCC_GetPCLK1Freq
                0x080012c4       0x30 Drivers\STM32F3xx_HAL_Driver\Src\stm32f3xx_hal_rcc.o
                0x080012c4                HAL_RCC_GetPCLK1Freq
 .text.HAL_RCC_GetPCLK2Freq
                0x080012f4       0x30 Drivers\STM32F3xx_HAL_Driver\Src\stm32f3xx_hal_rcc.o
                0x080012f4                HAL_RCC_GetPCLK2Freq
 .text.HAL_RCCEx_PeriphCLKConfig
                0x08001324      0x20c Drivers\STM32F3xx_HAL_Driver\Src\stm32f3xx_hal_rcc_ex.o
                0x08001324                HAL_RCCEx_PeriphCLKConfig
 .text.UART_SetConfig
                0x08001530      0x210 Drivers\STM32F3xx_HAL_Driver\Src\stm32f3xx_hal_uart.o
                0x08001530                UART_SetConfig
 .text.UART_AdvFeatureConfig
                0x08001740       0xa8 Drivers\STM32F3xx_HAL_Driver\Src\stm32f3xx_hal_uart.o
                0x08001740                UART_AdvFeatureConfig
 .text.UART_WaitOnFlagUntilTimeout
                0x080017e8       0x62 Drivers\STM32F3xx_HAL_Driver\Src\stm32f3xx_hal_uart.o
                0x080017e8                UART_WaitOnFlagUntilTimeout
 .text.HAL_UART_Transmit
                0x0800184a       0xb2 Drivers\STM32F3xx_HAL_Driver\Src\stm32f3xx_hal_uart.o
                0x0800184a                HAL_UART_Transmit
 .text.HAL_UART_Receive
                0x080018fc       0xd0 Drivers\STM32F3xx_HAL_Driver\Src\stm32f3xx_hal_uart.o
                0x080018fc                HAL_UART_Receive
 .text.UART_CheckIdleState
                0x080019cc       0x64 Drivers\STM32F3xx_HAL_Driver\Src\stm32f3xx_hal_uart.o
                0x080019cc                UART_CheckIdleState
 .text.HAL_UART_Init
                0x08001a30       0x64 Drivers\STM32F3xx_HAL_Driver\Src\stm32f3xx_hal_uart.o
                0x08001a30                HAL_UART_Init
 .text.CANreceive
                0x08001a94       0x2c Src\USBtoCAN.o
                0x08001a94                CANreceive
 .text.USBsend  0x08001ac0       0x18 Src\USBtoCAN.o
                0x08001ac0                USBsend
 .text.USBreceive
                0x08001ad8       0x14 Src\USBtoCAN.o
                0x08001ad8                USBreceive
 .text.CANsend  0x08001aec       0x1c Src\USBtoCAN.o
                0x08001aec                CANsend
 .text.InitUSBtoCAN
                0x08001b08       0x38 Src\USBtoCAN.o
                0x08001b08                InitUSBtoCAN
 .text.MX_CAN_Init
                0x08001b40       0x44 Src\can.o
                0x08001b40                MX_CAN_Init
 .text.HAL_CAN_MspInit
                0x08001b84       0x84 Src\can.o
                0x08001b84                HAL_CAN_MspInit
 .text.canSetup
                0x08001c08       0x7c Src\can.o
                0x08001c08                canSetup
 .text.HAL_CAN_TxMailbox0CompleteCallback
                0x08001c84        0x4 Src\can.o
                0x08001c84                HAL_CAN_TxMailbox0CompleteCallback
 .text.HAL_CAN_RxFifo0MsgPendingCallback
                0x08001c88       0x24 Src\can.o
                0x08001c88                HAL_CAN_RxFifo0MsgPendingCallback
 .text.MX_GPIO_Init
                0x08001cac       0x44 Src\gpio.o
                0x08001cac                MX_GPIO_Init
 .text.MX_I2C1_Init
                0x08001cf0       0x58 Src\i2c.o
                0x08001cf0                MX_I2C1_Init
 .text.HAL_I2C_MspInit
                0x08001d48       0x6c Src\i2c.o
                0x08001d48                HAL_I2C_MspInit
 .text.SystemClock_Config
                0x08001db4       0x6a Src\main.o
                0x08001db4                SystemClock_Config
 *fill*         0x08001e1e        0x2 
 .text.startup.main
                0x08001e20       0x68 Src\main.o
                0x08001e20                main
 .text.Error_Handler
                0x08001e88        0x2 Src\main.o
                0x08001e88                Error_Handler
 *fill*         0x08001e8a        0x2 
 .text.HAL_MspInit
                0x08001e8c       0x30 Src\stm32f3xx_hal_msp.o
                0x08001e8c                HAL_MspInit
 .text.NMI_Handler
                0x08001ebc        0x2 Src\stm32f3xx_it.o
                0x08001ebc                NMI_Handler
 .text.HardFault_Handler
                0x08001ebe        0x2 Src\stm32f3xx_it.o
                0x08001ebe                HardFault_Handler
 .text.MemManage_Handler
                0x08001ec0        0x2 Src\stm32f3xx_it.o
                0x08001ec0                MemManage_Handler
 .text.BusFault_Handler
                0x08001ec2        0x2 Src\stm32f3xx_it.o
                0x08001ec2                BusFault_Handler
 .text.UsageFault_Handler
                0x08001ec4        0x2 Src\stm32f3xx_it.o
                0x08001ec4                UsageFault_Handler
 .text.SVC_Handler
                0x08001ec6        0x2 Src\stm32f3xx_it.o
                0x08001ec6                SVC_Handler
 .text.DebugMon_Handler
                0x08001ec8        0x2 Src\stm32f3xx_it.o
                0x08001ec8                DebugMon_Handler
 .text.PendSV_Handler
                0x08001eca        0x2 Src\stm32f3xx_it.o
                0x08001eca                PendSV_Handler
 .text.SysTick_Handler
                0x08001ecc        0x4 Src\stm32f3xx_it.o
                0x08001ecc                SysTick_Handler
 .text.USB_LP_CAN_RX0_IRQHandler
                0x08001ed0        0xc Src\stm32f3xx_it.o
                0x08001ed0                USB_LP_CAN_RX0_IRQHandler
 .text.USB_HP_CAN_TX_IRQHandler
                0x08001edc        0x4 Src\stm32f3xx_it.o
                0x08001edc                USB_HP_CAN_TX_IRQHandler
 .text.SystemInit
                0x08001ee0       0x68 Src\system_stm32f3xx.o
                0x08001ee0                SystemInit
 .text.MX_USART3_UART_Init
                0x08001f48       0x40 Src\usart.o
                0x08001f48                MX_USART3_UART_Init
 .text.HAL_UART_MspInit
                0x08001f88       0x94 Src\usart.o
                0x08001f88                HAL_UART_MspInit
 .text.Reset_Handler
                0x0800201c       0x50 startup\startup_stm32f303xc.o
                0x0800201c                Reset_Handler
 .text.Default_Handler
                0x0800206c        0x2 startup\startup_stm32f303xc.o
                0x0800206c                RTC_Alarm_IRQHandler
                0x0800206c                TIM8_TRG_COM_IRQHandler
                0x0800206c                TIM8_CC_IRQHandler
                0x0800206c                TIM1_CC_IRQHandler
                0x0800206c                USB_HP_IRQHandler
                0x0800206c                PVD_IRQHandler
                0x0800206c                TAMP_STAMP_IRQHandler
                0x0800206c                EXTI3_IRQHandler
                0x0800206c                EXTI0_IRQHandler
                0x0800206c                I2C2_EV_IRQHandler
                0x0800206c                FPU_IRQHandler
                0x0800206c                TIM1_UP_TIM16_IRQHandler
                0x0800206c                ADC1_2_IRQHandler
                0x0800206c                SPI1_IRQHandler
                0x0800206c                CAN_SCE_IRQHandler
                0x0800206c                TIM6_DAC_IRQHandler
                0x0800206c                TIM8_UP_IRQHandler
                0x0800206c                DMA2_Channel2_IRQHandler
                0x0800206c                DMA1_Channel4_IRQHandler
                0x0800206c                USART3_IRQHandler
                0x0800206c                DMA1_Channel7_IRQHandler
                0x0800206c                UART5_IRQHandler
                0x0800206c                ADC3_IRQHandler
                0x0800206c                TIM4_IRQHandler
                0x0800206c                CAN_RX1_IRQHandler
                0x0800206c                DMA2_Channel1_IRQHandler
                0x0800206c                I2C1_EV_IRQHandler
                0x0800206c                DMA1_Channel6_IRQHandler
                0x0800206c                UART4_IRQHandler
                0x0800206c                DMA2_Channel4_IRQHandler
                0x0800206c                TIM3_IRQHandler
                0x0800206c                RCC_IRQHandler
                0x0800206c                DMA1_Channel1_IRQHandler
                0x0800206c                Default_Handler
                0x0800206c                USBWakeUp_RMP_IRQHandler
                0x0800206c                EXTI15_10_IRQHandler
                0x0800206c                TIM7_IRQHandler
                0x0800206c                EXTI9_5_IRQHandler
                0x0800206c                RTC_WKUP_IRQHandler
                0x0800206c                SPI2_IRQHandler
                0x0800206c                DMA2_Channel5_IRQHandler
                0x0800206c                DMA1_Channel5_IRQHandler
                0x0800206c                USB_LP_IRQHandler
                0x0800206c                EXTI4_IRQHandler
                0x0800206c                TIM1_TRG_COM_TIM17_IRQHandler
                0x0800206c                DMA1_Channel3_IRQHandler
                0x0800206c                ADC4_IRQHandler
                0x0800206c                WWDG_IRQHandler
                0x0800206c                TIM2_IRQHandler
                0x0800206c                COMP7_IRQHandler
                0x0800206c                COMP1_2_3_IRQHandler
                0x0800206c                EXTI1_IRQHandler
                0x0800206c                USART2_IRQHandler
                0x0800206c                COMP4_5_6_IRQHandler
                0x0800206c                I2C2_ER_IRQHandler
                0x0800206c                DMA1_Channel2_IRQHandler
                0x0800206c                TIM8_BRK_IRQHandler
                0x0800206c                FLASH_IRQHandler
                0x0800206c                USART1_IRQHandler
                0x0800206c                SPI3_IRQHandler
                0x0800206c                I2C1_ER_IRQHandler
                0x0800206c                USBWakeUp_IRQHandler
                0x0800206c                DMA2_Channel3_IRQHandler
                0x0800206c                EXTI2_TSC_IRQHandler
                0x0800206c                TIM1_BRK_TIM15_IRQHandler
 *fill*         0x0800206e        0x2 
 .text.__libc_init_array
                0x08002070       0x48 c:/program files (x86)/atollic/truestudio for stm32 9.2.0/armtools/bin/../lib/gcc/arm-atollic-eabi/6.3.1/../../../../arm-atollic-eabi/lib/armv7e-m/fpu\libc_nano.a(lib_a-init.o)
                0x08002070                __libc_init_array
 .text.memset   0x080020b8       0x10 c:/program files (x86)/atollic/truestudio for stm32 9.2.0/armtools/bin/../lib/gcc/arm-atollic-eabi/6.3.1/../../../../arm-atollic-eabi/lib/armv7e-m/fpu\libc_nano.a(lib_a-memset.o)
                0x080020b8                memset
 *(.glue_7)
 .glue_7        0x080020c8        0x0 linker stubs
 *(.glue_7t)
 .glue_7t       0x080020c8        0x0 linker stubs
 *(.eh_frame)
 .eh_frame      0x080020c8        0x0 c:/program files (x86)/atollic/truestudio for stm32 9.2.0/armtools/bin/../lib/gcc/arm-atollic-eabi/6.3.1/armv7e-m/fpu/crtbegin.o
 *(.init)
 .init          0x080020c8        0x4 c:/program files (x86)/atollic/truestudio for stm32 9.2.0/armtools/bin/../lib/gcc/arm-atollic-eabi/6.3.1/armv7e-m/fpu/crti.o
                0x080020c8                _init
 .init          0x080020cc        0x8 c:/program files (x86)/atollic/truestudio for stm32 9.2.0/armtools/bin/../lib/gcc/arm-atollic-eabi/6.3.1/armv7e-m/fpu/crtn.o
 *(.fini)
 .fini          0x080020d4        0x4 c:/program files (x86)/atollic/truestudio for stm32 9.2.0/armtools/bin/../lib/gcc/arm-atollic-eabi/6.3.1/armv7e-m/fpu/crti.o
                0x080020d4                _fini
 .fini          0x080020d8        0x8 c:/program files (x86)/atollic/truestudio for stm32 9.2.0/armtools/bin/../lib/gcc/arm-atollic-eabi/6.3.1/armv7e-m/fpu/crtn.o
                0x080020e0                . = ALIGN (0x4)
                0x080020e0                _etext = .

.vfp11_veneer   0x080020e0        0x0
 .vfp11_veneer  0x080020e0        0x0 linker stubs

.v4_bx          0x080020e0        0x0
 .v4_bx         0x080020e0        0x0 linker stubs

.iplt           0x080020e0        0x0
 .iplt          0x080020e0        0x0 c:/program files (x86)/atollic/truestudio for stm32 9.2.0/armtools/bin/../lib/gcc/arm-atollic-eabi/6.3.1/armv7e-m/fpu/crtbegin.o

.rodata         0x080020e0       0x3c
                0x080020e0                . = ALIGN (0x4)
 *(.rodata)
 *(.rodata*)
 .rodata.aPLLMULFactorTable
                0x080020e0       0x10 Drivers\STM32F3xx_HAL_Driver\Src\stm32f3xx_hal_rcc.o
                0x080020e0                aPLLMULFactorTable
 .rodata.aPredivFactorTable
                0x080020f0       0x10 Drivers\STM32F3xx_HAL_Driver\Src\stm32f3xx_hal_rcc.o
                0x080020f0                aPredivFactorTable
 .rodata.CSWTCH.45
                0x08002100        0x4 Drivers\STM32F3xx_HAL_Driver\Src\stm32f3xx_hal_uart.o
 .rodata.AHBPrescTable
                0x08002104       0x10 Src\system_stm32f3xx.o
                0x08002104                AHBPrescTable
 .rodata.APBPrescTable
                0x08002114        0x8 Src\system_stm32f3xx.o
                0x08002114                APBPrescTable
                0x0800211c                . = ALIGN (0x4)

.rel.dyn        0x0800211c        0x0
 .rel.iplt      0x0800211c        0x0 c:/program files (x86)/atollic/truestudio for stm32 9.2.0/armtools/bin/../lib/gcc/arm-atollic-eabi/6.3.1/armv7e-m/fpu/crtbegin.o

.ARM.extab
 *(.ARM.extab* .gnu.linkonce.armextab.*)

.ARM            0x0800211c        0x0
                0x0800211c                __exidx_start = .
 *(.ARM.exidx*)
                0x0800211c                __exidx_end = .

.preinit_array  0x0800211c        0x0
                0x0800211c                PROVIDE (__preinit_array_start, .)
 *(.preinit_array*)
                0x0800211c                PROVIDE (__preinit_array_end, .)

.init_array     0x0800211c        0x4
                0x0800211c                PROVIDE (__init_array_start, .)
 *(SORT(.init_array.*))
 *(.init_array*)
 .init_array    0x0800211c        0x4 c:/program files (x86)/atollic/truestudio for stm32 9.2.0/armtools/bin/../lib/gcc/arm-atollic-eabi/6.3.1/armv7e-m/fpu/crtbegin.o
                0x08002120                PROVIDE (__init_array_end, .)

.fini_array     0x08002120        0x4
                [!provide]                PROVIDE (__fini_array_start, .)
 *(SORT(.fini_array.*))
 *(.fini_array*)
 .fini_array    0x08002120        0x4 c:/program files (x86)/atollic/truestudio for stm32 9.2.0/armtools/bin/../lib/gcc/arm-atollic-eabi/6.3.1/armv7e-m/fpu/crtbegin.o
                [!provide]                PROVIDE (__fini_array_end, .)
                0x08002124                _sidata = LOADADDR (.data)

.data           0x20000000        0xc load address 0x08002124
                0x20000000                . = ALIGN (0x4)
                0x20000000                _sdata = .
 *(.data)
 *(.data*)
 .data.uwTickFreq
                0x20000000        0x1 Drivers\STM32F3xx_HAL_Driver\Src\stm32f3xx_hal.o
                0x20000000                uwTickFreq
 *fill*         0x20000001        0x3 
 .data.uwTickPrio
                0x20000004        0x4 Drivers\STM32F3xx_HAL_Driver\Src\stm32f3xx_hal.o
                0x20000004                uwTickPrio
 .data.SystemCoreClock
                0x20000008        0x4 Src\system_stm32f3xx.o
                0x20000008                SystemCoreClock
                0x2000000c                . = ALIGN (0x4)
                0x2000000c                _edata = .
                0x08002130                _siccmram = LOADADDR (.ccmram)

.igot.plt       0x2000000c        0x0 load address 0x08002130
 .igot.plt      0x2000000c        0x0 c:/program files (x86)/atollic/truestudio for stm32 9.2.0/armtools/bin/../lib/gcc/arm-atollic-eabi/6.3.1/armv7e-m/fpu/crtbegin.o

.ccmram         0x10000000        0x0 load address 0x08002130
                0x10000000                . = ALIGN (0x4)
                0x10000000                _sccmram = .
 *(.ccmram)
 *(.ccmram*)
                0x10000000                . = ALIGN (0x4)
                0x10000000                _eccmram = .
                0x10000000                . = ALIGN (0x4)

.bss            0x2000000c      0x2a4
                0x2000000c                _sbss = .
                0x2000000c                __bss_start__ = _sbss
 *(.bss)
 .bss           0x2000000c       0x1c c:/program files (x86)/atollic/truestudio for stm32 9.2.0/armtools/bin/../lib/gcc/arm-atollic-eabi/6.3.1/armv7e-m/fpu/crtbegin.o
 *(.bss*)
 *(COMMON)
 COMMON         0x20000028        0x4 Drivers\STM32F3xx_HAL_Driver\Src\stm32f3xx_hal.o
                0x20000028                uwTick
 COMMON         0x2000002c      0x12c Src\USBtoCAN.o
                0x2000002c                sensorsBuffer
                0x20000034                USBtoCAN
                0x20000150                moboBuffer
 COMMON         0x20000158       0x9c Src\can.o
                0x20000158                sFilterConfig
                0x20000180                hcan
                0x200001a8                test
                0x200001a9                TxData
                0x200001b4                TxMailbox
                0x200001b8                RxData
                0x200001c0                TxHeader
                0x200001d8                RxHeader
 COMMON         0x200001f4       0x4c Src\i2c.o
                0x200001f4                hi2c1
 COMMON         0x20000240       0x70 Src\usart.o
                0x20000240                huart3
                0x200002b0                . = ALIGN (0x4)
                0x200002b0                _ebss = .
                0x200002b0                __bss_end__ = _ebss

._user_heap_stack
                0x200002b0      0x600
                0x200002b0                . = ALIGN (0x4)
                [!provide]                PROVIDE (end, .)
                [!provide]                PROVIDE (_end, .)
                0x200004b0                . = (. + _Min_Heap_Size)
 *fill*         0x200002b0      0x200 
                0x200008b0                . = (. + _Min_Stack_Size)
 *fill*         0x200004b0      0x400 
                0x200008b0                . = ALIGN (0x4)

/DISCARD/
 libc.a(*)
 libm.a(*)
 libgcc.a(*)

.ARM.attributes
                0x00000000       0x30
 *(.ARM.attributes)
 .ARM.attributes
                0x00000000       0x22 c:/program files (x86)/atollic/truestudio for stm32 9.2.0/armtools/bin/../lib/gcc/arm-atollic-eabi/6.3.1/armv7e-m/fpu/crti.o
 .ARM.attributes
                0x00000022       0x34 c:/program files (x86)/atollic/truestudio for stm32 9.2.0/armtools/bin/../lib/gcc/arm-atollic-eabi/6.3.1/armv7e-m/fpu/crtbegin.o
 .ARM.attributes
                0x00000056       0x39 Drivers\STM32F3xx_HAL_Driver\Src\stm32f3xx_hal.o
 .ARM.attributes
                0x0000008f       0x39 Drivers\STM32F3xx_HAL_Driver\Src\stm32f3xx_hal_can.o
 .ARM.attributes
                0x000000c8       0x39 Drivers\STM32F3xx_HAL_Driver\Src\stm32f3xx_hal_cortex.o
 .ARM.attributes
                0x00000101       0x39 Drivers\STM32F3xx_HAL_Driver\Src\stm32f3xx_hal_gpio.o
 .ARM.attributes
                0x0000013a       0x39 Drivers\STM32F3xx_HAL_Driver\Src\stm32f3xx_hal_i2c.o
 .ARM.attributes
                0x00000173       0x39 Drivers\STM32F3xx_HAL_Driver\Src\stm32f3xx_hal_i2c_ex.o
 .ARM.attributes
                0x000001ac       0x39 Drivers\STM32F3xx_HAL_Driver\Src\stm32f3xx_hal_rcc.o
 .ARM.attributes
                0x000001e5       0x39 Drivers\STM32F3xx_HAL_Driver\Src\stm32f3xx_hal_rcc_ex.o
 .ARM.attributes
                0x0000021e       0x39 Drivers\STM32F3xx_HAL_Driver\Src\stm32f3xx_hal_uart.o
 .ARM.attributes
                0x00000257       0x39 Src\USBtoCAN.o
 .ARM.attributes
                0x00000290       0x39 Src\can.o
 .ARM.attributes
                0x000002c9       0x39 Src\gpio.o
 .ARM.attributes
                0x00000302       0x39 Src\i2c.o
 .ARM.attributes
                0x0000033b       0x39 Src\main.o
 .ARM.attributes
                0x00000374       0x39 Src\stm32f3xx_hal_msp.o
 .ARM.attributes
                0x000003ad       0x39 Src\stm32f3xx_it.o
 .ARM.attributes
                0x000003e6       0x39 Src\system_stm32f3xx.o
 .ARM.attributes
                0x0000041f       0x39 Src\usart.o
 .ARM.attributes
                0x00000458       0x21 startup\startup_stm32f303xc.o
 .ARM.attributes
                0x00000479       0x34 c:/program files (x86)/atollic/truestudio for stm32 9.2.0/armtools/bin/../lib/gcc/arm-atollic-eabi/6.3.1/../../../../arm-atollic-eabi/lib/armv7e-m/fpu\libc_nano.a(lib_a-init.o)
 .ARM.attributes
                0x000004ad       0x34 c:/program files (x86)/atollic/truestudio for stm32 9.2.0/armtools/bin/../lib/gcc/arm-atollic-eabi/6.3.1/../../../../arm-atollic-eabi/lib/armv7e-m/fpu\libc_nano.a(lib_a-memset.o)
 .ARM.attributes
                0x000004e1       0x22 c:/program files (x86)/atollic/truestudio for stm32 9.2.0/armtools/bin/../lib/gcc/arm-atollic-eabi/6.3.1/armv7e-m/fpu/crtn.o
OUTPUT(F3.elf elf32-littlearm)

.debug_info     0x00000000    0x18414
 .debug_info    0x00000000     0x10b4 Drivers\STM32F3xx_HAL_Driver\Src\stm32f3xx_hal.o
 .debug_info    0x000010b4     0x1913 Drivers\STM32F3xx_HAL_Driver\Src\stm32f3xx_hal_can.o
 .debug_info    0x000029c7     0x1702 Drivers\STM32F3xx_HAL_Driver\Src\stm32f3xx_hal_cortex.o
 .debug_info    0x000040c9      0xf36 Drivers\STM32F3xx_HAL_Driver\Src\stm32f3xx_hal_gpio.o
 .debug_info    0x00004fff     0x3965 Drivers\STM32F3xx_HAL_Driver\Src\stm32f3xx_hal_i2c.o
 .debug_info    0x00008964     0x10ec Drivers\STM32F3xx_HAL_Driver\Src\stm32f3xx_hal_i2c_ex.o
 .debug_info    0x00009a50     0x1bc7 Drivers\STM32F3xx_HAL_Driver\Src\stm32f3xx_hal_rcc.o
 .debug_info    0x0000b617      0xf4c Drivers\STM32F3xx_HAL_Driver\Src\stm32f3xx_hal_rcc_ex.o
 .debug_info    0x0000c563     0x2275 Drivers\STM32F3xx_HAL_Driver\Src\stm32f3xx_hal_uart.o
 .debug_info    0x0000e7d8     0x16c7 Src\USBtoCAN.o
 .debug_info    0x0000fe9f     0x1659 Src\can.o
 .debug_info    0x000114f8      0xaab Src\gpio.o
 .debug_info    0x00011fa3     0x120e Src\i2c.o
 .debug_info    0x000131b1     0x1a73 Src\main.o
 .debug_info    0x00014c24      0xa8f Src\stm32f3xx_hal_msp.o
 .debug_info    0x000156b3      0xe0b Src\stm32f3xx_it.o
 .debug_info    0x000164be      0xc74 Src\system_stm32f3xx.o
 .debug_info    0x00017132     0x123f Src\usart.o
 .debug_info    0x00018371       0xa3 startup\startup_stm32f303xc.o

.debug_abbrev   0x00000000     0x30f3
 .debug_abbrev  0x00000000      0x2f5 Drivers\STM32F3xx_HAL_Driver\Src\stm32f3xx_hal.o
 .debug_abbrev  0x000002f5      0x36a Drivers\STM32F3xx_HAL_Driver\Src\stm32f3xx_hal_can.o
 .debug_abbrev  0x0000065f      0x37d Drivers\STM32F3xx_HAL_Driver\Src\stm32f3xx_hal_cortex.o
 .debug_abbrev  0x000009dc      0x268 Drivers\STM32F3xx_HAL_Driver\Src\stm32f3xx_hal_gpio.o
 .debug_abbrev  0x00000c44      0x3b8 Drivers\STM32F3xx_HAL_Driver\Src\stm32f3xx_hal_i2c.o
 .debug_abbrev  0x00000ffc      0x218 Drivers\STM32F3xx_HAL_Driver\Src\stm32f3xx_hal_i2c_ex.o
 .debug_abbrev  0x00001214      0x358 Drivers\STM32F3xx_HAL_Driver\Src\stm32f3xx_hal_rcc.o
 .debug_abbrev  0x0000156c      0x329 Drivers\STM32F3xx_HAL_Driver\Src\stm32f3xx_hal_rcc_ex.o
 .debug_abbrev  0x00001895      0x384 Drivers\STM32F3xx_HAL_Driver\Src\stm32f3xx_hal_uart.o
 .debug_abbrev  0x00001c19      0x340 Src\USBtoCAN.o
 .debug_abbrev  0x00001f59      0x2ac Src\can.o
 .debug_abbrev  0x00002205      0x1c9 Src\gpio.o
 .debug_abbrev  0x000023ce      0x258 Src\i2c.o
 .debug_abbrev  0x00002626      0x2aa Src\main.o
 .debug_abbrev  0x000028d0      0x1be Src\stm32f3xx_hal_msp.o
 .debug_abbrev  0x00002a8e      0x224 Src\stm32f3xx_it.o
 .debug_abbrev  0x00002cb2      0x1e2 Src\system_stm32f3xx.o
 .debug_abbrev  0x00002e94      0x24d Src\usart.o
 .debug_abbrev  0x000030e1       0x12 startup\startup_stm32f303xc.o

.debug_loc      0x00000000     0x6c88
 .debug_loc     0x00000000      0x11b Drivers\STM32F3xx_HAL_Driver\Src\stm32f3xx_hal.o
 .debug_loc     0x0000011b      0xa88 Drivers\STM32F3xx_HAL_Driver\Src\stm32f3xx_hal_can.o
 .debug_loc     0x00000ba3      0x4fb Drivers\STM32F3xx_HAL_Driver\Src\stm32f3xx_hal_cortex.o
 .debug_loc     0x0000109e      0x2b9 Drivers\STM32F3xx_HAL_Driver\Src\stm32f3xx_hal_gpio.o
 .debug_loc     0x00001357     0x30e5 Drivers\STM32F3xx_HAL_Driver\Src\stm32f3xx_hal_i2c.o
 .debug_loc     0x0000443c      0x1b8 Drivers\STM32F3xx_HAL_Driver\Src\stm32f3xx_hal_i2c_ex.o
 .debug_loc     0x000045f4      0x8df Drivers\STM32F3xx_HAL_Driver\Src\stm32f3xx_hal_rcc.o
 .debug_loc     0x00004ed3      0x666 Drivers\STM32F3xx_HAL_Driver\Src\stm32f3xx_hal_rcc_ex.o
 .debug_loc     0x00005539     0x1431 Drivers\STM32F3xx_HAL_Driver\Src\stm32f3xx_hal_uart.o
 .debug_loc     0x0000696a       0xd1 Src\USBtoCAN.o
 .debug_loc     0x00006a3b       0xbb Src\can.o
 .debug_loc     0x00006af6       0x58 Src\i2c.o
 .debug_loc     0x00006b4e       0xe2 Src\system_stm32f3xx.o
 .debug_loc     0x00006c30       0x58 Src\usart.o

.debug_aranges  0x00000000      0x970
 .debug_aranges
                0x00000000       0xd8 Drivers\STM32F3xx_HAL_Driver\Src\stm32f3xx_hal.o
 .debug_aranges
                0x000000d8       0xc8 Drivers\STM32F3xx_HAL_Driver\Src\stm32f3xx_hal_can.o
 .debug_aranges
                0x000001a0       0xa8 Drivers\STM32F3xx_HAL_Driver\Src\stm32f3xx_hal_cortex.o
 .debug_aranges
                0x00000248       0x58 Drivers\STM32F3xx_HAL_Driver\Src\stm32f3xx_hal_gpio.o
 .debug_aranges
                0x000002a0      0x200 Drivers\STM32F3xx_HAL_Driver\Src\stm32f3xx_hal_i2c.o
 .debug_aranges
                0x000004a0       0x48 Drivers\STM32F3xx_HAL_Driver\Src\stm32f3xx_hal_i2c_ex.o
 .debug_aranges
                0x000004e8       0x88 Drivers\STM32F3xx_HAL_Driver\Src\stm32f3xx_hal_rcc.o
 .debug_aranges
                0x00000570       0x38 Drivers\STM32F3xx_HAL_Driver\Src\stm32f3xx_hal_rcc_ex.o
 .debug_aranges
                0x000005a8      0x1a0 Drivers\STM32F3xx_HAL_Driver\Src\stm32f3xx_hal_uart.o
 .debug_aranges
                0x00000748       0x70 Src\USBtoCAN.o
 .debug_aranges
                0x000007b8       0x48 Src\can.o
 .debug_aranges
                0x00000800       0x20 Src\gpio.o
 .debug_aranges
                0x00000820       0x30 Src\i2c.o
 .debug_aranges
                0x00000850       0x30 Src\main.o
 .debug_aranges
                0x00000880       0x20 Src\stm32f3xx_hal_msp.o
 .debug_aranges
                0x000008a0       0x50 Src\stm32f3xx_it.o
 .debug_aranges
                0x000008f0       0x28 Src\system_stm32f3xx.o
 .debug_aranges
                0x00000918       0x30 Src\usart.o
 .debug_aranges
                0x00000948       0x28 startup\startup_stm32f303xc.o

.debug_ranges   0x00000000      0xc58
 .debug_ranges  0x00000000       0xc8 Drivers\STM32F3xx_HAL_Driver\Src\stm32f3xx_hal.o
 .debug_ranges  0x000000c8       0xb8 Drivers\STM32F3xx_HAL_Driver\Src\stm32f3xx_hal_can.o
 .debug_ranges  0x00000180      0x138 Drivers\STM32F3xx_HAL_Driver\Src\stm32f3xx_hal_cortex.o
 .debug_ranges  0x000002b8       0x68 Drivers\STM32F3xx_HAL_Driver\Src\stm32f3xx_hal_gpio.o
 .debug_ranges  0x00000320      0x268 Drivers\STM32F3xx_HAL_Driver\Src\stm32f3xx_hal_i2c.o
 .debug_ranges  0x00000588       0x68 Drivers\STM32F3xx_HAL_Driver\Src\stm32f3xx_hal_i2c_ex.o
 .debug_ranges  0x000005f0      0x1d8 Drivers\STM32F3xx_HAL_Driver\Src\stm32f3xx_hal_rcc.o
 .debug_ranges  0x000007c8       0x90 Drivers\STM32F3xx_HAL_Driver\Src\stm32f3xx_hal_rcc_ex.o
 .debug_ranges  0x00000858      0x190 Drivers\STM32F3xx_HAL_Driver\Src\stm32f3xx_hal_uart.o
 .debug_ranges  0x000009e8       0xa8 Src\USBtoCAN.o
 .debug_ranges  0x00000a90       0x50 Src\can.o
 .debug_ranges  0x00000ae0       0x28 Src\gpio.o
 .debug_ranges  0x00000b08       0x38 Src\i2c.o
 .debug_ranges  0x00000b40       0x20 Src\main.o
 .debug_ranges  0x00000b60       0x28 Src\stm32f3xx_hal_msp.o
 .debug_ranges  0x00000b88       0x40 Src\stm32f3xx_it.o
 .debug_ranges  0x00000bc8       0x18 Src\system_stm32f3xx.o
 .debug_ranges  0x00000be0       0x58 Src\usart.o
 .debug_ranges  0x00000c38       0x20 startup\startup_stm32f303xc.o

.debug_line     0x00000000     0x6611
 .debug_line    0x00000000      0x47d Drivers\STM32F3xx_HAL_Driver\Src\stm32f3xx_hal.o
 .debug_line    0x0000047d      0x685 Drivers\STM32F3xx_HAL_Driver\Src\stm32f3xx_hal_can.o
 .debug_line    0x00000b02      0x4db Drivers\STM32F3xx_HAL_Driver\Src\stm32f3xx_hal_cortex.o
 .debug_line    0x00000fdd      0x46f Drivers\STM32F3xx_HAL_Driver\Src\stm32f3xx_hal_gpio.o
 .debug_line    0x0000144c     0x15c0 Drivers\STM32F3xx_HAL_Driver\Src\stm32f3xx_hal_i2c.o
 .debug_line    0x00002a0c      0x404 Drivers\STM32F3xx_HAL_Driver\Src\stm32f3xx_hal_i2c_ex.o
 .debug_line    0x00002e10      0x86c Drivers\STM32F3xx_HAL_Driver\Src\stm32f3xx_hal_rcc.o
 .debug_line    0x0000367c      0x53c Drivers\STM32F3xx_HAL_Driver\Src\stm32f3xx_hal_rcc_ex.o
 .debug_line    0x00003bb8      0xd45 Drivers\STM32F3xx_HAL_Driver\Src\stm32f3xx_hal_uart.o
 .debug_line    0x000048fd      0x406 Src\USBtoCAN.o
 .debug_line    0x00004d03      0x39d Src\can.o
 .debug_line    0x000050a0      0x271 Src\gpio.o
 .debug_line    0x00005311      0x346 Src\i2c.o
 .debug_line    0x00005657      0x3be Src\main.o
 .debug_line    0x00005a15      0x27e Src\stm32f3xx_hal_msp.o
 .debug_line    0x00005c93      0x2fc Src\stm32f3xx_it.o
 .debug_line    0x00005f8f      0x2b7 Src\system_stm32f3xx.o
 .debug_line    0x00006246      0x34c Src\usart.o
 .debug_line    0x00006592       0x7f startup\startup_stm32f303xc.o

.debug_str      0x00000000     0x3a20
 .debug_str     0x00000000      0xdb6 Drivers\STM32F3xx_HAL_Driver\Src\stm32f3xx_hal.o
                                0xe57 (size before relaxing)
 .debug_str     0x00000db6      0x7f9 Drivers\STM32F3xx_HAL_Driver\Src\stm32f3xx_hal_can.o
                                0xf7e (size before relaxing)
 .debug_str     0x000015af      0x3be Drivers\STM32F3xx_HAL_Driver\Src\stm32f3xx_hal_cortex.o
                               0x1075 (size before relaxing)
 .debug_str     0x0000196d      0x1e4 Drivers\STM32F3xx_HAL_Driver\Src\stm32f3xx_hal_gpio.o
                                0x980 (size before relaxing)
 .debug_str     0x00001b51      0xbe6 Drivers\STM32F3xx_HAL_Driver\Src\stm32f3xx_hal_i2c.o
                               0x13b4 (size before relaxing)
 .debug_str     0x00002737       0xf3 Drivers\STM32F3xx_HAL_Driver\Src\stm32f3xx_hal_i2c_ex.o
                                0xd18 (size before relaxing)
 .debug_str     0x0000282a      0x2f4 Drivers\STM32F3xx_HAL_Driver\Src\stm32f3xx_hal_rcc.o
                                0xb5f (size before relaxing)
 .debug_str     0x00002b1e      0x22f Drivers\STM32F3xx_HAL_Driver\Src\stm32f3xx_hal_rcc_ex.o
                                0xa61 (size before relaxing)
 .debug_str     0x00002d4d      0x91d Drivers\STM32F3xx_HAL_Driver\Src\stm32f3xx_hal_uart.o
                               0x1374 (size before relaxing)
 .debug_str     0x0000366a      0x171 Src\USBtoCAN.o
                                0xfc8 (size before relaxing)
 .debug_str     0x000037db       0x62 Src\can.o
                               0x1172 (size before relaxing)
 .debug_str     0x0000383d       0x1b Src\gpio.o
                                0x74c (size before relaxing)
 .debug_str     0x00003858       0x2a Src\i2c.o
                                0xd1e (size before relaxing)
 .debug_str     0x00003882       0x40 Src\main.o
                               0x145f (size before relaxing)
 .debug_str     0x000038c2       0x1b Src\stm32f3xx_hal_msp.o
                                0x758 (size before relaxing)
 .debug_str     0x000038dd       0xd9 Src\stm32f3xx_it.o
                                0xa6e (size before relaxing)
 .debug_str     0x000039b6       0x50 Src\system_stm32f3xx.o
                                0x7dc (size before relaxing)
 .debug_str     0x00003a06       0x1a Src\usart.o
                                0xcc5 (size before relaxing)

.comment        0x00000000       0x7c
 .comment       0x00000000       0x7c Drivers\STM32F3xx_HAL_Driver\Src\stm32f3xx_hal.o
                                 0x7d (size before relaxing)
 .comment       0x0000007c       0x7d Drivers\STM32F3xx_HAL_Driver\Src\stm32f3xx_hal_can.o
 .comment       0x0000007c       0x7d Drivers\STM32F3xx_HAL_Driver\Src\stm32f3xx_hal_cortex.o
 .comment       0x0000007c       0x7d Drivers\STM32F3xx_HAL_Driver\Src\stm32f3xx_hal_gpio.o
 .comment       0x0000007c       0x7d Drivers\STM32F3xx_HAL_Driver\Src\stm32f3xx_hal_i2c.o
 .comment       0x0000007c       0x7d Drivers\STM32F3xx_HAL_Driver\Src\stm32f3xx_hal_i2c_ex.o
 .comment       0x0000007c       0x7d Drivers\STM32F3xx_HAL_Driver\Src\stm32f3xx_hal_rcc.o
 .comment       0x0000007c       0x7d Drivers\STM32F3xx_HAL_Driver\Src\stm32f3xx_hal_rcc_ex.o
 .comment       0x0000007c       0x7d Drivers\STM32F3xx_HAL_Driver\Src\stm32f3xx_hal_uart.o
 .comment       0x0000007c       0x7d Src\USBtoCAN.o
 .comment       0x0000007c       0x7d Src\can.o
 .comment       0x0000007c       0x7d Src\gpio.o
 .comment       0x0000007c       0x7d Src\i2c.o
 .comment       0x0000007c       0x7d Src\main.o
 .comment       0x0000007c       0x7d Src\stm32f3xx_hal_msp.o
 .comment       0x0000007c       0x7d Src\stm32f3xx_it.o
 .comment       0x0000007c       0x7d Src\system_stm32f3xx.o
 .comment       0x0000007c       0x7d Src\usart.o

.debug_frame    0x00000000     0x1b40
 .debug_frame   0x00000000      0x1d0 Drivers\STM32F3xx_HAL_Driver\Src\stm32f3xx_hal.o
 .debug_frame   0x000001d0      0x2cc Drivers\STM32F3xx_HAL_Driver\Src\stm32f3xx_hal_can.o
 .debug_frame   0x0000049c      0x158 Drivers\STM32F3xx_HAL_Driver\Src\stm32f3xx_hal_cortex.o
 .debug_frame   0x000005f4       0xd4 Drivers\STM32F3xx_HAL_Driver\Src\stm32f3xx_hal_gpio.o
 .debug_frame   0x000006c8      0x804 Drivers\STM32F3xx_HAL_Driver\Src\stm32f3xx_hal_i2c.o
 .debug_frame   0x00000ecc       0x90 Drivers\STM32F3xx_HAL_Driver\Src\stm32f3xx_hal_i2c_ex.o
 .debug_frame   0x00000f5c      0x148 Drivers\STM32F3xx_HAL_Driver\Src\stm32f3xx_hal_rcc.o
 .debug_frame   0x000010a4       0xb8 Drivers\STM32F3xx_HAL_Driver\Src\stm32f3xx_hal_rcc_ex.o
 .debug_frame   0x0000115c      0x568 Drivers\STM32F3xx_HAL_Driver\Src\stm32f3xx_hal_uart.o
 .debug_frame   0x000016c4       0xfc Src\USBtoCAN.o
 .debug_frame   0x000017c0       0xbc Src\can.o
 .debug_frame   0x0000187c       0x28 Src\gpio.o
 .debug_frame   0x000018a4       0x60 Src\i2c.o
 .debug_frame   0x00001904       0x5c Src\main.o
 .debug_frame   0x00001960       0x28 Src\stm32f3xx_hal_msp.o
 .debug_frame   0x00001988       0xc0 Src\stm32f3xx_it.o
 .debug_frame   0x00001a48       0x38 Src\system_stm32f3xx.o
 .debug_frame   0x00001a80       0x74 Src\usart.o
 .debug_frame   0x00001af4       0x2c c:/program files (x86)/atollic/truestudio for stm32 9.2.0/armtools/bin/../lib/gcc/arm-atollic-eabi/6.3.1/../../../../arm-atollic-eabi/lib/armv7e-m/fpu\libc_nano.a(lib_a-init.o)
 .debug_frame   0x00001b20       0x20 c:/program files (x86)/atollic/truestudio for stm32 9.2.0/armtools/bin/../lib/gcc/arm-atollic-eabi/6.3.1/../../../../arm-atollic-eabi/lib/armv7e-m/fpu\libc_nano.a(lib_a-memset.o)
