******************************************************************************
                  TI ARM Linker PC v18.1.2                     
******************************************************************************
>> Linked Tue Dec 18 10:28:03 2018

OUTPUT FILE NAME:   <LCD_Demo.out>
ENTRY POINT SYMBOL: "_c_int00_noargs"  address: 0000092d


MEMORY CONFIGURATION

         name            origin    length      used     unused   attr    fill
----------------------  --------  ---------  --------  --------  ----  --------
  FLASH                 00000000   00040000  00000a50  0003f5b0  R  X
  SRAM                  20000000   00008000  00000205  00007dfb  RW X


SEGMENT ALLOCATION MAP

run origin  load origin   length   init length attrs members
----------  ----------- ---------- ----------- ----- -------
00000000    00000000    00000a54   00000a54    r-x
  00000000    00000000    0000026c   0000026c    r-- .intvecs
  0000026c    0000026c    000007b4   000007b4    r-x .text
  00000a20    00000a20    00000014   00000014    r-- .const
  00000a38    00000a38    0000001c   0000001c    r-- .cinit
20000000    20000000    00000205   00000000    rw-
  20000000    20000000    00000200   00000000    rw- .stack
  20000200    20000200    00000005   00000000    rw- .data


SECTION ALLOCATION MAP

 output                                  attributes/
section   page    origin      length       input sections
--------  ----  ----------  ----------   ----------------
.intvecs   0    00000000    0000026c     
                  00000000    0000026c     tm4c123gh6pm_startup_ccs.obj (.intvecs)

.text      0    0000026c    000007b4     
                  0000026c    000002e8     myLCD.obj (.text)
                  00000554    00000132     driverlib.lib : gpio.obj (.text:GPIOPadConfigSet)
                  00000686    00000002     --HOLE-- [fill = 0]
                  00000688    000000f4                   : sysctl.obj (.text:SysCtlClockSet)
                  0000077c    0000009c     rtsv7M4_T_le_v4SPD16_eabi.lib : memcpy_t2.asm.obj (.text)
                  00000818    00000068                                   : copy_decompress_lzss.c.obj (.text:decompress:lzss:__TI_decompress_lzss)
                  00000880    00000068     main.obj (.text)
                  000008e8    00000044     rtsv7M4_T_le_v4SPD16_eabi.lib : autoinit.c.obj (.text:__TI_auto_init_nobinit_nopinit:__TI_auto_init_nobinit_nopinit)
                  0000092c    00000038                                   : boot_cortex_m.c.obj (.text:_c_int00_noargs:_c_int00_noargs)
                  00000964    00000034     driverlib.lib : sysctl.obj (.text:SysCtlPeripheralEnable)
                  00000998    0000002a                   : gpio.obj (.text:GPIODirModeSet)
                  000009c2    00000018                   : gpio.obj (.text:GPIOPinTypeGPIOOutput)
                  000009da    00000012                   : gpio.obj (.text:GPIOPinTypeGPIOInput)
                  000009ec    0000000e     rtsv7M4_T_le_v4SPD16_eabi.lib : copy_decompress_none.c.obj (.text:decompress:none:__TI_decompress_none)
                  000009fa    0000000c     tm4c123gh6pm_startup_ccs.obj (.text)
                  00000a06    00000006     driverlib.lib : gpio.obj (.text:GPIOPinRead)
                  00000a0c    00000006                   : gpio.obj (.text:GPIOPinWrite)
                  00000a12    00000006                   : sysctl.obj (.text:SysCtlDelay)
                  00000a18    00000004     rtsv7M4_T_le_v4SPD16_eabi.lib : pre_init.c.obj (.text:_system_pre_init)
                  00000a1c    00000004                                   : exit.c.obj (.text:abort:abort)

.const     0    00000a20    00000014     
                  00000a20    0000000c     main.obj (.const:.string:$P$T0$1)
                  00000a2c    00000008     myLCD.obj (.const:.string:$P$T0$1)

.cinit     0    00000a38    0000001c     
                  00000a38    00000009     (.cinit..data.load) [load image, compression = lzss]
                  00000a41    00000003     --HOLE-- [fill = 0]
                  00000a44    00000008     (__TI_handler_table)
                  00000a4c    00000008     (__TI_cinit_table)

.init_array 
*          0    00000000    00000000     UNINITIALIZED

.data      0    20000200    00000005     UNINITIALIZED
                  20000200    00000005     myLCD.obj (.data:yeet)

.stack     0    20000000    00000200     UNINITIALIZED
                  20000000    00000004     rtsv7M4_T_le_v4SPD16_eabi.lib : boot_cortex_m.c.obj (.stack)
                  20000004    000001fc     --HOLE--

MODULE SUMMARY

       Module                         code   ro data   rw data
       ------                         ----   -------   -------
    .\
       myLCD.obj                      744    8         5      
       tm4c123gh6pm_startup_ccs.obj   12     620       0      
       main.obj                       104    12        0      
    +--+------------------------------+------+---------+---------+
       Total:                         860    640       5      
                                                              
    C:/ti/TivaWare_C_Series-2.1.4.178/driverlib/ccs/Debug/driverlib.lib
       gpio.obj                       402    0         0      
       sysctl.obj                     302    0         0      
    +--+------------------------------+------+---------+---------+
       Total:                         704    0         0      
                                                              
    D:\ti\ccsv8\tools\compiler\ti-cgt-arm_18.1.2.LTS\lib\rtsv7M4_T_le_v4SPD16_eabi.lib
       memcpy_t2.asm.obj              156    0         0      
       copy_decompress_lzss.c.obj     104    0         0      
       autoinit.c.obj                 68     0         0      
       boot_cortex_m.c.obj            56     0         0      
       copy_decompress_none.c.obj     14     0         0      
       exit.c.obj                     4      0         0      
       pre_init.c.obj                 4      0         0      
    +--+------------------------------+------+---------+---------+
       Total:                         406    0         0      
                                                              
       Stack:                         0      0         512    
       Linker Generated:              0      25        0      
    +--+------------------------------+------+---------+---------+
       Grand Total:                   1970   665       517    


LINKER GENERATED COPY TABLES

__TI_cinit_table @ 00000a4c records: 1, size/record: 8, table size: 8
	.data: load addr=00000a38, load size=00000009 bytes, run addr=20000200, run size=00000005 bytes, compression=lzss


LINKER GENERATED HANDLER TABLE

__TI_handler_table @ 00000a44 records: 2, size/record: 4, table size: 8
	index: 0, handler: __TI_decompress_lzss
	index: 1, handler: __TI_decompress_none


GLOBAL SYMBOLS: SORTED ALPHABETICALLY BY Name 

address   name                          
-------   ----                          
00000a1d  C$$EXIT                       
0000043b  ConfigLCD_8Bit                
00000999  GPIODirModeSet                
00000555  GPIOPadConfigSet              
00000a07  GPIOPinRead                   
000009db  GPIOPinTypeGPIOInput          
000009c3  GPIOPinTypeGPIOOutput         
00000a0d  GPIOPinWrite                  
0000026d  InitLCD                       
000002af  LCDDisable                    
00000483  LCDDisplayOFF                 
00000479  LCDDisplayON                  
000002a1  LCDEnable                     
000003c5  LCDReadAddr                   
00000429  LCDReadBusy                   
00000361  LCDReadData                   
0000048d  LCDResetCursor                
000002bd  LCDWriteCMD                   
0000049d  LCDWriteCString               
0000030f  LCDWriteData                  
000004c1  LCDWriteMyName                
00000501  LCDWriteYEET                  
000009fb  ResetISR                      
00000689  SysCtlClockSet                
00000a13  SysCtlDelay                   
00000965  SysCtlPeripheralEnable        
20000200  __STACK_END                   
00000200  __STACK_SIZE                  
20000200  __STACK_TOP                   
00000a4c  __TI_CINIT_Base               
00000a54  __TI_CINIT_Limit              
00000a44  __TI_Handler_Table_Base       
00000a4c  __TI_Handler_Table_Limit      
000008e9  __TI_auto_init_nobinit_nopinit
00000819  __TI_decompress_lzss          
000009ed  __TI_decompress_none          
ffffffff  __TI_pprof_out_hndl           
ffffffff  __TI_prof_data_size           
ffffffff  __TI_prof_data_start          
00000000  __TI_static_base__            
0000077d  __aeabi_memcpy                
0000077d  __aeabi_memcpy4               
0000077d  __aeabi_memcpy8               
ffffffff  __binit__                     
ffffffff  __c_args__                    
UNDEFED   __mpu_init                    
20000000  __stack                       
0000092d  _c_int00_noargs               
UNDEFED   _system_post_cinit            
00000a19  _system_pre_init              
00000a1d  abort                         
ffffffff  binit                         
00000000  g_pfnVectors                  
00000881  main                          
0000077d  memcpy                        
20000200  yeet                          


GLOBAL SYMBOLS: SORTED BY Symbol Address 

address   name                          
-------   ----                          
00000000  __TI_static_base__            
00000000  g_pfnVectors                  
00000200  __STACK_SIZE                  
0000026d  InitLCD                       
000002a1  LCDEnable                     
000002af  LCDDisable                    
000002bd  LCDWriteCMD                   
0000030f  LCDWriteData                  
00000361  LCDReadData                   
000003c5  LCDReadAddr                   
00000429  LCDReadBusy                   
0000043b  ConfigLCD_8Bit                
00000479  LCDDisplayON                  
00000483  LCDDisplayOFF                 
0000048d  LCDResetCursor                
0000049d  LCDWriteCString               
000004c1  LCDWriteMyName                
00000501  LCDWriteYEET                  
00000555  GPIOPadConfigSet              
00000689  SysCtlClockSet                
0000077d  __aeabi_memcpy                
0000077d  __aeabi_memcpy4               
0000077d  __aeabi_memcpy8               
0000077d  memcpy                        
00000819  __TI_decompress_lzss          
00000881  main                          
000008e9  __TI_auto_init_nobinit_nopinit
0000092d  _c_int00_noargs               
00000965  SysCtlPeripheralEnable        
00000999  GPIODirModeSet                
000009c3  GPIOPinTypeGPIOOutput         
000009db  GPIOPinTypeGPIOInput          
000009ed  __TI_decompress_none          
000009fb  ResetISR                      
00000a07  GPIOPinRead                   
00000a0d  GPIOPinWrite                  
00000a13  SysCtlDelay                   
00000a19  _system_pre_init              
00000a1d  C$$EXIT                       
00000a1d  abort                         
00000a44  __TI_Handler_Table_Base       
00000a4c  __TI_CINIT_Base               
00000a4c  __TI_Handler_Table_Limit      
00000a54  __TI_CINIT_Limit              
20000000  __stack                       
20000200  __STACK_END                   
20000200  __STACK_TOP                   
20000200  yeet                          
ffffffff  __TI_pprof_out_hndl           
ffffffff  __TI_prof_data_size           
ffffffff  __TI_prof_data_start          
ffffffff  __binit__                     
ffffffff  __c_args__                    
ffffffff  binit                         
UNDEFED   __mpu_init                    
UNDEFED   _system_post_cinit            

[56 symbols]
