******************************************************************************
                  TI ARM Linker PC v18.1.2                     
******************************************************************************
>> Linked Sun Jan 13 15:50:48 2019

OUTPUT FILE NAME:   <MIL_PWM_Demo.out>
ENTRY POINT SYMBOL: "_c_int00_noinit_noargs"  address: 000008c1


MEMORY CONFIGURATION

         name            origin    length      used     unused   attr    fill
----------------------  --------  ---------  --------  --------  ----  --------
  FLASH                 00000000   00040000  00000ae2  0003f51e  R  X
  SRAM                  20000000   00008000  00000200  00007e00  RW X


SEGMENT ALLOCATION MAP

run origin  load origin   length   init length attrs members
----------  ----------- ---------- ----------- ----- -------
00000000    00000000    00000ae4   00000ae4    r-x
  00000000    00000000    0000026c   0000026c    r-- .intvecs
  0000026c    0000026c    0000077a   0000077a    r-x .text
  000009e8    000009e8    000000fc   000000fc    r-- .const
20000000    20000000    00000200   00000000    rw-
  20000000    20000000    00000200   00000000    rw- .stack


SECTION ALLOCATION MAP

 output                                  attributes/
section   page    origin      length       input sections
--------  ----  ----------  ----------   ----------------
.intvecs   0    00000000    0000026c     
                  00000000    0000026c     tm4c123gh6pm_startup_ccs.obj (.intvecs)

.text      0    0000026c    0000077a     
                  0000026c    00000160     main.obj (.text)
                  000003cc    00000132     driverlib.lib : gpio.obj (.text:GPIOPadConfigSet)
                  000004fe    00000002     --HOLE-- [fill = 0]
                  00000500    00000110                   : sysctl.obj (.text:SysCtlClockGet)
                  00000610    000000fc     rtsv7M4_T_le_v4SPD16_eabi.lib : fd_mul_t2.asm.obj (.text)
                  0000070c    000000f4     driverlib.lib : sysctl.obj (.text:SysCtlClockSet)
                  00000800    00000048                   : gpio.obj (.text:GPIOPinConfigure)
                  00000848    00000044     rtsv7M4_T_le_v4SPD16_eabi.lib : fd_tou_t2.asm.obj (.text)
                  0000088c    00000034     driverlib.lib : sysctl.obj (.text:SysCtlPeripheralEnable)
                  000008c0    00000030     rtsv7M4_T_le_v4SPD16_eabi.lib : boot_cortex_m.c.obj (.text:_c_int00_noinit_noargs:_c_int00_noinit_noargs)
                  000008f0    0000002a     driverlib.lib : gpio.obj (.text:GPIODirModeSet)
                  0000091a    00000022                   : pwm.obj (.text:PWMGenConfigure)
                  0000093c    00000020     rtsv7M4_T_le_v4SPD16_eabi.lib : u_tofd_t2.asm.obj (.text)
                  0000095c    0000001e     driverlib.lib : pwm.obj (.text:PWMPulseWidthSet)
                  0000097a    00000012                   : gpio.obj (.text:GPIOPinTypePWM)
                  0000098c    00000012                   : pwm.obj (.text:PWMGenPeriodGet)
                  0000099e    00000012                   : pwm.obj (.text:PWMOutputState)
                  000009b0    00000010                   : pwm.obj (.text:PWMGenPeriodSet)
                  000009c0    0000000c                   : pwm.obj (.text:PWMGenEnable)
                  000009cc    0000000c     tm4c123gh6pm_startup_ccs.obj (.text)
                  000009d8    00000006     driverlib.lib : sysctl.obj (.text:SysCtlDelay)
                  000009de    00000004     rtsv7M4_T_le_v4SPD16_eabi.lib : pre_init.c.obj (.text:_system_pre_init)
                  000009e2    00000004                                   : exit.c.obj (.text:abort:abort)

.const     0    000009e8    000000fc     
                  000009e8    00000090     driverlib.lib : gpio.obj (.const:g_pui32GPIOBaseAddrs)
                  00000a78    0000006c                   : sysctl.obj (.const:g_pui32Xtals)

.cinit     0    00000000    00000000     UNINITIALIZED

.init_array 
*          0    00000000    00000000     UNINITIALIZED

.stack     0    20000000    00000200     UNINITIALIZED
                  20000000    00000004     rtsv7M4_T_le_v4SPD16_eabi.lib : boot_cortex_m.c.obj (.stack)
                  20000004    000001fc     --HOLE--

MODULE SUMMARY

       Module                         code   ro data   rw data
       ------                         ----   -------   -------
    .\
       tm4c123gh6pm_startup_ccs.obj   12     620       0      
       main.obj                       352    0         0      
    +--+------------------------------+------+---------+---------+
       Total:                         364    620       0      
                                                              
    C:/ti/TivaWare_C_Series-2.1.4.178/driverlib/ccs/Debug/driverlib.lib
       sysctl.obj                     574    108       0      
       gpio.obj                       438    144       0      
       pwm.obj                        128    0         0      
    +--+------------------------------+------+---------+---------+
       Total:                         1140   252       0      
                                                              
    D:\ti\ccsv8\tools\compiler\ti-cgt-arm_18.1.2.LTS\lib\rtsv7M4_T_le_v4SPD16_eabi.lib
       fd_mul_t2.asm.obj              252    0         0      
       fd_tou_t2.asm.obj              68     0         0      
       boot_cortex_m.c.obj            48     0         0      
       u_tofd_t2.asm.obj              32     0         0      
       exit.c.obj                     4      0         0      
       pre_init.c.obj                 4      0         0      
    +--+------------------------------+------+---------+---------+
       Total:                         408    0         0      
                                                              
       Stack:                         0      0         512    
    +--+------------------------------+------+---------+---------+
       Grand Total:                   1912   872       512    


GLOBAL SYMBOLS: SORTED ALPHABETICALLY BY Name 

address   name                  
-------   ----                  
00000379  ArbSoftDelay          
000009e3  C$$EXIT               
000008f1  GPIODirModeSet        
000003cd  GPIOPadConfigSet      
00000801  GPIOPinConfigure      
0000097b  GPIOPinTypePWM        
000002d7  Init_PWM1_Gen3_67     
0000091b  PWMGenConfigure       
000009c1  PWMGenEnable          
0000098d  PWMGenPeriodGet       
000009b1  PWMGenPeriodSet       
0000099f  PWMOutputState        
0000095d  PWMPulseWidthSet      
000009cd  ResetISR              
00000501  SysCtlClockGet        
0000070d  SysCtlClockSet        
000009d9  SysCtlDelay           
0000088d  SysCtlPeripheralEnable
20000200  __STACK_END           
00000200  __STACK_SIZE          
20000200  __STACK_TOP           
ffffffff  __TI_pprof_out_hndl   
ffffffff  __TI_prof_data_size   
ffffffff  __TI_prof_data_start  
00000000  __TI_static_base__    
00000849  __aeabi_d2uiz         
00000611  __aeabi_dmul          
0000093d  __aeabi_ui2d          
ffffffff  __binit__             
ffffffff  __c_args__            
UNDEFED   __mpu_init            
20000000  __stack               
000008c1  _c_int00_noinit_noargs
000009df  _system_pre_init      
000009e3  abort                 
ffffffff  binit                 
00000000  g_pfnVectors          
0000026d  main                  


GLOBAL SYMBOLS: SORTED BY Symbol Address 

address   name                  
-------   ----                  
00000000  __TI_static_base__    
00000000  g_pfnVectors          
00000200  __STACK_SIZE          
0000026d  main                  
000002d7  Init_PWM1_Gen3_67     
00000379  ArbSoftDelay          
000003cd  GPIOPadConfigSet      
00000501  SysCtlClockGet        
00000611  __aeabi_dmul          
0000070d  SysCtlClockSet        
00000801  GPIOPinConfigure      
00000849  __aeabi_d2uiz         
0000088d  SysCtlPeripheralEnable
000008c1  _c_int00_noinit_noargs
000008f1  GPIODirModeSet        
0000091b  PWMGenConfigure       
0000093d  __aeabi_ui2d          
0000095d  PWMPulseWidthSet      
0000097b  GPIOPinTypePWM        
0000098d  PWMGenPeriodGet       
0000099f  PWMOutputState        
000009b1  PWMGenPeriodSet       
000009c1  PWMGenEnable          
000009cd  ResetISR              
000009d9  SysCtlDelay           
000009df  _system_pre_init      
000009e3  C$$EXIT               
000009e3  abort                 
20000000  __stack               
20000200  __STACK_END           
20000200  __STACK_TOP           
ffffffff  __TI_pprof_out_hndl   
ffffffff  __TI_prof_data_size   
ffffffff  __TI_prof_data_start  
ffffffff  __binit__             
ffffffff  __c_args__            
ffffffff  binit                 
UNDEFED   __mpu_init            

[38 symbols]
