Archive member included to satisfy reference by file (symbol)

c:/program files (x86)/atollic/truestudio for stm32 9.2.0/armtools/bin/../lib/gcc/arm-atollic-eabi/6.3.1/../../../../arm-atollic-eabi/lib/armv7e-m/fpu\libc_nano.a(lib_a-abs.o)
                              Src\lcd.o (abs)
c:/program files (x86)/atollic/truestudio for stm32 9.2.0/armtools/bin/../lib/gcc/arm-atollic-eabi/6.3.1/../../../../arm-atollic-eabi/lib/armv7e-m/fpu\libc_nano.a(lib_a-init.o)
                              startup\startup_stm32f303xc.o (__libc_init_array)
c:/program files (x86)/atollic/truestudio for stm32 9.2.0/armtools/bin/../lib/gcc/arm-atollic-eabi/6.3.1/../../../../arm-atollic-eabi/lib/armv7e-m/fpu\libc_nano.a(lib_a-memset.o)
                              Src\can.o (memset)
c:/program files (x86)/atollic/truestudio for stm32 9.2.0/armtools/bin/../lib/gcc/arm-atollic-eabi/6.3.1/armv7e-m/fpu\libgcc.a(_lshrdi3.o)
                              Drivers\STM32F3xx_HAL_Driver\Src\stm32f3xx_hal_flash.o (__aeabi_llsr)
c:/program files (x86)/atollic/truestudio for stm32 9.2.0/armtools/bin/../lib/gcc/arm-atollic-eabi/6.3.1/armv7e-m/fpu\libgcc.a(_arm_addsubdf3.o)
                              Src\lcd.o (__aeabi_f2d)

Allocating common symbols
Common symbol       size              file

sFilterConfig       0x28              Src\can.o
huart3              0x70              Src\usart.o
hi2c1               0x4c              Src\i2c.o
hcan                0x28              Src\can.o
uwTick              0x4               Drivers\STM32F3xx_HAL_Driver\Src\stm32f3xx_hal.o
pFlash              0x20              Drivers\STM32F3xx_HAL_Driver\Src\stm32f3xx_hal_flash.o
test                0x1               Src\can.o
sensorsBuffer       0x8               Src\USBtoCAN.o
TxData              0x8               Src\can.o
USBtoCAN            0x11c             Src\USBtoCAN.o
TxMailbox           0x4               Src\can.o
moboBuffer          0x8               Src\USBtoCAN.o
RxData              0x8               Src\can.o
TxHeader            0x18              Src\can.o
RxHeader            0x1c              Src\can.o

Discarded input sections

 .text          0x00000000        0x0 c:/program files (x86)/atollic/truestudio for stm32 9.2.0/armtools/bin/../lib/gcc/arm-atollic-eabi/6.3.1/armv7e-m/fpu/crti.o
 .data          0x00000000        0x0 c:/program files (x86)/atollic/truestudio for stm32 9.2.0/armtools/bin/../lib/gcc/arm-atollic-eabi/6.3.1/armv7e-m/fpu/crti.o
 .bss           0x00000000        0x0 c:/program files (x86)/atollic/truestudio for stm32 9.2.0/armtools/bin/../lib/gcc/arm-atollic-eabi/6.3.1/armv7e-m/fpu/crti.o
 .data          0x00000000        0x4 c:/program files (x86)/atollic/truestudio for stm32 9.2.0/armtools/bin/../lib/gcc/arm-atollic-eabi/6.3.1/armv7e-m/fpu/crtbegin.o
 .text          0x00000000        0x0 Drivers\STM32F3xx_HAL_Driver\Src\stm32f3xx_hal.o
 .data          0x00000000        0x0 Drivers\STM32F3xx_HAL_Driver\Src\stm32f3xx_hal.o
 .bss           0x00000000        0x0 Drivers\STM32F3xx_HAL_Driver\Src\stm32f3xx_hal.o
 .text.HAL_MspInit
                0x00000000        0x2 Drivers\STM32F3xx_HAL_Driver\Src\stm32f3xx_hal.o
 .text.HAL_MspDeInit
                0x00000000        0x2 Drivers\STM32F3xx_HAL_Driver\Src\stm32f3xx_hal.o
 .text.HAL_DeInit
                0x00000000       0x24 Drivers\STM32F3xx_HAL_Driver\Src\stm32f3xx_hal.o
 .text.HAL_GetTickPrio
                0x00000000        0xc Drivers\STM32F3xx_HAL_Driver\Src\stm32f3xx_hal.o
 .text.HAL_SetTickFreq
                0x00000000       0x24 Drivers\STM32F3xx_HAL_Driver\Src\stm32f3xx_hal.o
 .text.HAL_GetTickFreq
                0x00000000        0xc Drivers\STM32F3xx_HAL_Driver\Src\stm32f3xx_hal.o
 .text.HAL_Delay
                0x00000000       0x28 Drivers\STM32F3xx_HAL_Driver\Src\stm32f3xx_hal.o
 .text.HAL_SuspendTick
                0x00000000       0x10 Drivers\STM32F3xx_HAL_Driver\Src\stm32f3xx_hal.o
 .text.HAL_ResumeTick
                0x00000000       0x10 Drivers\STM32F3xx_HAL_Driver\Src\stm32f3xx_hal.o
 .text.HAL_GetHalVersion
                0x00000000        0x8 Drivers\STM32F3xx_HAL_Driver\Src\stm32f3xx_hal.o
 .text.HAL_GetREVID
                0x00000000        0xc Drivers\STM32F3xx_HAL_Driver\Src\stm32f3xx_hal.o
 .text.HAL_GetDEVID
                0x00000000       0x10 Drivers\STM32F3xx_HAL_Driver\Src\stm32f3xx_hal.o
 .text.HAL_GetUIDw0
                0x00000000        0xc Drivers\STM32F3xx_HAL_Driver\Src\stm32f3xx_hal.o
 .text.HAL_GetUIDw1
                0x00000000        0xc Drivers\STM32F3xx_HAL_Driver\Src\stm32f3xx_hal.o
 .text.HAL_GetUIDw2
                0x00000000        0xc Drivers\STM32F3xx_HAL_Driver\Src\stm32f3xx_hal.o
 .text.HAL_DBGMCU_EnableDBGSleepMode
                0x00000000       0x10 Drivers\STM32F3xx_HAL_Driver\Src\stm32f3xx_hal.o
 .text.HAL_DBGMCU_DisableDBGSleepMode
                0x00000000       0x10 Drivers\STM32F3xx_HAL_Driver\Src\stm32f3xx_hal.o
 .text.HAL_DBGMCU_EnableDBGStopMode
[...]
Memory Configuration

Name             Origin             Length             Attributes
RAM              0x20000000         0x0000a000         xrw
CCMRAM           0x10000000         0x00002000         rw
FLASH            0x08000000         0x00040000         xr
*default*        0x00000000         0xffffffff

Linker script and memory map

LOAD c:/program files (x86)/atollic/truestudio for stm32 9.2.0/armtools/bin/../lib/gcc/arm-atollic-eabi/6.3.1/armv7e-m/fpu/crti.o
LOAD c:/program files (x86)/atollic/truestudio for stm32 9.2.0/armtools/bin/../lib/gcc/arm-atollic-eabi/6.3.1/armv7e-m/fpu/crtbegin.o
LOAD Drivers\STM32F3xx_HAL_Driver\Src\stm32f3xx_hal.o
LOAD Drivers\STM32F3xx_HAL_Driver\Src\stm32f3xx_hal_can.o
LOAD Drivers\STM32F3xx_HAL_Driver\Src\stm32f3xx_hal_cortex.o
LOAD Drivers\STM32F3xx_HAL_Driver\Src\stm32f3xx_hal_dma.o
LOAD Drivers\STM32F3xx_HAL_Driver\Src\stm32f3xx_hal_flash.o
LOAD Drivers\STM32F3xx_HAL_Driver\Src\stm32f3xx_hal_flash_ex.o
LOAD Drivers\STM32F3xx_HAL_Driver\Src\stm32f3xx_hal_gpio.o
LOAD Drivers\STM32F3xx_HAL_Driver\Src\stm32f3xx_hal_i2c.o
LOAD Drivers\STM32F3xx_HAL_Driver\Src\stm32f3xx_hal_i2c_ex.o
LOAD Drivers\STM32F3xx_HAL_Driver\Src\stm32f3xx_hal_pwr.o
LOAD Drivers\STM32F3xx_HAL_Driver\Src\stm32f3xx_hal_pwr_ex.o
LOAD Drivers\STM32F3xx_HAL_Driver\Src\stm32f3xx_hal_rcc.o
LOAD Drivers\STM32F3xx_HAL_Driver\Src\stm32f3xx_hal_rcc_ex.o
LOAD Drivers\STM32F3xx_HAL_Driver\Src\stm32f3xx_hal_tim.o
LOAD Drivers\STM32F3xx_HAL_Driver\Src\stm32f3xx_hal_tim_ex.o
LOAD Drivers\STM32F3xx_HAL_Driver\Src\stm32f3xx_hal_uart.o
LOAD Drivers\STM32F3xx_HAL_Driver\Src\stm32f3xx_hal_uart_ex.o
LOAD Src\USBtoCAN.o
LOAD Src\can.o
LOAD Src\gpio.o
LOAD Src\i2c.o
LOAD Src\lcd.o
LOAD Src\main.o
LOAD Src\stm32f3xx_hal_msp.o
LOAD Src\stm32f3xx_it.o
LOAD Src\system_stm32f3xx.o
LOAD Src\usart.o
LOAD startup\startup_stm32f303xc.o
                0x00000080                malloc_getpagesize_P = 0x80
START GROUP
LOAD c:/program files (x86)/atollic/truestudio for stm32 9.2.0/armtools/bin/../lib/gcc/arm-atollic-eabi/6.3.1/../../../../arm-atollic-eabi/lib/armv7e-m/fpu\libc_nano.a
LOAD c:/program files (x86)/atollic/truestudio for stm32 9.2.0/armtools/bin/../lib/gcc/arm-atollic-eabi/6.3.1/../../../../arm-atollic-eabi/lib/armv7e-m/fpu\libm.a
END GROUP
START GROUP
LOAD c:/program files (x86)/atollic/truestudio for stm32 9.2.0/armtools/bin/../lib/gcc/arm-atollic-eabi/6.3.1/armv7e-m/fpu\libgcc.a
LOAD c:/program files (x86)/atollic/truestudio for stm32 9.2.0/armtools/bin/../lib/gcc/arm-atollic-eabi/6.3.1/../../../../arm-atollic-eabi/lib/armv7e-m/fpu\libc_nano.a
END GROUP
START GROUP
LOAD c:/program files (x86)/atollic/truestudio for stm32 9.2.0/armtools/bin/../lib/gcc/arm-atollic-eabi/6.3.1/armv7e-m/fpu\libgcc.a
LOAD c:/program files (x86)/atollic/truestudio for stm32 9.2.0/armtools/bin/../lib/gcc/arm-atollic-eabi/6.3.1/../../../../arm-atollic-eabi/lib/armv7e-m/fpu\libc_nano.a
LOAD c:/program files (x86)/atollic/truestudio for stm32 9.2.0/armtools/bin/../lib/gcc/arm-atollic-eabi/6.3.1/../../../../arm-atollic-eabi/lib/armv7e-m/fpu\libnosys.a
END GROUP
START GROUP
LOAD c:/program files (x86)/atollic/truestudio for stm32 9.2.0/armtools/bin/../lib/gcc/arm-atollic-eabi/6.3.1/armv7e-m/fpu\libgcc.a
LOAD c:/program files (x86)/atollic/truestudio for stm32 9.2.0/armtools/bin/../lib/gcc/arm-atollic-eabi/6.3.1/../../../../arm-atollic-eabi/lib/armv7e-m/fpu\libc_nano.a
LOAD c:/program files (x86)/atollic/truestudio for stm32 9.2.0/armtools/bin/../lib/gcc/arm-atollic-eabi/6.3.1/../../../../arm-atollic-eabi/lib/armv7e-m/fpu\libnosys.a
END GROUP
LOAD c:/program files (x86)/atollic/truestudio for stm32 9.2.0/armtools/bin/../lib/gcc/arm-atollic-eabi/6.3.1/armv7e-m/fpu/crtend.o
LOAD c:/program files (x86)/atollic/truestudio for stm32 9.2.0/armtools/bin/../lib/gcc/arm-atollic-eabi/6.3.1/armv7e-m/fpu/crtn.o
                0x2000a000                _estack = 0x2000a000
                0x00000200                _Min_Heap_Size = 0x200
                0x00000400                _Min_Stack_Size = 0x400

.isr_vector     0x08000000      0x188
                0x08000000                . = ALIGN (0x4)
 *(.isr_vector)
 .isr_vector    0x08000000      0x188 startup\startup_stm32f303xc.o
                0x08000000                g_pfnVectors
                0x08000188                . = ALIGN (0x4)

.text           0x08000188     0x1d24
                0x08000188                . = ALIGN (0x4)
 *(.text)
 .text          0x08000188       0x40 c:/program files (x86)/atollic/truestudio for stm32 9.2.0/armtools/bin/../lib/gcc/arm-atollic-eabi/6.3.1/armv7e-m/fpu/crtbegin.o
 *(.text*)
 .text.HAL_InitTick
                0x080001c8       0x48 Drivers\STM32F3xx_HAL_Driver\Src\stm32f3xx_hal.o
                0x080001c8                HAL_InitTick
 .text.HAL_Init
                0x08000210       0x24 Drivers\STM32F3xx_HAL_Driver\Src\stm32f3xx_hal.o
                0x08000210                HAL_Init
 .text.HAL_IncTick
                0x08000234       0x18 Drivers\STM32F3xx_HAL_Driver\Src\stm32f3xx_hal.o
                0x08000234                HAL_IncTick
 .text.HAL_GetTick
                0x0800024c        0xc Drivers\STM32F3xx_HAL_Driver\Src\stm32f3xx_hal.o
                0x0800024c                HAL_GetTick
 .text.HAL_CAN_Init
                0x08000258       0xf6 Drivers\STM32F3xx_HAL_Driver\Src\stm32f3xx_hal_can.o
                0x08000258                HAL_CAN_Init
 .text.HAL_CAN_ConfigFilter
                0x0800034e       0xd8 Drivers\STM32F3xx_HAL_Driver\Src\stm32f3xx_hal_can.o
                0x0800034e                HAL_CAN_ConfigFilter
 .text.HAL_CAN_Start
                0x08000426       0x56 Drivers\STM32F3xx_HAL_Driver\Src\stm32f3xx_hal_can.o
                0x08000426                HAL_CAN_Start
 .text.HAL_CAN_Stop
                0x0800047c       0x5c Drivers\STM32F3xx_HAL_Driver\Src\stm32f3xx_hal_can.o
                0x0800047c                HAL_CAN_Stop
 .text.HAL_CAN_AddTxMessage
                0x080004d8       0x9a Drivers\STM32F3xx_HAL_Driver\Src\stm32f3xx_hal_can.o
                0x080004d8                HAL_CAN_AddTxMessage
 .text.HAL_CAN_GetRxMessage
                0x08000572       0xec Drivers\STM32F3xx_HAL_Driver\Src\stm32f3xx_hal_can.o
                0x08000572                HAL_CAN_GetRxMessage
 .text.HAL_CAN_ActivateNotification
                0x0800065e       0x22 Drivers\STM32F3xx_HAL_Driver\Src\stm32f3xx_hal_can.o
                0x0800065e                HAL_CAN_ActivateNotification
 .text.HAL_CAN_TxMailbox1CompleteCallback
                0x08000680        0x2 Drivers\STM32F3xx_HAL_Driver\Src\stm32f3xx_hal_can.o
                0x08000680                HAL_CAN_TxMailbox1CompleteCallback
 .text.HAL_CAN_TxMailbox2CompleteCallback
                0x08000682        0x2 Drivers\STM32F3xx_HAL_Driver\Src\stm32f3xx_hal_can.o
                0x08000682                HAL_CAN_TxMailbox2CompleteCallback
 .text.HAL_CAN_TxMailbox0AbortCallback
                0x08000684        0x2 Drivers\STM32F3xx_HAL_Driver\Src\stm32f3xx_hal_can.o
                0x08000684                HAL_CAN_TxMailbox0AbortCallback
 .text.HAL_CAN_TxMailbox1AbortCallback
                0x08000686        0x2 Drivers\STM32F3xx_HAL_Driver\Src\stm32f3xx_hal_can.o
                0x08000686                HAL_CAN_TxMailbox1AbortCallback
 .text.HAL_CAN_TxMailbox2AbortCallback
                0x08000688        0x2 Drivers\STM32F3xx_HAL_Driver\Src\stm32f3xx_hal_can.o
                0x08000688                HAL_CAN_TxMailbox2AbortCallback
 .text.HAL_CAN_RxFifo0FullCallback
                0x0800068a        0x2 Drivers\STM32F3xx_HAL_Driver\Src\stm32f3xx_hal_can.o
                0x0800068a                HAL_CAN_RxFifo0FullCallback
 .text.HAL_CAN_RxFifo1MsgPendingCallback
                0x0800068c        0x2 Drivers\STM32F3xx_HAL_Driver\Src\stm32f3xx_hal_can.o
                0x0800068c                HAL_CAN_RxFifo1MsgPendingCallback
 .text.HAL_CAN_RxFifo1FullCallback
                0x0800068e        0x2 Drivers\STM32F3xx_HAL_Driver\Src\stm32f3xx_hal_can.o
                0x0800068e                HAL_CAN_RxFifo1FullCallback
 .text.HAL_CAN_SleepCallback
                0x08000690        0x2 Drivers\STM32F3xx_HAL_Driver\Src\stm32f3xx_hal_can.o
                0x08000690                HAL_CAN_SleepCallback
 .text.HAL_CAN_WakeUpFromRxMsgCallback
                0x08000692        0x2 Drivers\STM32F3xx_HAL_Driver\Src\stm32f3xx_hal_can.o
                0x08000692                HAL_CAN_WakeUpFromRxMsgCallback
 .text.HAL_CAN_ErrorCallback
                0x08000694        0x2 Drivers\STM32F3xx_HAL_Driver\Src\stm32f3xx_hal_can.o
                0x08000694                HAL_CAN_ErrorCallback
 .text.HAL_CAN_IRQHandler
                0x08000696      0x1fc Drivers\STM32F3xx_HAL_Driver\Src\stm32f3xx_hal_can.o
                0x08000696                HAL_CAN_IRQHandler
 *fill*         0x08000892        0x2 
 .text.HAL_NVIC_SetPriorityGrouping
                0x08000894       0x24 Drivers\STM32F3xx_HAL_Driver\Src\stm32f3xx_hal_cortex.o
                0x08000894                HAL_NVIC_SetPriorityGrouping
 .text.HAL_NVIC_SetPriority
                0x080008b8       0x68 Drivers\STM32F3xx_HAL_Driver\Src\stm32f3xx_hal_cortex.o
                0x080008b8                HAL_NVIC_SetPriority
 .text.HAL_NVIC_EnableIRQ
                0x08000920       0x18 Drivers\STM32F3xx_HAL_Driver\Src\stm32f3xx_hal_cortex.o
                0x08000920                HAL_NVIC_EnableIRQ
 .text.HAL_SYSTICK_Config
                0x08000938       0x2c Drivers\STM32F3xx_HAL_Driver\Src\stm32f3xx_hal_cortex.o
                0x08000938                HAL_SYSTICK_Config
 .text.HAL_GPIO_Init
                0x08000964      0x184 Drivers\STM32F3xx_HAL_Driver\Src\stm32f3xx_hal_gpio.o
                0x08000964                HAL_GPIO_Init
 .text.HAL_I2C_Init
                0x08000ae8       0xa2 Drivers\STM32F3xx_HAL_Driver\Src\stm32f3xx_hal_i2c.o
                0x08000ae8                HAL_I2C_Init
 .text.HAL_I2CEx_ConfigAnalogFilter
                0x08000b8a       0x4c Drivers\STM32F3xx_HAL_Driver\Src\stm32f3xx_hal_i2c_ex.o
                0x08000b8a                HAL_I2CEx_ConfigAnalogFilter
 .text.HAL_I2CEx_ConfigDigitalFilter
                0x08000bd6       0x4a Drivers\STM32F3xx_HAL_Driver\Src\stm32f3xx_hal_i2c_ex.o
                0x08000bd6                HAL_I2CEx_ConfigDigitalFilter
 .text.HAL_RCC_OscConfig
                0x08000c20      0x4ec Drivers\STM32F3xx_HAL_Driver\Src\stm32f3xx_hal_rcc.o
                0x08000c20                HAL_RCC_OscConfig
 .text.HAL_RCC_GetSysClockFreq
                0x0800110c       0x64 Drivers\STM32F3xx_HAL_Driver\Src\stm32f3xx_hal_rcc.o
                0x0800110c                HAL_RCC_GetSysClockFreq
 .text.HAL_RCC_ClockConfig
                0x08001170      0x154 Drivers\STM32F3xx_HAL_Driver\Src\stm32f3xx_hal_rcc.o
                0x08001170                HAL_RCC_ClockConfig
 .text.HAL_RCC_GetPCLK1Freq
                0x080012c4       0x30 Drivers\STM32F3xx_HAL_Driver\Src\stm32f3xx_hal_rcc.o
                0x080012c4                HAL_RCC_GetPCLK1Freq
 .text.HAL_RCC_GetPCLK2Freq
                0x080012f4       0x30 Drivers\STM32F3xx_HAL_Driver\Src\stm32f3xx_hal_rcc.o
                0x080012f4                HAL_RCC_GetPCLK2Freq
 .text.HAL_RCCEx_PeriphCLKConfig
                0x08001324      0x20c Drivers\STM32F3xx_HAL_Driver\Src\stm32f3xx_hal_rcc_ex.o
                0x08001324                HAL_RCCEx_PeriphCLKConfig
 .text.UART_SetConfig
                0x08001530      0x210 Drivers\STM32F3xx_HAL_Driver\Src\stm32f3xx_hal_uart.o
                0x08001530                UART_SetConfig
 .text.UART_AdvFeatureConfig
                0x08001740       0xa8 Drivers\STM32F3xx_HAL_Driver\Src\stm32f3xx_hal_uart.o
                0x08001740                UART_AdvFeatureConfig
 .text.UART_WaitOnFlagUntilTimeout
                0x080017e8       0x62 Drivers\STM32F3xx_HAL_Driver\Src\stm32f3xx_hal_uart.o
                0x080017e8                UART_WaitOnFlagUntilTimeout
 .text.UART_CheckIdleState
                0x0800184a       0x64 Drivers\STM32F3xx_HAL_Driver\Src\stm32f3xx_hal_uart.o
                0x0800184a                UART_CheckIdleState
 .text.HAL_UART_Init
                0x080018ae       0x64 Drivers\STM32F3xx_HAL_Driver\Src\stm32f3xx_hal_uart.o
                0x080018ae                HAL_UART_Init
 *fill*         0x08001912        0x2 
 .text.MX_CAN_Init
                0x08001914       0x44 Src\can.o
                0x08001914                MX_CAN_Init
 .text.HAL_CAN_MspInit
                0x08001958       0x84 Src\can.o
                0x08001958                HAL_CAN_MspInit
 .text.canSetup
                0x080019dc       0x78 Src\can.o
                0x080019dc                canSetup
 .text.HAL_CAN_TxMailbox0CompleteCallback
                0x08001a54        0x4 Src\can.o
                0x08001a54                HAL_CAN_TxMailbox0CompleteCallback
 .text.HAL_CAN_RxFifo0MsgPendingCallback
                0x08001a58       0x24 Src\can.o
                0x08001a58                HAL_CAN_RxFifo0MsgPendingCallback
 .text.MX_GPIO_Init
                0x08001a7c       0x44 Src\gpio.o
                0x08001a7c                MX_GPIO_Init
 .text.MX_I2C1_Init
                0x08001ac0       0x58 Src\i2c.o
                0x08001ac0                MX_I2C1_Init
 .text.HAL_I2C_MspInit
                0x08001b18       0x6c Src\i2c.o
                0x08001b18                HAL_I2C_MspInit
 .text.SystemClock_Config
                0x08001b84       0x6a Src\main.o
                0x08001b84                SystemClock_Config
 *fill*         0x08001bee        0x2 
 .text.startup.main
                0x08001bf0       0x64 Src\main.o
                0x08001bf0                main
 .text.Error_Handler
                0x08001c54        0x2 Src\main.o
                0x08001c54                Error_Handler
 *fill*         0x08001c56        0x2 
 .text.HAL_MspInit
                0x08001c58       0x30 Src\stm32f3xx_hal_msp.o
                0x08001c58                HAL_MspInit
 .text.NMI_Handler
                0x08001c88        0x2 Src\stm32f3xx_it.o
                0x08001c88                NMI_Handler
 .text.HardFault_Handler
                0x08001c8a        0x2 Src\stm32f3xx_it.o
                0x08001c8a                HardFault_Handler
 .text.MemManage_Handler
                0x08001c8c        0x2 Src\stm32f3xx_it.o
                0x08001c8c                MemManage_Handler
 .text.BusFault_Handler
                0x08001c8e        0x2 Src\stm32f3xx_it.o
                0x08001c8e                BusFault_Handler
 .text.UsageFault_Handler
                0x08001c90        0x2 Src\stm32f3xx_it.o
                0x08001c90                UsageFault_Handler
 .text.SVC_Handler
                0x08001c92        0x2 Src\stm32f3xx_it.o
                0x08001c92                SVC_Handler
 .text.DebugMon_Handler
                0x08001c94        0x2 Src\stm32f3xx_it.o
                0x08001c94                DebugMon_Handler
 .text.PendSV_Handler
                0x08001c96        0x2 Src\stm32f3xx_it.o
                0x08001c96                PendSV_Handler
 .text.SysTick_Handler
                0x08001c98        0x4 Src\stm32f3xx_it.o
                0x08001c98                SysTick_Handler
 .text.USB_LP_CAN_RX0_IRQHandler
                0x08001c9c        0xc Src\stm32f3xx_it.o
                0x08001c9c                USB_LP_CAN_RX0_IRQHandler
 .text.USB_HP_CAN_TX_IRQHandler
                0x08001ca8        0x4 Src\stm32f3xx_it.o
                0x08001ca8                USB_HP_CAN_TX_IRQHandler
 .text.SystemInit
                0x08001cac       0x68 Src\system_stm32f3xx.o
                0x08001cac                SystemInit
 .text.MX_USART3_UART_Init
                0x08001d14       0x40 Src\usart.o
                0x08001d14                MX_USART3_UART_Init
 .text.HAL_UART_MspInit
                0x08001d54       0x94 Src\usart.o
                0x08001d54                HAL_UART_MspInit
 .text.Reset_Handler
                0x08001de8       0x50 startup\startup_stm32f303xc.o
                0x08001de8                Reset_Handler
 .text.Default_Handler
                0x08001e38        0x2 startup\startup_stm32f303xc.o
                0x08001e38                RTC_Alarm_IRQHandler
                0x08001e38                TIM8_TRG_COM_IRQHandler
                0x08001e38                TIM8_CC_IRQHandler
                0x08001e38                TIM1_CC_IRQHandler
                0x08001e38                USB_HP_IRQHandler
                0x08001e38                PVD_IRQHandler
                0x08001e38                TAMP_STAMP_IRQHandler
                0x08001e38                EXTI3_IRQHandler
                0x08001e38                EXTI0_IRQHandler
                0x08001e38                I2C2_EV_IRQHandler
                0x08001e38                FPU_IRQHandler
                0x08001e38                TIM1_UP_TIM16_IRQHandler
                0x08001e38                ADC1_2_IRQHandler
                0x08001e38                SPI1_IRQHandler
                0x08001e38                CAN_SCE_IRQHandler
                0x08001e38                TIM6_DAC_IRQHandler
                0x08001e38                TIM8_UP_IRQHandler
                0x08001e38                DMA2_Channel2_IRQHandler
                0x08001e38                DMA1_Channel4_IRQHandler
                0x08001e38                USART3_IRQHandler
                0x08001e38                DMA1_Channel7_IRQHandler
                0x08001e38                UART5_IRQHandler
                0x08001e38                ADC3_IRQHandler
                0x08001e38                TIM4_IRQHandler
                0x08001e38                CAN_RX1_IRQHandler
                0x08001e38                DMA2_Channel1_IRQHandler
                0x08001e38                I2C1_EV_IRQHandler
                0x08001e38                DMA1_Channel6_IRQHandler
                0x08001e38                UART4_IRQHandler
                0x08001e38                DMA2_Channel4_IRQHandler
                0x08001e38                TIM3_IRQHandler
                0x08001e38                RCC_IRQHandler
                0x08001e38                DMA1_Channel1_IRQHandler
                0x08001e38                Default_Handler
                0x08001e38                USBWakeUp_RMP_IRQHandler
                0x08001e38                EXTI15_10_IRQHandler
                0x08001e38                TIM7_IRQHandler
                0x08001e38                EXTI9_5_IRQHandler
                0x08001e38                RTC_WKUP_IRQHandler
                0x08001e38                SPI2_IRQHandler
                0x08001e38                DMA2_Channel5_IRQHandler
                0x08001e38                DMA1_Channel5_IRQHandler
                0x08001e38                USB_LP_IRQHandler
                0x08001e38                EXTI4_IRQHandler
                0x08001e38                TIM1_TRG_COM_TIM17_IRQHandler
                0x08001e38                DMA1_Channel3_IRQHandler
                0x08001e38                ADC4_IRQHandler
                0x08001e38                WWDG_IRQHandler
                0x08001e38                TIM2_IRQHandler
                0x08001e38                COMP7_IRQHandler
                0x08001e38                COMP1_2_3_IRQHandler
                0x08001e38                EXTI1_IRQHandler
                0x08001e38                USART2_IRQHandler
                0x08001e38                COMP4_5_6_IRQHandler
                0x08001e38                I2C2_ER_IRQHandler
                0x08001e38                DMA1_Channel2_IRQHandler
                0x08001e38                TIM8_BRK_IRQHandler
                0x08001e38                FLASH_IRQHandler
                0x08001e38                USART1_IRQHandler
                0x08001e38                SPI3_IRQHandler
                0x08001e38                I2C1_ER_IRQHandler
                0x08001e38                USBWakeUp_IRQHandler
                0x08001e38                DMA2_Channel3_IRQHandler
                0x08001e38                EXTI2_TSC_IRQHandler
                0x08001e38                TIM1_BRK_TIM15_IRQHandler
 *fill*         0x08001e3a        0x2 
 .text.__libc_init_array
                0x08001e3c       0x48 c:/program files (x86)/atollic/truestudio for stm32 9.2.0/armtools/bin/../lib/gcc/arm-atollic-eabi/6.3.1/../../../../arm-atollic-eabi/lib/armv7e-m/fpu\libc_nano.a(lib_a-init.o)
                0x08001e3c                __libc_init_array
 .text.memset   0x08001e84       0x10 c:/program files (x86)/atollic/truestudio for stm32 9.2.0/armtools/bin/../lib/gcc/arm-atollic-eabi/6.3.1/../../../../arm-atollic-eabi/lib/armv7e-m/fpu\libc_nano.a(lib_a-memset.o)
                0x08001e84                memset
 *(.glue_7)
 .glue_7        0x08001e94        0x0 linker stubs
 *(.glue_7t)
 .glue_7t       0x08001e94        0x0 linker stubs
 *(.eh_frame)
 .eh_frame      0x08001e94        0x0 c:/program files (x86)/atollic/truestudio for stm32 9.2.0/armtools/bin/../lib/gcc/arm-atollic-eabi/6.3.1/armv7e-m/fpu/crtbegin.o
 *(.init)
 .init          0x08001e94        0x4 c:/program files (x86)/atollic/truestudio for stm32 9.2.0/armtools/bin/../lib/gcc/arm-atollic-eabi/6.3.1/armv7e-m/fpu/crti.o
                0x08001e94                _init
 .init          0x08001e98        0x8 c:/program files (x86)/atollic/truestudio for stm32 9.2.0/armtools/bin/../lib/gcc/arm-atollic-eabi/6.3.1/armv7e-m/fpu/crtn.o
 *(.fini)
 .fini          0x08001ea0        0x4 c:/program files (x86)/atollic/truestudio for stm32 9.2.0/armtools/bin/../lib/gcc/arm-atollic-eabi/6.3.1/armv7e-m/fpu/crti.o
                0x08001ea0                _fini
 .fini          0x08001ea4        0x8 c:/program files (x86)/atollic/truestudio for stm32 9.2.0/armtools/bin/../lib/gcc/arm-atollic-eabi/6.3.1/armv7e-m/fpu/crtn.o
                0x08001eac                . = ALIGN (0x4)
                0x08001eac                _etext = .

.vfp11_veneer   0x08001eac        0x0
 .vfp11_veneer  0x08001eac        0x0 linker stubs

.v4_bx          0x08001eac        0x0
 .v4_bx         0x08001eac        0x0 linker stubs

.iplt           0x08001eac        0x0
 .iplt          0x08001eac        0x0 c:/program files (x86)/atollic/truestudio for stm32 9.2.0/armtools/bin/../lib/gcc/arm-atollic-eabi/6.3.1/armv7e-m/fpu/crtbegin.o

.rodata         0x08001eac       0x3c
                0x08001eac                . = ALIGN (0x4)
 *(.rodata)
 *(.rodata*)
 .rodata.aPLLMULFactorTable
                0x08001eac       0x10 Drivers\STM32F3xx_HAL_Driver\Src\stm32f3xx_hal_rcc.o
                0x08001eac                aPLLMULFactorTable
 .rodata.aPredivFactorTable
                0x08001ebc       0x10 Drivers\STM32F3xx_HAL_Driver\Src\stm32f3xx_hal_rcc.o
                0x08001ebc                aPredivFactorTable
 .rodata.CSWTCH.45
                0x08001ecc        0x4 Drivers\STM32F3xx_HAL_Driver\Src\stm32f3xx_hal_uart.o
 .rodata.AHBPrescTable
                0x08001ed0       0x10 Src\system_stm32f3xx.o
                0x08001ed0                AHBPrescTable
 .rodata.APBPrescTable
                0x08001ee0        0x8 Src\system_stm32f3xx.o
                0x08001ee0                APBPrescTable
                0x08001ee8                . = ALIGN (0x4)

.rel.dyn        0x08001ee8        0x0
 .rel.iplt      0x08001ee8        0x0 c:/program files (x86)/atollic/truestudio for stm32 9.2.0/armtools/bin/../lib/gcc/arm-atollic-eabi/6.3.1/armv7e-m/fpu/crtbegin.o

.ARM.extab
 *(.ARM.extab* .gnu.linkonce.armextab.*)

.ARM            0x08001ee8        0x0
                0x08001ee8                __exidx_start = .
 *(.ARM.exidx*)
                0x08001ee8                __exidx_end = .

.preinit_array  0x08001ee8        0x0
                0x08001ee8                PROVIDE (__preinit_array_start, .)
 *(.preinit_array*)
                0x08001ee8                PROVIDE (__preinit_array_end, .)

.init_array     0x08001ee8        0x4
                0x08001ee8                PROVIDE (__init_array_start, .)
 *(SORT(.init_array.*))
 *(.init_array*)
 .init_array    0x08001ee8        0x4 c:/program files (x86)/atollic/truestudio for stm32 9.2.0/armtools/bin/../lib/gcc/arm-atollic-eabi/6.3.1/armv7e-m/fpu/crtbegin.o
                0x08001eec                PROVIDE (__init_array_end, .)

.fini_array     0x08001eec        0x4
                [!provide]                PROVIDE (__fini_array_start, .)
 *(SORT(.fini_array.*))
 *(.fini_array*)
 .fini_array    0x08001eec        0x4 c:/program files (x86)/atollic/truestudio for stm32 9.2.0/armtools/bin/../lib/gcc/arm-atollic-eabi/6.3.1/armv7e-m/fpu/crtbegin.o
                [!provide]                PROVIDE (__fini_array_end, .)
                0x08001ef0                _sidata = LOADADDR (.data)

.data           0x20000000        0xc load address 0x08001ef0
                0x20000000                . = ALIGN (0x4)
                0x20000000                _sdata = .
 *(.data)
 *(.data*)
 .data.uwTickFreq
                0x20000000        0x1 Drivers\STM32F3xx_HAL_Driver\Src\stm32f3xx_hal.o
                0x20000000                uwTickFreq
 *fill*         0x20000001        0x3 
 .data.uwTickPrio
                0x20000004        0x4 Drivers\STM32F3xx_HAL_Driver\Src\stm32f3xx_hal.o
                0x20000004                uwTickPrio
 .data.SystemCoreClock
                0x20000008        0x4 Src\system_stm32f3xx.o
                0x20000008                SystemCoreClock
                0x2000000c                . = ALIGN (0x4)
                0x2000000c                _edata = .
                0x08001efc                _siccmram = LOADADDR (.ccmram)

.igot.plt       0x2000000c        0x0 load address 0x08001efc
 .igot.plt      0x2000000c        0x0 c:/program files (x86)/atollic/truestudio for stm32 9.2.0/armtools/bin/../lib/gcc/arm-atollic-eabi/6.3.1/armv7e-m/fpu/crtbegin.o

.ccmram         0x10000000        0x0 load address 0x08001efc
                0x10000000                . = ALIGN (0x4)
                0x10000000                _sccmram = .
 *(.ccmram)
 *(.ccmram*)
                0x10000000                . = ALIGN (0x4)
                0x10000000                _eccmram = .
                0x10000000                . = ALIGN (0x4)

.bss            0x2000000c      0x178
                0x2000000c                _sbss = .
                0x2000000c                __bss_start__ = _sbss
 *(.bss)
 .bss           0x2000000c       0x1c c:/program files (x86)/atollic/truestudio for stm32 9.2.0/armtools/bin/../lib/gcc/arm-atollic-eabi/6.3.1/armv7e-m/fpu/crtbegin.o
 *(.bss*)
 *(COMMON)
 COMMON         0x20000028        0x4 Drivers\STM32F3xx_HAL_Driver\Src\stm32f3xx_hal.o
                0x20000028                uwTick
 COMMON         0x2000002c       0x9c Src\can.o
                0x2000002c                sFilterConfig
                0x20000054                hcan
                0x2000007c                test
                0x2000007d                TxData
                0x20000088                TxMailbox
                0x2000008c                RxData
                0x20000094                TxHeader
                0x200000ac                RxHeader
 COMMON         0x200000c8       0x4c Src\i2c.o
                0x200000c8                hi2c1
 COMMON         0x20000114       0x70 Src\usart.o
                0x20000114                huart3
                0x20000184                . = ALIGN (0x4)
                0x20000184                _ebss = .
                0x20000184                __bss_end__ = _ebss

._user_heap_stack
                0x20000184      0x600
                0x20000184                . = ALIGN (0x4)
                [!provide]                PROVIDE (end, .)
                [!provide]                PROVIDE (_end, .)
                0x20000384                . = (. + _Min_Heap_Size)
 *fill*         0x20000184      0x200 
                0x20000784                . = (. + _Min_Stack_Size)
 *fill*         0x20000384      0x400 
                0x20000784                . = ALIGN (0x4)

/DISCARD/
 libc.a(*)
 libm.a(*)
 libgcc.a(*)

.ARM.attributes
                0x00000000       0x30
 *(.ARM.attributes)
 .ARM.attributes
                0x00000000       0x22 c:/program files (x86)/atollic/truestudio for stm32 9.2.0/armtools/bin/../lib/gcc/arm-atollic-eabi/6.3.1/armv7e-m/fpu/crti.o
 .ARM.attributes
                0x00000022       0x34 c:/program files (x86)/atollic/truestudio for stm32 9.2.0/armtools/bin/../lib/gcc/arm-atollic-eabi/6.3.1/armv7e-m/fpu/crtbegin.o
 .ARM.attributes
                0x00000056       0x39 Drivers\STM32F3xx_HAL_Driver\Src\stm32f3xx_hal.o
 .ARM.attributes
                0x0000008f       0x39 Drivers\STM32F3xx_HAL_Driver\Src\stm32f3xx_hal_can.o
 .ARM.attributes
                0x000000c8       0x39 Drivers\STM32F3xx_HAL_Driver\Src\stm32f3xx_hal_cortex.o
 .ARM.attributes
                0x00000101       0x39 Drivers\STM32F3xx_HAL_Driver\Src\stm32f3xx_hal_gpio.o
 .ARM.attributes
                0x0000013a       0x39 Drivers\STM32F3xx_HAL_Driver\Src\stm32f3xx_hal_i2c.o
 .ARM.attributes
                0x00000173       0x39 Drivers\STM32F3xx_HAL_Driver\Src\stm32f3xx_hal_i2c_ex.o
 .ARM.attributes
                0x000001ac       0x39 Drivers\STM32F3xx_HAL_Driver\Src\stm32f3xx_hal_rcc.o
 .ARM.attributes
                0x000001e5       0x39 Drivers\STM32F3xx_HAL_Driver\Src\stm32f3xx_hal_rcc_ex.o
 .ARM.attributes
                0x0000021e       0x39 Drivers\STM32F3xx_HAL_Driver\Src\stm32f3xx_hal_uart.o
 .ARM.attributes
                0x00000257       0x39 Src\can.o
 .ARM.attributes
                0x00000290       0x39 Src\gpio.o
 .ARM.attributes
                0x000002c9       0x39 Src\i2c.o
 .ARM.attributes
                0x00000302       0x39 Src\main.o
 .ARM.attributes
                0x0000033b       0x39 Src\stm32f3xx_hal_msp.o
 .ARM.attributes
                0x00000374       0x39 Src\stm32f3xx_it.o
 .ARM.attributes
                0x000003ad       0x39 Src\system_stm32f3xx.o
 .ARM.attributes
                0x000003e6       0x39 Src\usart.o
 .ARM.attributes
                0x0000041f       0x21 startup\startup_stm32f303xc.o
 .ARM.attributes
                0x00000440       0x34 c:/program files (x86)/atollic/truestudio for stm32 9.2.0/armtools/bin/../lib/gcc/arm-atollic-eabi/6.3.1/../../../../arm-atollic-eabi/lib/armv7e-m/fpu\libc_nano.a(lib_a-init.o)
 .ARM.attributes
                0x00000474       0x34 c:/program files (x86)/atollic/truestudio for stm32 9.2.0/armtools/bin/../lib/gcc/arm-atollic-eabi/6.3.1/../../../../arm-atollic-eabi/lib/armv7e-m/fpu\libc_nano.a(lib_a-memset.o)
 .ARM.attributes
                0x000004a8       0x22 c:/program files (x86)/atollic/truestudio for stm32 9.2.0/armtools/bin/../lib/gcc/arm-atollic-eabi/6.3.1/armv7e-m/fpu/crtn.o
OUTPUT(CAN Test Node.elf elf32-littlearm)

.debug_info     0x00000000    0x16d44
 .debug_info    0x00000000     0x10b4 Drivers\STM32F3xx_HAL_Driver\Src\stm32f3xx_hal.o
 .debug_info    0x000010b4     0x1913 Drivers\STM32F3xx_HAL_Driver\Src\stm32f3xx_hal_can.o
 .debug_info    0x000029c7     0x1702 Drivers\STM32F3xx_HAL_Driver\Src\stm32f3xx_hal_cortex.o
 .debug_info    0x000040c9      0xf36 Drivers\STM32F3xx_HAL_Driver\Src\stm32f3xx_hal_gpio.o
 .debug_info    0x00004fff     0x3965 Drivers\STM32F3xx_HAL_Driver\Src\stm32f3xx_hal_i2c.o
 .debug_info    0x00008964     0x10ec Drivers\STM32F3xx_HAL_Driver\Src\stm32f3xx_hal_i2c_ex.o
 .debug_info    0x00009a50     0x1bc7 Drivers\STM32F3xx_HAL_Driver\Src\stm32f3xx_hal_rcc.o
 .debug_info    0x0000b617      0xf4c Drivers\STM32F3xx_HAL_Driver\Src\stm32f3xx_hal_rcc_ex.o
 .debug_info    0x0000c563     0x2275 Drivers\STM32F3xx_HAL_Driver\Src\stm32f3xx_hal_uart.o
 .debug_info    0x0000e7d8     0x1659 Src\can.o
 .debug_info    0x0000fe31      0xaab Src\gpio.o
 .debug_info    0x000108dc     0x120e Src\i2c.o
 .debug_info    0x00011aea     0x1a5f Src\main.o
 .debug_info    0x00013549      0xa8f Src\stm32f3xx_hal_msp.o
 .debug_info    0x00013fd8      0xe0b Src\stm32f3xx_it.o
 .debug_info    0x00014de3      0xc74 Src\system_stm32f3xx.o
 .debug_info    0x00015a57     0x123f Src\usart.o
 .debug_info    0x00016c96       0xae startup\startup_stm32f303xc.o

.debug_abbrev   0x00000000     0x2db3
 .debug_abbrev  0x00000000      0x2f5 Drivers\STM32F3xx_HAL_Driver\Src\stm32f3xx_hal.o
 .debug_abbrev  0x000002f5      0x36a Drivers\STM32F3xx_HAL_Driver\Src\stm32f3xx_hal_can.o
 .debug_abbrev  0x0000065f      0x37d Drivers\STM32F3xx_HAL_Driver\Src\stm32f3xx_hal_cortex.o
 .debug_abbrev  0x000009dc      0x268 Drivers\STM32F3xx_HAL_Driver\Src\stm32f3xx_hal_gpio.o
 .debug_abbrev  0x00000c44      0x3b8 Drivers\STM32F3xx_HAL_Driver\Src\stm32f3xx_hal_i2c.o
 .debug_abbrev  0x00000ffc      0x218 Drivers\STM32F3xx_HAL_Driver\Src\stm32f3xx_hal_i2c_ex.o
 .debug_abbrev  0x00001214      0x358 Drivers\STM32F3xx_HAL_Driver\Src\stm32f3xx_hal_rcc.o
 .debug_abbrev  0x0000156c      0x329 Drivers\STM32F3xx_HAL_Driver\Src\stm32f3xx_hal_rcc_ex.o
 .debug_abbrev  0x00001895      0x384 Drivers\STM32F3xx_HAL_Driver\Src\stm32f3xx_hal_uart.o
 .debug_abbrev  0x00001c19      0x2ac Src\can.o
 .debug_abbrev  0x00001ec5      0x1c9 Src\gpio.o
 .debug_abbrev  0x0000208e      0x258 Src\i2c.o
 .debug_abbrev  0x000022e6      0x2aa Src\main.o
 .debug_abbrev  0x00002590      0x1be Src\stm32f3xx_hal_msp.o
 .debug_abbrev  0x0000274e      0x224 Src\stm32f3xx_it.o
 .debug_abbrev  0x00002972      0x1e2 Src\system_stm32f3xx.o
 .debug_abbrev  0x00002b54      0x24d Src\usart.o
 .debug_abbrev  0x00002da1       0x12 startup\startup_stm32f303xc.o

.debug_loc      0x00000000     0x6bb7
 .debug_loc     0x00000000      0x11b Drivers\STM32F3xx_HAL_Driver\Src\stm32f3xx_hal.o
 .debug_loc     0x0000011b      0xa88 Drivers\STM32F3xx_HAL_Driver\Src\stm32f3xx_hal_can.o
 .debug_loc     0x00000ba3      0x4fb Drivers\STM32F3xx_HAL_Driver\Src\stm32f3xx_hal_cortex.o
 .debug_loc     0x0000109e      0x2b9 Drivers\STM32F3xx_HAL_Driver\Src\stm32f3xx_hal_gpio.o
 .debug_loc     0x00001357     0x30e5 Drivers\STM32F3xx_HAL_Driver\Src\stm32f3xx_hal_i2c.o
 .debug_loc     0x0000443c      0x1b8 Drivers\STM32F3xx_HAL_Driver\Src\stm32f3xx_hal_i2c_ex.o
 .debug_loc     0x000045f4      0x8df Drivers\STM32F3xx_HAL_Driver\Src\stm32f3xx_hal_rcc.o
 .debug_loc     0x00004ed3      0x666 Drivers\STM32F3xx_HAL_Driver\Src\stm32f3xx_hal_rcc_ex.o
 .debug_loc     0x00005539     0x1431 Drivers\STM32F3xx_HAL_Driver\Src\stm32f3xx_hal_uart.o
 .debug_loc     0x0000696a       0xbb Src\can.o
 .debug_loc     0x00006a25       0x58 Src\i2c.o
 .debug_loc     0x00006a7d       0xe2 Src\system_stm32f3xx.o
 .debug_loc     0x00006b5f       0x58 Src\usart.o

.debug_aranges  0x00000000      0x900
 .debug_aranges
                0x00000000       0xd8 Drivers\STM32F3xx_HAL_Driver\Src\stm32f3xx_hal.o
 .debug_aranges
                0x000000d8       0xc8 Drivers\STM32F3xx_HAL_Driver\Src\stm32f3xx_hal_can.o
 .debug_aranges
                0x000001a0       0xa8 Drivers\STM32F3xx_HAL_Driver\Src\stm32f3xx_hal_cortex.o
 .debug_aranges
                0x00000248       0x58 Drivers\STM32F3xx_HAL_Driver\Src\stm32f3xx_hal_gpio.o
 .debug_aranges
                0x000002a0      0x200 Drivers\STM32F3xx_HAL_Driver\Src\stm32f3xx_hal_i2c.o
 .debug_aranges
                0x000004a0       0x48 Drivers\STM32F3xx_HAL_Driver\Src\stm32f3xx_hal_i2c_ex.o
 .debug_aranges
                0x000004e8       0x88 Drivers\STM32F3xx_HAL_Driver\Src\stm32f3xx_hal_rcc.o
 .debug_aranges
                0x00000570       0x38 Drivers\STM32F3xx_HAL_Driver\Src\stm32f3xx_hal_rcc_ex.o
 .debug_aranges
                0x000005a8      0x1a0 Drivers\STM32F3xx_HAL_Driver\Src\stm32f3xx_hal_uart.o
 .debug_aranges
                0x00000748       0x48 Src\can.o
 .debug_aranges
                0x00000790       0x20 Src\gpio.o
 .debug_aranges
                0x000007b0       0x30 Src\i2c.o
 .debug_aranges
                0x000007e0       0x30 Src\main.o
 .debug_aranges
                0x00000810       0x20 Src\stm32f3xx_hal_msp.o
 .debug_aranges
                0x00000830       0x50 Src\stm32f3xx_it.o
 .debug_aranges
                0x00000880       0x28 Src\system_stm32f3xx.o
 .debug_aranges
                0x000008a8       0x30 Src\usart.o
 .debug_aranges
                0x000008d8       0x28 startup\startup_stm32f303xc.o

.debug_ranges   0x00000000      0xbb0
 .debug_ranges  0x00000000       0xc8 Drivers\STM32F3xx_HAL_Driver\Src\stm32f3xx_hal.o
 .debug_ranges  0x000000c8       0xb8 Drivers\STM32F3xx_HAL_Driver\Src\stm32f3xx_hal_can.o
 .debug_ranges  0x00000180      0x138 Drivers\STM32F3xx_HAL_Driver\Src\stm32f3xx_hal_cortex.o
 .debug_ranges  0x000002b8       0x68 Drivers\STM32F3xx_HAL_Driver\Src\stm32f3xx_hal_gpio.o
 .debug_ranges  0x00000320      0x268 Drivers\STM32F3xx_HAL_Driver\Src\stm32f3xx_hal_i2c.o
 .debug_ranges  0x00000588       0x68 Drivers\STM32F3xx_HAL_Driver\Src\stm32f3xx_hal_i2c_ex.o
 .debug_ranges  0x000005f0      0x1d8 Drivers\STM32F3xx_HAL_Driver\Src\stm32f3xx_hal_rcc.o
 .debug_ranges  0x000007c8       0x90 Drivers\STM32F3xx_HAL_Driver\Src\stm32f3xx_hal_rcc_ex.o
 .debug_ranges  0x00000858      0x190 Drivers\STM32F3xx_HAL_Driver\Src\stm32f3xx_hal_uart.o
 .debug_ranges  0x000009e8       0x50 Src\can.o
 .debug_ranges  0x00000a38       0x28 Src\gpio.o
 .debug_ranges  0x00000a60       0x38 Src\i2c.o
 .debug_ranges  0x00000a98       0x20 Src\main.o
 .debug_ranges  0x00000ab8       0x28 Src\stm32f3xx_hal_msp.o
 .debug_ranges  0x00000ae0       0x40 Src\stm32f3xx_it.o
 .debug_ranges  0x00000b20       0x18 Src\system_stm32f3xx.o
 .debug_ranges  0x00000b38       0x58 Src\usart.o
 .debug_ranges  0x00000b90       0x20 startup\startup_stm32f303xc.o

.debug_line     0x00000000     0x61fe
 .debug_line    0x00000000      0x47d Drivers\STM32F3xx_HAL_Driver\Src\stm32f3xx_hal.o
 .debug_line    0x0000047d      0x685 Drivers\STM32F3xx_HAL_Driver\Src\stm32f3xx_hal_can.o
 .debug_line    0x00000b02      0x4db Drivers\STM32F3xx_HAL_Driver\Src\stm32f3xx_hal_cortex.o
 .debug_line    0x00000fdd      0x46f Drivers\STM32F3xx_HAL_Driver\Src\stm32f3xx_hal_gpio.o
 .debug_line    0x0000144c     0x15c0 Drivers\STM32F3xx_HAL_Driver\Src\stm32f3xx_hal_i2c.o
 .debug_line    0x00002a0c      0x404 Drivers\STM32F3xx_HAL_Driver\Src\stm32f3xx_hal_i2c_ex.o
 .debug_line    0x00002e10      0x86c Drivers\STM32F3xx_HAL_Driver\Src\stm32f3xx_hal_rcc.o
 .debug_line    0x0000367c      0x53c Drivers\STM32F3xx_HAL_Driver\Src\stm32f3xx_hal_rcc_ex.o
 .debug_line    0x00003bb8      0xd45 Drivers\STM32F3xx_HAL_Driver\Src\stm32f3xx_hal_uart.o
 .debug_line    0x000048fd      0x39f Src\can.o
 .debug_line    0x00004c9c      0x271 Src\gpio.o
 .debug_line    0x00004f0d      0x346 Src\i2c.o
 .debug_line    0x00005253      0x3af Src\main.o
 .debug_line    0x00005602      0x27e Src\stm32f3xx_hal_msp.o
 .debug_line    0x00005880      0x2fc Src\stm32f3xx_it.o
 .debug_line    0x00005b7c      0x2b7 Src\system_stm32f3xx.o
 .debug_line    0x00005e33      0x34c Src\usart.o
 .debug_line    0x0000617f       0x7f startup\startup_stm32f303xc.o

.debug_str      0x00000000     0x38f0
 .debug_str     0x00000000      0xdc1 Drivers\STM32F3xx_HAL_Driver\Src\stm32f3xx_hal.o
                                0xe62 (size before relaxing)
 .debug_str     0x00000dc1      0x7f9 Drivers\STM32F3xx_HAL_Driver\Src\stm32f3xx_hal_can.o
                                0xf89 (size before relaxing)
 .debug_str     0x000015ba      0x3be Drivers\STM32F3xx_HAL_Driver\Src\stm32f3xx_hal_cortex.o
                               0x1080 (size before relaxing)
 .debug_str     0x00001978      0x1e4 Drivers\STM32F3xx_HAL_Driver\Src\stm32f3xx_hal_gpio.o
                                0x98b (size before relaxing)
 .debug_str     0x00001b5c      0xbe6 Drivers\STM32F3xx_HAL_Driver\Src\stm32f3xx_hal_i2c.o
                               0x13bf (size before relaxing)
 .debug_str     0x00002742       0xf3 Drivers\STM32F3xx_HAL_Driver\Src\stm32f3xx_hal_i2c_ex.o
                                0xd23 (size before relaxing)
 .debug_str     0x00002835      0x2f4 Drivers\STM32F3xx_HAL_Driver\Src\stm32f3xx_hal_rcc.o
                                0xb6a (size before relaxing)
 .debug_str     0x00002b29      0x22f Drivers\STM32F3xx_HAL_Driver\Src\stm32f3xx_hal_rcc_ex.o
                                0xa6c (size before relaxing)
 .debug_str     0x00002d58      0x91d Drivers\STM32F3xx_HAL_Driver\Src\stm32f3xx_hal_uart.o
                               0x137f (size before relaxing)
 .debug_str     0x00003675       0x91 Src\can.o
                               0x117d (size before relaxing)
 .debug_str     0x00003706       0x1b Src\gpio.o
                                0x757 (size before relaxing)
 .debug_str     0x00003721       0x2a Src\i2c.o
                                0xd29 (size before relaxing)
 .debug_str     0x0000374b       0x47 Src\main.o
                               0x145d (size before relaxing)
 .debug_str     0x00003792       0x1b Src\stm32f3xx_hal_msp.o
                                0x763 (size before relaxing)
 .debug_str     0x000037ad       0xd9 Src\stm32f3xx_it.o
                                0xa79 (size before relaxing)
 .debug_str     0x00003886       0x50 Src\system_stm32f3xx.o
                                0x7e7 (size before relaxing)
 .debug_str     0x000038d6       0x1a Src\usart.o
                                0xcd0 (size before relaxing)

.comment        0x00000000       0x7c
 .comment       0x00000000       0x7c Drivers\STM32F3xx_HAL_Driver\Src\stm32f3xx_hal.o
                                 0x7d (size before relaxing)
 .comment       0x0000007c       0x7d Drivers\STM32F3xx_HAL_Driver\Src\stm32f3xx_hal_can.o
 .comment       0x0000007c       0x7d Drivers\STM32F3xx_HAL_Driver\Src\stm32f3xx_hal_cortex.o
 .comment       0x0000007c       0x7d Drivers\STM32F3xx_HAL_Driver\Src\stm32f3xx_hal_gpio.o
 .comment       0x0000007c       0x7d Drivers\STM32F3xx_HAL_Driver\Src\stm32f3xx_hal_i2c.o
 .comment       0x0000007c       0x7d Drivers\STM32F3xx_HAL_Driver\Src\stm32f3xx_hal_i2c_ex.o
 .comment       0x0000007c       0x7d Drivers\STM32F3xx_HAL_Driver\Src\stm32f3xx_hal_rcc.o
 .comment       0x0000007c       0x7d Drivers\STM32F3xx_HAL_Driver\Src\stm32f3xx_hal_rcc_ex.o
 .comment       0x0000007c       0x7d Drivers\STM32F3xx_HAL_Driver\Src\stm32f3xx_hal_uart.o
 .comment       0x0000007c       0x7d Src\can.o
 .comment       0x0000007c       0x7d Src\gpio.o
 .comment       0x0000007c       0x7d Src\i2c.o
 .comment       0x0000007c       0x7d Src\main.o
 .comment       0x0000007c       0x7d Src\stm32f3xx_hal_msp.o
 .comment       0x0000007c       0x7d Src\stm32f3xx_it.o
 .comment       0x0000007c       0x7d Src\system_stm32f3xx.o
 .comment       0x0000007c       0x7d Src\usart.o

.debug_frame    0x00000000     0x1a44
 .debug_frame   0x00000000      0x1d0 Drivers\STM32F3xx_HAL_Driver\Src\stm32f3xx_hal.o
 .debug_frame   0x000001d0      0x2cc Drivers\STM32F3xx_HAL_Driver\Src\stm32f3xx_hal_can.o
 .debug_frame   0x0000049c      0x158 Drivers\STM32F3xx_HAL_Driver\Src\stm32f3xx_hal_cortex.o
 .debug_frame   0x000005f4       0xd4 Drivers\STM32F3xx_HAL_Driver\Src\stm32f3xx_hal_gpio.o
 .debug_frame   0x000006c8      0x804 Drivers\STM32F3xx_HAL_Driver\Src\stm32f3xx_hal_i2c.o
 .debug_frame   0x00000ecc       0x90 Drivers\STM32F3xx_HAL_Driver\Src\stm32f3xx_hal_i2c_ex.o
 .debug_frame   0x00000f5c      0x148 Drivers\STM32F3xx_HAL_Driver\Src\stm32f3xx_hal_rcc.o
 .debug_frame   0x000010a4       0xb8 Drivers\STM32F3xx_HAL_Driver\Src\stm32f3xx_hal_rcc_ex.o
 .debug_frame   0x0000115c      0x568 Drivers\STM32F3xx_HAL_Driver\Src\stm32f3xx_hal_uart.o
 .debug_frame   0x000016c4       0xbc Src\can.o
 .debug_frame   0x00001780       0x28 Src\gpio.o
 .debug_frame   0x000017a8       0x60 Src\i2c.o
 .debug_frame   0x00001808       0x5c Src\main.o
 .debug_frame   0x00001864       0x28 Src\stm32f3xx_hal_msp.o
 .debug_frame   0x0000188c       0xc0 Src\stm32f3xx_it.o
 .debug_frame   0x0000194c       0x38 Src\system_stm32f3xx.o
 .debug_frame   0x00001984       0x74 Src\usart.o
 .debug_frame   0x000019f8       0x2c c:/program files (x86)/atollic/truestudio for stm32 9.2.0/armtools/bin/../lib/gcc/arm-atollic-eabi/6.3.1/../../../../arm-atollic-eabi/lib/armv7e-m/fpu\libc_nano.a(lib_a-init.o)
 .debug_frame   0x00001a24       0x20 c:/program files (x86)/atollic/truestudio for stm32 9.2.0/armtools/bin/../lib/gcc/arm-atollic-eabi/6.3.1/../../../../arm-atollic-eabi/lib/armv7e-m/fpu\libc_nano.a(lib_a-memset.o)
