Archive member included to satisfy reference by file (symbol)

c:/program files (x86)/atollic/truestudio for stm32 9.2.0/armtools/bin/../lib/gcc/arm-atollic-eabi/6.3.1/../../../../arm-atollic-eabi/lib/armv7e-m/fpu\libc_nano.a(lib_a-abs.o)
                              Src\lcd.o (abs)
c:/program files (x86)/atollic/truestudio for stm32 9.2.0/armtools/bin/../lib/gcc/arm-atollic-eabi/6.3.1/../../../../arm-atollic-eabi/lib/armv7e-m/fpu\libc_nano.a(lib_a-efgcvt.o)
                              Src\lcd.o (gcvt)
c:/program files (x86)/atollic/truestudio for stm32 9.2.0/armtools/bin/../lib/gcc/arm-atollic-eabi/6.3.1/../../../../arm-atollic-eabi/lib/armv7e-m/fpu\libc_nano.a(lib_a-impure.o)
                              c:/program files (x86)/atollic/truestudio for stm32 9.2.0/armtools/bin/../lib/gcc/arm-atollic-eabi/6.3.1/../../../../arm-atollic-eabi/lib/armv7e-m/fpu\libc_nano.a(lib_a-efgcvt.o) (_impure_ptr)
c:/program files (x86)/atollic/truestudio for stm32 9.2.0/armtools/bin/../lib/gcc/arm-atollic-eabi/6.3.1/../../../../arm-atollic-eabi/lib/armv7e-m/fpu\libc_nano.a(lib_a-init.o)
                              startup\startup_stm32f303xc.o (__libc_init_array)
c:/program files (x86)/atollic/truestudio for stm32 9.2.0/armtools/bin/../lib/gcc/arm-atollic-eabi/6.3.1/../../../../arm-atollic-eabi/lib/armv7e-m/fpu\libc_nano.a(lib_a-memset.o)
                              Src\main.o (memset)
c:/program files (x86)/atollic/truestudio for stm32 9.2.0/armtools/bin/../lib/gcc/arm-atollic-eabi/6.3.1/../../../../arm-atollic-eabi/lib/armv7e-m/fpu\libc_nano.a(lib_a-ecvtbuf.o)
                              c:/program files (x86)/atollic/truestudio for stm32 9.2.0/armtools/bin/../lib/gcc/arm-atollic-eabi/6.3.1/../../../../arm-atollic-eabi/lib/armv7e-m/fpu\libc_nano.a(lib_a-efgcvt.o) (fcvtbuf)
c:/program files (x86)/atollic/truestudio for stm32 9.2.0/armtools/bin/../lib/gcc/arm-atollic-eabi/6.3.1/../../../../arm-atollic-eabi/lib/armv7e-m/fpu\libc_nano.a(lib_a-mprec.o)
                              c:/program files (x86)/atollic/truestudio for stm32 9.2.0/armtools/bin/../lib/gcc/arm-atollic-eabi/6.3.1/../../../../arm-atollic-eabi/lib/armv7e-m/fpu\libc_nano.a(lib_a-ecvtbuf.o) (_mprec_log10)
c:/program files (x86)/atollic/truestudio for stm32 9.2.0/armtools/bin/../lib/gcc/arm-atollic-eabi/6.3.1/../../../../arm-atollic-eabi/lib/armv7e-m/fpu\libc_nano.a(lib_a-nano-callocr.o)
                              c:/program files (x86)/atollic/truestudio for stm32 9.2.0/armtools/bin/../lib/gcc/arm-atollic-eabi/6.3.1/../../../../arm-atollic-eabi/lib/armv7e-m/fpu\libc_nano.a(lib_a-mprec.o) (_calloc_r)
c:/program files (x86)/atollic/truestudio for stm32 9.2.0/armtools/bin/../lib/gcc/arm-atollic-eabi/6.3.1/../../../../arm-atollic-eabi/lib/armv7e-m/fpu\libc_nano.a(lib_a-nano-mallocr.o)
                              c:/program files (x86)/atollic/truestudio for stm32 9.2.0/armtools/bin/../lib/gcc/arm-atollic-eabi/6.3.1/../../../../arm-atollic-eabi/lib/armv7e-m/fpu\libc_nano.a(lib_a-nano-callocr.o) (_malloc_r)
c:/program files (x86)/atollic/truestudio for stm32 9.2.0/armtools/bin/../lib/gcc/arm-atollic-eabi/6.3.1/../../../../arm-atollic-eabi/lib/armv7e-m/fpu\libc_nano.a(lib_a-nano-reallocr.o)
                              c:/program files (x86)/atollic/truestudio for stm32 9.2.0/armtools/bin/../lib/gcc/arm-atollic-eabi/6.3.1/../../../../arm-atollic-eabi/lib/armv7e-m/fpu\libc_nano.a(lib_a-ecvtbuf.o) (_realloc_r)
c:/program files (x86)/atollic/truestudio for stm32 9.2.0/armtools/bin/../lib/gcc/arm-atollic-eabi/6.3.1/../../../../arm-atollic-eabi/lib/armv7e-m/fpu\libc_nano.a(lib_a-sbrkr.o)
                              c:/program files (x86)/atollic/truestudio for stm32 9.2.0/armtools/bin/../lib/gcc/arm-atollic-eabi/6.3.1/../../../../arm-atollic-eabi/lib/armv7e-m/fpu\libc_nano.a(lib_a-nano-mallocr.o) (_sbrk_r)
c:/program files (x86)/atollic/truestudio for stm32 9.2.0/armtools/bin/../lib/gcc/arm-atollic-eabi/6.3.1/../../../../arm-atollic-eabi/lib/armv7e-m/fpu\libc_nano.a(lib_a-strcpy.o)
                              c:/program files (x86)/atollic/truestudio for stm32 9.2.0/armtools/bin/../lib/gcc/arm-atollic-eabi/6.3.1/../../../../arm-atollic-eabi/lib/armv7e-m/fpu\libc_nano.a(lib_a-ecvtbuf.o) (strcpy)
c:/program files (x86)/atollic/truestudio for stm32 9.2.0/armtools/bin/../lib/gcc/arm-atollic-eabi/6.3.1/../../../../arm-atollic-eabi/lib/armv7e-m/fpu\libc_nano.a(lib_a-dtoa.o)
                              c:/program files (x86)/atollic/truestudio for stm32 9.2.0/armtools/bin/../lib/gcc/arm-atollic-eabi/6.3.1/../../../../arm-atollic-eabi/lib/armv7e-m/fpu\libc_nano.a(lib_a-ecvtbuf.o) (_dtoa_r)
c:/program files (x86)/atollic/truestudio for stm32 9.2.0/armtools/bin/../lib/gcc/arm-atollic-eabi/6.3.1/../../../../arm-atollic-eabi/lib/armv7e-m/fpu\libc_nano.a(lib_a-malloc.o)
[...]
Memory Configuration

Name             Origin             Length             Attributes
RAM              0x20000000         0x0000a000         xrw
CCMRAM           0x10000000         0x00002000         rw
FLASH            0x08000000         0x00040000         xr
*default*        0x00000000         0xffffffff

Linker script and memory map

LOAD c:/program files (x86)/atollic/truestudio for stm32 9.2.0/armtools/bin/../lib/gcc/arm-atollic-eabi/6.3.1/armv7e-m/fpu/crti.o
LOAD c:/program files (x86)/atollic/truestudio for stm32 9.2.0/armtools/bin/../lib/gcc/arm-atollic-eabi/6.3.1/armv7e-m/fpu/crtbegin.o
LOAD Drivers\STM32F3xx_HAL_Driver\Src\stm32f3xx_hal.o
LOAD Drivers\STM32F3xx_HAL_Driver\Src\stm32f3xx_hal_can.o
LOAD Drivers\STM32F3xx_HAL_Driver\Src\stm32f3xx_hal_cortex.o
LOAD Drivers\STM32F3xx_HAL_Driver\Src\stm32f3xx_hal_dma.o
LOAD Drivers\STM32F3xx_HAL_Driver\Src\stm32f3xx_hal_flash.o
LOAD Drivers\STM32F3xx_HAL_Driver\Src\stm32f3xx_hal_flash_ex.o
LOAD Drivers\STM32F3xx_HAL_Driver\Src\stm32f3xx_hal_gpio.o
LOAD Drivers\STM32F3xx_HAL_Driver\Src\stm32f3xx_hal_i2c.o
LOAD Drivers\STM32F3xx_HAL_Driver\Src\stm32f3xx_hal_i2c_ex.o
LOAD Drivers\STM32F3xx_HAL_Driver\Src\stm32f3xx_hal_pwr.o
LOAD Drivers\STM32F3xx_HAL_Driver\Src\stm32f3xx_hal_pwr_ex.o
LOAD Drivers\STM32F3xx_HAL_Driver\Src\stm32f3xx_hal_rcc.o
LOAD Drivers\STM32F3xx_HAL_Driver\Src\stm32f3xx_hal_rcc_ex.o
LOAD Drivers\STM32F3xx_HAL_Driver\Src\stm32f3xx_hal_tim.o
LOAD Drivers\STM32F3xx_HAL_Driver\Src\stm32f3xx_hal_tim_ex.o
LOAD Drivers\STM32F3xx_HAL_Driver\Src\stm32f3xx_hal_uart.o
LOAD Drivers\STM32F3xx_HAL_Driver\Src\stm32f3xx_hal_uart_ex.o
LOAD Src\USBtoCAN.o
LOAD Src\can.o
LOAD Src\gpio.o
LOAD Src\i2c.o
LOAD Src\lcd.o
LOAD Src\main.o
LOAD Src\stm32f3xx_hal_msp.o
LOAD Src\stm32f3xx_it.o
LOAD Src\system_stm32f3xx.o
LOAD Src\usart.o
LOAD startup\startup_stm32f303xc.o
                0x00000080                malloc_getpagesize_P = 0x80
START GROUP
LOAD c:/program files (x86)/atollic/truestudio for stm32 9.2.0/armtools/bin/../lib/gcc/arm-atollic-eabi/6.3.1/../../../../arm-atollic-eabi/lib/armv7e-m/fpu\libc_nano.a
LOAD c:/program files (x86)/atollic/truestudio for stm32 9.2.0/armtools/bin/../lib/gcc/arm-atollic-eabi/6.3.1/../../../../arm-atollic-eabi/lib/armv7e-m/fpu\libm.a
END GROUP
START GROUP
LOAD c:/program files (x86)/atollic/truestudio for stm32 9.2.0/armtools/bin/../lib/gcc/arm-atollic-eabi/6.3.1/armv7e-m/fpu\libgcc.a
LOAD c:/program files (x86)/atollic/truestudio for stm32 9.2.0/armtools/bin/../lib/gcc/arm-atollic-eabi/6.3.1/../../../../arm-atollic-eabi/lib/armv7e-m/fpu\libc_nano.a
END GROUP
START GROUP
LOAD c:/program files (x86)/atollic/truestudio for stm32 9.2.0/armtools/bin/../lib/gcc/arm-atollic-eabi/6.3.1/armv7e-m/fpu\libgcc.a
LOAD c:/program files (x86)/atollic/truestudio for stm32 9.2.0/armtools/bin/../lib/gcc/arm-atollic-eabi/6.3.1/../../../../arm-atollic-eabi/lib/armv7e-m/fpu\libc_nano.a
LOAD c:/program files (x86)/atollic/truestudio for stm32 9.2.0/armtools/bin/../lib/gcc/arm-atollic-eabi/6.3.1/../../../../arm-atollic-eabi/lib/armv7e-m/fpu\libnosys.a
END GROUP
START GROUP
LOAD c:/program files (x86)/atollic/truestudio for stm32 9.2.0/armtools/bin/../lib/gcc/arm-atollic-eabi/6.3.1/armv7e-m/fpu\libgcc.a
LOAD c:/program files (x86)/atollic/truestudio for stm32 9.2.0/armtools/bin/../lib/gcc/arm-atollic-eabi/6.3.1/../../../../arm-atollic-eabi/lib/armv7e-m/fpu\libc_nano.a
LOAD c:/program files (x86)/atollic/truestudio for stm32 9.2.0/armtools/bin/../lib/gcc/arm-atollic-eabi/6.3.1/../../../../arm-atollic-eabi/lib/armv7e-m/fpu\libnosys.a
END GROUP
LOAD c:/program files (x86)/atollic/truestudio for stm32 9.2.0/armtools/bin/../lib/gcc/arm-atollic-eabi/6.3.1/armv7e-m/fpu/crtend.o
LOAD c:/program files (x86)/atollic/truestudio for stm32 9.2.0/armtools/bin/../lib/gcc/arm-atollic-eabi/6.3.1/armv7e-m/fpu/crtn.o
                0x2000a000                _estack = 0x2000a000
                0x00000200                _Min_Heap_Size = 0x200
                0x00000400                _Min_Stack_Size = 0x400

.isr_vector     0x08000000      0x188
                0x08000000                . = ALIGN (0x4)
 *(.isr_vector)
 .isr_vector    0x08000000      0x188 startup\startup_stm32f303xc.o
                0x08000000                g_pfnVectors
                0x08000188                . = ALIGN (0x4)

.text           0x08000188     0x4208
                0x08000188                . = ALIGN (0x4)
 *(.text)
 .text          0x08000188       0x40 c:/program files (x86)/atollic/truestudio for stm32 9.2.0/armtools/bin/../lib/gcc/arm-atollic-eabi/6.3.1/armv7e-m/fpu/crtbegin.o
 *(.text*)
 .text.HAL_Init
                0x080001c8       0x2c Drivers\STM32F3xx_HAL_Driver\Src\stm32f3xx_hal.o
                0x080001c8                HAL_Init
 .text.HAL_InitTick
                0x080001f4       0x60 Drivers\STM32F3xx_HAL_Driver\Src\stm32f3xx_hal.o
                0x080001f4                HAL_InitTick
 .text.HAL_IncTick
                0x08000254       0x28 Drivers\STM32F3xx_HAL_Driver\Src\stm32f3xx_hal.o
                0x08000254                HAL_IncTick
 .text.HAL_GetTick
                0x0800027c       0x18 Drivers\STM32F3xx_HAL_Driver\Src\stm32f3xx_hal.o
                0x0800027c                HAL_GetTick
 .text.HAL_Delay
                0x08000294       0x44 Drivers\STM32F3xx_HAL_Driver\Src\stm32f3xx_hal.o
                0x08000294                HAL_Delay
 .text.HAL_CAN_Init
                0x080002d8      0x1f4 Drivers\STM32F3xx_HAL_Driver\Src\stm32f3xx_hal_can.o
                0x080002d8                HAL_CAN_Init
 .text.HAL_CAN_ConfigFilter
                0x080004cc      0x194 Drivers\STM32F3xx_HAL_Driver\Src\stm32f3xx_hal_can.o
                0x080004cc                HAL_CAN_ConfigFilter
 .text.HAL_CAN_Start
                0x08000660       0x88 Drivers\STM32F3xx_HAL_Driver\Src\stm32f3xx_hal_can.o
                0x08000660                HAL_CAN_Start
 .text.HAL_CAN_Stop
                0x080006e8       0x92 Drivers\STM32F3xx_HAL_Driver\Src\stm32f3xx_hal_can.o
                0x080006e8                HAL_CAN_Stop
 .text.HAL_CAN_AddTxMessage
                0x0800077a      0x1ae Drivers\STM32F3xx_HAL_Driver\Src\stm32f3xx_hal_can.o
                0x0800077a                HAL_CAN_AddTxMessage
 .text.HAL_CAN_GetRxMessage
                0x08000928      0x226 Drivers\STM32F3xx_HAL_Driver\Src\stm32f3xx_hal_can.o
                0x08000928                HAL_CAN_GetRxMessage
 .text.HAL_CAN_ActivateNotification
                0x08000b4e       0x4c Drivers\STM32F3xx_HAL_Driver\Src\stm32f3xx_hal_can.o
                0x08000b4e                HAL_CAN_ActivateNotification
 .text.HAL_CAN_IRQHandler
                0x08000b9a      0x362 Drivers\STM32F3xx_HAL_Driver\Src\stm32f3xx_hal_can.o
                0x08000b9a                HAL_CAN_IRQHandler
 .text.HAL_CAN_TxMailbox1CompleteCallback
                0x08000efc       0x14 Drivers\STM32F3xx_HAL_Driver\Src\stm32f3xx_hal_can.o
                0x08000efc                HAL_CAN_TxMailbox1CompleteCallback
 .text.HAL_CAN_TxMailbox2CompleteCallback
                0x08000f10       0x14 Drivers\STM32F3xx_HAL_Driver\Src\stm32f3xx_hal_can.o
                0x08000f10                HAL_CAN_TxMailbox2CompleteCallback
 .text.HAL_CAN_TxMailbox0AbortCallback
                0x08000f24       0x14 Drivers\STM32F3xx_HAL_Driver\Src\stm32f3xx_hal_can.o
                0x08000f24                HAL_CAN_TxMailbox0AbortCallback
 .text.HAL_CAN_TxMailbox1AbortCallback
                0x08000f38       0x14 Drivers\STM32F3xx_HAL_Driver\Src\stm32f3xx_hal_can.o
                0x08000f38                HAL_CAN_TxMailbox1AbortCallback
 .text.HAL_CAN_TxMailbox2AbortCallback
                0x08000f4c       0x14 Drivers\STM32F3xx_HAL_Driver\Src\stm32f3xx_hal_can.o
                0x08000f4c                HAL_CAN_TxMailbox2AbortCallback
 .text.HAL_CAN_RxFifo0FullCallback
                0x08000f60       0x14 Drivers\STM32F3xx_HAL_Driver\Src\stm32f3xx_hal_can.o
                0x08000f60                HAL_CAN_RxFifo0FullCallback
 .text.HAL_CAN_RxFifo1MsgPendingCallback
                0x08000f74       0x14 Drivers\STM32F3xx_HAL_Driver\Src\stm32f3xx_hal_can.o
                0x08000f74                HAL_CAN_RxFifo1MsgPendingCallback
 .text.HAL_CAN_RxFifo1FullCallback
                0x08000f88       0x14 Drivers\STM32F3xx_HAL_Driver\Src\stm32f3xx_hal_can.o
                0x08000f88                HAL_CAN_RxFifo1FullCallback
 .text.HAL_CAN_SleepCallback
                0x08000f9c       0x14 Drivers\STM32F3xx_HAL_Driver\Src\stm32f3xx_hal_can.o
                0x08000f9c                HAL_CAN_SleepCallback
 .text.HAL_CAN_WakeUpFromRxMsgCallback
                0x08000fb0       0x14 Drivers\STM32F3xx_HAL_Driver\Src\stm32f3xx_hal_can.o
                0x08000fb0                HAL_CAN_WakeUpFromRxMsgCallback
 .text.HAL_CAN_ErrorCallback
                0x08000fc4       0x14 Drivers\STM32F3xx_HAL_Driver\Src\stm32f3xx_hal_can.o
                0x08000fc4                HAL_CAN_ErrorCallback
 .text.NVIC_SetPriorityGrouping
                0x08000fd8       0x48 Drivers\STM32F3xx_HAL_Driver\Src\stm32f3xx_hal_cortex.o
 .text.NVIC_GetPriorityGrouping
                0x08001020       0x1c Drivers\STM32F3xx_HAL_Driver\Src\stm32f3xx_hal_cortex.o
 .text.NVIC_EnableIRQ
                0x0800103c       0x34 Drivers\STM32F3xx_HAL_Driver\Src\stm32f3xx_hal_cortex.o
 .text.NVIC_SetPriority
                0x08001070       0x54 Drivers\STM32F3xx_HAL_Driver\Src\stm32f3xx_hal_cortex.o
 .text.NVIC_EncodePriority
                0x080010c4       0x62 Drivers\STM32F3xx_HAL_Driver\Src\stm32f3xx_hal_cortex.o
 *fill*         0x08001126        0x2 
 .text.SysTick_Config
                0x08001128       0x44 Drivers\STM32F3xx_HAL_Driver\Src\stm32f3xx_hal_cortex.o
 .text.HAL_NVIC_SetPriorityGrouping
                0x0800116c       0x16 Drivers\STM32F3xx_HAL_Driver\Src\stm32f3xx_hal_cortex.o
                0x0800116c                HAL_NVIC_SetPriorityGrouping
 .text.HAL_NVIC_SetPriority
                0x08001182       0x38 Drivers\STM32F3xx_HAL_Driver\Src\stm32f3xx_hal_cortex.o
                0x08001182                HAL_NVIC_SetPriority
 .text.HAL_NVIC_EnableIRQ
                0x080011ba       0x1c Drivers\STM32F3xx_HAL_Driver\Src\stm32f3xx_hal_cortex.o
                0x080011ba                HAL_NVIC_EnableIRQ
 .text.HAL_SYSTICK_Config
                0x080011d6       0x18 Drivers\STM32F3xx_HAL_Driver\Src\stm32f3xx_hal_cortex.o
                0x080011d6                HAL_SYSTICK_Config
 *fill*         0x080011ee        0x2 
 .text.HAL_GPIO_Init
                0x080011f0      0x2fc Drivers\STM32F3xx_HAL_Driver\Src\stm32f3xx_hal_gpio.o
                0x080011f0                HAL_GPIO_Init
 .text.HAL_GPIO_WritePin
                0x080014ec       0x30 Drivers\STM32F3xx_HAL_Driver\Src\stm32f3xx_hal_gpio.o
                0x080014ec                HAL_GPIO_WritePin
 .text.HAL_GPIO_TogglePin
                0x0800151c       0x24 Drivers\STM32F3xx_HAL_Driver\Src\stm32f3xx_hal_gpio.o
                0x0800151c                HAL_GPIO_TogglePin
 .text.HAL_I2C_Init
                0x08001540      0x11c Drivers\STM32F3xx_HAL_Driver\Src\stm32f3xx_hal_i2c.o
                0x08001540                HAL_I2C_Init
 .text.HAL_I2C_Master_Transmit
                0x0800165c      0x200 Drivers\STM32F3xx_HAL_Driver\Src\stm32f3xx_hal_i2c.o
                0x0800165c                HAL_I2C_Master_Transmit
 .text.I2C_Flush_TXDR
                0x0800185c       0x48 Drivers\STM32F3xx_HAL_Driver\Src\stm32f3xx_hal_i2c.o
 .text.I2C_WaitOnFlagUntilTimeout
                0x080018a4       0x74 Drivers\STM32F3xx_HAL_Driver\Src\stm32f3xx_hal_i2c.o
 .text.I2C_WaitOnTXISFlagUntilTimeout
                0x08001918       0x80 Drivers\STM32F3xx_HAL_Driver\Src\stm32f3xx_hal_i2c.o
 .text.I2C_WaitOnSTOPFlagUntilTimeout
                0x08001998       0x78 Drivers\STM32F3xx_HAL_Driver\Src\stm32f3xx_hal_i2c.o
 .text.I2C_IsAcknowledgeFailed
                0x08001a10       0xbc Drivers\STM32F3xx_HAL_Driver\Src\stm32f3xx_hal_i2c.o
 .text.I2C_TransferConfig
                0x08001acc       0x58 Drivers\STM32F3xx_HAL_Driver\Src\stm32f3xx_hal_i2c.o
 .text.HAL_I2CEx_ConfigAnalogFilter
                0x08001b24       0x96 Drivers\STM32F3xx_HAL_Driver\Src\stm32f3xx_hal_i2c_ex.o
                0x08001b24                HAL_I2CEx_ConfigAnalogFilter
 .text.HAL_I2CEx_ConfigDigitalFilter
                0x08001bba       0x9c Drivers\STM32F3xx_HAL_Driver\Src\stm32f3xx_hal_i2c_ex.o
                0x08001bba                HAL_I2CEx_ConfigDigitalFilter
 *fill*         0x08001c56        0x2 
 .text.HAL_RCC_OscConfig
                0x08001c58      0xddc Drivers\STM32F3xx_HAL_Driver\Src\stm32f3xx_hal_rcc.o
                0x08001c58                HAL_RCC_OscConfig
 .text.HAL_RCC_ClockConfig
                0x08002a34      0x2f8 Drivers\STM32F3xx_HAL_Driver\Src\stm32f3xx_hal_rcc.o
                0x08002a34                HAL_RCC_ClockConfig
 .text.HAL_RCC_GetSysClockFreq
                0x08002d2c       0xd4 Drivers\STM32F3xx_HAL_Driver\Src\stm32f3xx_hal_rcc.o
                0x08002d2c                HAL_RCC_GetSysClockFreq
 .text.HAL_RCC_GetHCLKFreq
                0x08002e00       0x18 Drivers\STM32F3xx_HAL_Driver\Src\stm32f3xx_hal_rcc.o
                0x08002e00                HAL_RCC_GetHCLKFreq
 .text.HAL_RCC_GetPCLK1Freq
                0x08002e18       0x44 Drivers\STM32F3xx_HAL_Driver\Src\stm32f3xx_hal_rcc.o
                0x08002e18                HAL_RCC_GetPCLK1Freq
 .text.HAL_RCC_GetPCLK2Freq
                0x08002e5c       0x44 Drivers\STM32F3xx_HAL_Driver\Src\stm32f3xx_hal_rcc.o
                0x08002e5c                HAL_RCC_GetPCLK2Freq
 .text.HAL_RCCEx_PeriphCLKConfig
                0x08002ea0      0x360 Drivers\STM32F3xx_HAL_Driver\Src\stm32f3xx_hal_rcc_ex.o
                0x08002ea0                HAL_RCCEx_PeriphCLKConfig
 .text.HAL_UART_Init
                0x08003200       0xa2 Drivers\STM32F3xx_HAL_Driver\Src\stm32f3xx_hal_uart.o
                0x08003200                HAL_UART_Init
 *fill*         0x080032a2        0x2 
 .text.UART_SetConfig
                0x080032a4      0x3fc Drivers\STM32F3xx_HAL_Driver\Src\stm32f3xx_hal_uart.o
                0x080032a4                UART_SetConfig
 .text.UART_AdvFeatureConfig
                0x080036a0      0x144 Drivers\STM32F3xx_HAL_Driver\Src\stm32f3xx_hal_uart.o
                0x080036a0                UART_AdvFeatureConfig
 .text.UART_CheckIdleState
                0x080037e4       0x92 Drivers\STM32F3xx_HAL_Driver\Src\stm32f3xx_hal_uart.o
                0x080037e4                UART_CheckIdleState
 .text.UART_WaitOnFlagUntilTimeout
                0x08003876       0x94 Drivers\STM32F3xx_HAL_Driver\Src\stm32f3xx_hal_uart.o
                0x08003876                UART_WaitOnFlagUntilTimeout
 *fill*         0x0800390a        0x2 
 .text.MX_CAN_Init
                0x0800390c       0x6c Src\can.o
                0x0800390c                MX_CAN_Init
 .text.HAL_CAN_MspInit
                0x08003978       0xa8 Src\can.o
                0x08003978                HAL_CAN_MspInit
 .text.canSetup
                0x08003a20       0xcc Src\can.o
                0x08003a20                canSetup
 .text.HAL_CAN_TxMailbox0CompleteCallback
                0x08003aec       0x16 Src\can.o
                0x08003aec                HAL_CAN_TxMailbox0CompleteCallback
 *fill*         0x08003b02        0x2 
 .text.HAL_CAN_RxFifo0MsgPendingCallback
                0x08003b04       0xb4 Src\can.o
                0x08003b04                HAL_CAN_RxFifo0MsgPendingCallback
 .text.MX_GPIO_Init
                0x08003bb8       0x98 Src\gpio.o
                0x08003bb8                MX_GPIO_Init
 .text.MX_I2C1_Init
                0x08003c50       0x80 Src\i2c.o
                0x08003c50                MX_I2C1_Init
 .text.HAL_I2C_MspInit
                0x08003cd0       0x88 Src\i2c.o
                0x08003cd0                HAL_I2C_MspInit
 .text.LCD_command
                0x08003d58       0x80 Src\lcd.o
                0x08003d58                LCD_command
 .text.LCD_char
                0x08003dd8       0x80 Src\lcd.o
                0x08003dd8                LCD_char
 .text.LCD_clear
                0x08003e58        0xe Src\lcd.o
                0x08003e58                LCD_clear
 .text.LCD_string
                0x08003e66       0x36 Src\lcd.o
                0x08003e66                LCD_string
 .text.LCD_init
                0x08003e9c       0x40 Src\lcd.o
                0x08003e9c                LCD_init
 .text.main     0x08003edc       0xa8 Src\main.o
                0x08003edc                main
 .text.SystemClock_Config
                0x08003f84       0xb0 Src\main.o
                0x08003f84                SystemClock_Config
 .text.Error_Handler
                0x08004034        0xe Src\main.o
                0x08004034                Error_Handler
 *fill*         0x08004042        0x2 
 .text.HAL_MspInit
                0x08004044       0x48 Src\stm32f3xx_hal_msp.o
                0x08004044                HAL_MspInit
 .text.NMI_Handler
                0x0800408c        0xe Src\stm32f3xx_it.o
                0x0800408c                NMI_Handler
 .text.HardFault_Handler
                0x0800409a        0x6 Src\stm32f3xx_it.o
                0x0800409a                HardFault_Handler
 .text.MemManage_Handler
                0x080040a0        0x6 Src\stm32f3xx_it.o
                0x080040a0                MemManage_Handler
 .text.BusFault_Handler
                0x080040a6        0x6 Src\stm32f3xx_it.o
                0x080040a6                BusFault_Handler
 .text.UsageFault_Handler
                0x080040ac        0x6 Src\stm32f3xx_it.o
                0x080040ac                UsageFault_Handler
 .text.SVC_Handler
                0x080040b2        0xe Src\stm32f3xx_it.o
                0x080040b2                SVC_Handler
 .text.DebugMon_Handler
                0x080040c0        0xe Src\stm32f3xx_it.o
                0x080040c0                DebugMon_Handler
 .text.PendSV_Handler
                0x080040ce        0xe Src\stm32f3xx_it.o
                0x080040ce                PendSV_Handler
 .text.SysTick_Handler
                0x080040dc        0xc Src\stm32f3xx_it.o
                0x080040dc                SysTick_Handler
 .text.USB_HP_CAN_TX_IRQHandler
                0x080040e8       0x14 Src\stm32f3xx_it.o
                0x080040e8                USB_HP_CAN_TX_IRQHandler
 .text.USB_LP_CAN_RX0_IRQHandler
                0x080040fc       0x14 Src\stm32f3xx_it.o
                0x080040fc                USB_LP_CAN_RX0_IRQHandler
 .text.SystemInit
                0x08004110       0x94 Src\system_stm32f3xx.o
                0x08004110                SystemInit
 .text.MX_USART3_UART_Init
                0x080041a4       0x60 Src\usart.o
                0x080041a4                MX_USART3_UART_Init
 .text.HAL_UART_MspInit
                0x08004204       0xc8 Src\usart.o
                0x08004204                HAL_UART_MspInit
 .text.Reset_Handler
                0x080042cc       0x50 startup\startup_stm32f303xc.o
                0x080042cc                Reset_Handler
 .text.Default_Handler
                0x0800431c        0x2 startup\startup_stm32f303xc.o
                0x0800431c                RTC_Alarm_IRQHandler
                0x0800431c                TIM8_TRG_COM_IRQHandler
                0x0800431c                TIM8_CC_IRQHandler
                0x0800431c                TIM1_CC_IRQHandler
                0x0800431c                USB_HP_IRQHandler
                0x0800431c                PVD_IRQHandler
                0x0800431c                TAMP_STAMP_IRQHandler
                0x0800431c                EXTI3_IRQHandler
                0x0800431c                EXTI0_IRQHandler
                0x0800431c                I2C2_EV_IRQHandler
                0x0800431c                FPU_IRQHandler
                0x0800431c                TIM1_UP_TIM16_IRQHandler
                0x0800431c                ADC1_2_IRQHandler
                0x0800431c                SPI1_IRQHandler
                0x0800431c                CAN_SCE_IRQHandler
                0x0800431c                TIM6_DAC_IRQHandler
                0x0800431c                TIM8_UP_IRQHandler
                0x0800431c                DMA2_Channel2_IRQHandler
                0x0800431c                DMA1_Channel4_IRQHandler
                0x0800431c                USART3_IRQHandler
                0x0800431c                DMA1_Channel7_IRQHandler
                0x0800431c                UART5_IRQHandler
                0x0800431c                ADC3_IRQHandler
                0x0800431c                TIM4_IRQHandler
                0x0800431c                CAN_RX1_IRQHandler
                0x0800431c                DMA2_Channel1_IRQHandler
                0x0800431c                I2C1_EV_IRQHandler
                0x0800431c                DMA1_Channel6_IRQHandler
                0x0800431c                UART4_IRQHandler
                0x0800431c                DMA2_Channel4_IRQHandler
                0x0800431c                TIM3_IRQHandler
                0x0800431c                RCC_IRQHandler
                0x0800431c                DMA1_Channel1_IRQHandler
                0x0800431c                Default_Handler
                0x0800431c                USBWakeUp_RMP_IRQHandler
                0x0800431c                EXTI15_10_IRQHandler
                0x0800431c                TIM7_IRQHandler
                0x0800431c                EXTI9_5_IRQHandler
                0x0800431c                RTC_WKUP_IRQHandler
                0x0800431c                SPI2_IRQHandler
                0x0800431c                DMA2_Channel5_IRQHandler
                0x0800431c                DMA1_Channel5_IRQHandler
                0x0800431c                USB_LP_IRQHandler
                0x0800431c                EXTI4_IRQHandler
                0x0800431c                TIM1_TRG_COM_TIM17_IRQHandler
                0x0800431c                DMA1_Channel3_IRQHandler
                0x0800431c                ADC4_IRQHandler
                0x0800431c                WWDG_IRQHandler
                0x0800431c                TIM2_IRQHandler
                0x0800431c                COMP7_IRQHandler
                0x0800431c                COMP1_2_3_IRQHandler
                0x0800431c                EXTI1_IRQHandler
                0x0800431c                USART2_IRQHandler
                0x0800431c                COMP4_5_6_IRQHandler
                0x0800431c                I2C2_ER_IRQHandler
                0x0800431c                DMA1_Channel2_IRQHandler
                0x0800431c                TIM8_BRK_IRQHandler
                0x0800431c                FLASH_IRQHandler
                0x0800431c                USART1_IRQHandler
                0x0800431c                SPI3_IRQHandler
                0x0800431c                I2C1_ER_IRQHandler
                0x0800431c                USBWakeUp_IRQHandler
                0x0800431c                DMA2_Channel3_IRQHandler
                0x0800431c                EXTI2_TSC_IRQHandler
                0x0800431c                TIM1_BRK_TIM15_IRQHandler
 *fill*         0x0800431e        0x2 
 .text.__libc_init_array
                0x08004320       0x48 c:/program files (x86)/atollic/truestudio for stm32 9.2.0/armtools/bin/../lib/gcc/arm-atollic-eabi/6.3.1/../../../../arm-atollic-eabi/lib/armv7e-m/fpu\libc_nano.a(lib_a-init.o)
                0x08004320                __libc_init_array
 .text.memset   0x08004368       0x10 c:/program files (x86)/atollic/truestudio for stm32 9.2.0/armtools/bin/../lib/gcc/arm-atollic-eabi/6.3.1/../../../../arm-atollic-eabi/lib/armv7e-m/fpu\libc_nano.a(lib_a-memset.o)
                0x08004368                memset
 *(.glue_7)
 .glue_7        0x08004378        0x0 linker stubs
 *(.glue_7t)
 .glue_7t       0x08004378        0x0 linker stubs
 *(.eh_frame)
 .eh_frame      0x08004378        0x0 c:/program files (x86)/atollic/truestudio for stm32 9.2.0/armtools/bin/../lib/gcc/arm-atollic-eabi/6.3.1/armv7e-m/fpu/crtbegin.o
 *(.init)
 .init          0x08004378        0x4 c:/program files (x86)/atollic/truestudio for stm32 9.2.0/armtools/bin/../lib/gcc/arm-atollic-eabi/6.3.1/armv7e-m/fpu/crti.o
                0x08004378                _init
 .init          0x0800437c        0x8 c:/program files (x86)/atollic/truestudio for stm32 9.2.0/armtools/bin/../lib/gcc/arm-atollic-eabi/6.3.1/armv7e-m/fpu/crtn.o
 *(.fini)
 .fini          0x08004384        0x4 c:/program files (x86)/atollic/truestudio for stm32 9.2.0/armtools/bin/../lib/gcc/arm-atollic-eabi/6.3.1/armv7e-m/fpu/crti.o
                0x08004384                _fini
 .fini          0x08004388        0x8 c:/program files (x86)/atollic/truestudio for stm32 9.2.0/armtools/bin/../lib/gcc/arm-atollic-eabi/6.3.1/armv7e-m/fpu/crtn.o
                0x08004390                . = ALIGN (0x4)
                0x08004390                _etext = .

.vfp11_veneer   0x08004390        0x0
 .vfp11_veneer  0x08004390        0x0 linker stubs

.v4_bx          0x08004390        0x0
 .v4_bx         0x08004390        0x0 linker stubs

.iplt           0x08004390        0x0
 .iplt          0x08004390        0x0 c:/program files (x86)/atollic/truestudio for stm32 9.2.0/armtools/bin/../lib/gcc/arm-atollic-eabi/6.3.1/armv7e-m/fpu/crtbegin.o

.rodata         0x08004390       0x58
                0x08004390                . = ALIGN (0x4)
 *(.rodata)
 .rodata        0x08004390        0xd Src\lcd.o
 *fill*         0x0800439d        0x3 
 .rodata        0x080043a0        0xe Src\main.o
 *(.rodata*)
 *fill*         0x080043ae        0x2 
 .rodata.aPLLMULFactorTable
                0x080043b0       0x10 Drivers\STM32F3xx_HAL_Driver\Src\stm32f3xx_hal_rcc.o
                0x080043b0                aPLLMULFactorTable
 .rodata.aPredivFactorTable
                0x080043c0       0x10 Drivers\STM32F3xx_HAL_Driver\Src\stm32f3xx_hal_rcc.o
                0x080043c0                aPredivFactorTable
 .rodata.AHBPrescTable
                0x080043d0       0x10 Src\system_stm32f3xx.o
                0x080043d0                AHBPrescTable
 .rodata.APBPrescTable
                0x080043e0        0x8 Src\system_stm32f3xx.o
                0x080043e0                APBPrescTable
                0x080043e8                . = ALIGN (0x4)

.rel.dyn        0x080043e8        0x0
 .rel.iplt      0x080043e8        0x0 c:/program files (x86)/atollic/truestudio for stm32 9.2.0/armtools/bin/../lib/gcc/arm-atollic-eabi/6.3.1/armv7e-m/fpu/crtbegin.o

.ARM.extab
 *(.ARM.extab* .gnu.linkonce.armextab.*)

.ARM            0x080043e8        0x0
                0x080043e8                __exidx_start = .
 *(.ARM.exidx*)
                0x080043e8                __exidx_end = .

.preinit_array  0x080043e8        0x0
                0x080043e8                PROVIDE (__preinit_array_start, .)
 *(.preinit_array*)
                0x080043e8                PROVIDE (__preinit_array_end, .)

.init_array     0x080043e8        0x4
                0x080043e8                PROVIDE (__init_array_start, .)
 *(SORT(.init_array.*))
 *(.init_array*)
 .init_array    0x080043e8        0x4 c:/program files (x86)/atollic/truestudio for stm32 9.2.0/armtools/bin/../lib/gcc/arm-atollic-eabi/6.3.1/armv7e-m/fpu/crtbegin.o
                0x080043ec                PROVIDE (__init_array_end, .)

.fini_array     0x080043ec        0x4
                [!provide]                PROVIDE (__fini_array_start, .)
 *(SORT(.fini_array.*))
 *(.fini_array*)
 .fini_array    0x080043ec        0x4 c:/program files (x86)/atollic/truestudio for stm32 9.2.0/armtools/bin/../lib/gcc/arm-atollic-eabi/6.3.1/armv7e-m/fpu/crtbegin.o
                [!provide]                PROVIDE (__fini_array_end, .)
                0x080043f0                _sidata = LOADADDR (.data)

.data           0x20000000        0xc load address 0x080043f0
                0x20000000                . = ALIGN (0x4)
                0x20000000                _sdata = .
 *(.data)
 *(.data*)
 .data.uwTickPrio
                0x20000000        0x4 Drivers\STM32F3xx_HAL_Driver\Src\stm32f3xx_hal.o
                0x20000000                uwTickPrio
 .data.uwTickFreq
                0x20000004        0x1 Drivers\STM32F3xx_HAL_Driver\Src\stm32f3xx_hal.o
                0x20000004                uwTickFreq
 *fill*         0x20000005        0x3 
 .data.SystemCoreClock
                0x20000008        0x4 Src\system_stm32f3xx.o
                0x20000008                SystemCoreClock
                0x2000000c                . = ALIGN (0x4)
                0x2000000c                _edata = .
                0x080043fc                _siccmram = LOADADDR (.ccmram)

.igot.plt       0x2000000c        0x0 load address 0x080043fc
 .igot.plt      0x2000000c        0x0 c:/program files (x86)/atollic/truestudio for stm32 9.2.0/armtools/bin/../lib/gcc/arm-atollic-eabi/6.3.1/armv7e-m/fpu/crtbegin.o

.ccmram         0x10000000        0x0 load address 0x080043fc
                0x10000000                . = ALIGN (0x4)
                0x10000000                _sccmram = .
 *(.ccmram)
 *(.ccmram*)
                0x10000000                . = ALIGN (0x4)
                0x10000000                _eccmram = .
                0x10000000                . = ALIGN (0x4)

.bss            0x2000000c      0x194
                0x2000000c                _sbss = .
                0x2000000c                __bss_start__ = _sbss
 *(.bss)
 .bss           0x2000000c       0x1c c:/program files (x86)/atollic/truestudio for stm32 9.2.0/armtools/bin/../lib/gcc/arm-atollic-eabi/6.3.1/armv7e-m/fpu/crtbegin.o
 *(.bss*)
 .bss.canReceived
                0x20000028        0x1 Src\can.o
                0x20000028                canReceived
 .bss.batmonitor
                0x20000029        0x1 Src\main.o
                0x20000029                batmonitor
 *(COMMON)
 *fill*         0x2000002a        0x2 
 COMMON         0x2000002c        0x4 Drivers\STM32F3xx_HAL_Driver\Src\stm32f3xx_hal.o
                0x2000002c                uwTick
 COMMON         0x20000030       0xb4 Src\can.o
                0x20000030                sFilterConfig
                0x20000058                hcan
                0x20000080                test
                0x20000084                TxData
                0x2000008c                TxMailbox
                0x20000090                currentReading
                0x20000094                RxData
                0x200000a0                RxPowerData
                0x200000ac                TxHeader
                0x200000c4                RxHeader
                0x200000e0                voltageReading
 COMMON         0x200000e4       0x4c Src\i2c.o
                0x200000e4                hi2c1
 COMMON         0x20000130       0x70 Src\usart.o
                0x20000130                huart3
                0x200001a0                . = ALIGN (0x4)
                0x200001a0                _ebss = .
                0x200001a0                __bss_end__ = _ebss

._user_heap_stack
                0x200001a0      0x600
                0x200001a0                . = ALIGN (0x4)
                0x200001a0                PROVIDE (end, .)
                [!provide]                PROVIDE (_end, .)
                0x200003a0                . = (. + _Min_Heap_Size)
 *fill*         0x200001a0      0x200 
                0x200007a0                . = (. + _Min_Stack_Size)
 *fill*         0x200003a0      0x400 
                0x200007a0                . = ALIGN (0x4)

/DISCARD/
 libc.a(*)
 libm.a(*)
 libgcc.a(*)

.ARM.attributes
                0x00000000       0x30
 *(.ARM.attributes)
 .ARM.attributes
                0x00000000       0x22 c:/program files (x86)/atollic/truestudio for stm32 9.2.0/armtools/bin/../lib/gcc/arm-atollic-eabi/6.3.1/armv7e-m/fpu/crti.o
 .ARM.attributes
                0x00000022       0x34 c:/program files (x86)/atollic/truestudio for stm32 9.2.0/armtools/bin/../lib/gcc/arm-atollic-eabi/6.3.1/armv7e-m/fpu/crtbegin.o
 .ARM.attributes
                0x00000056       0x39 Drivers\STM32F3xx_HAL_Driver\Src\stm32f3xx_hal.o
 .ARM.attributes
                0x0000008f       0x39 Drivers\STM32F3xx_HAL_Driver\Src\stm32f3xx_hal_can.o
 .ARM.attributes
                0x000000c8       0x39 Drivers\STM32F3xx_HAL_Driver\Src\stm32f3xx_hal_cortex.o
 .ARM.attributes
                0x00000101       0x39 Drivers\STM32F3xx_HAL_Driver\Src\stm32f3xx_hal_gpio.o
 .ARM.attributes
                0x0000013a       0x39 Drivers\STM32F3xx_HAL_Driver\Src\stm32f3xx_hal_i2c.o
 .ARM.attributes
                0x00000173       0x39 Drivers\STM32F3xx_HAL_Driver\Src\stm32f3xx_hal_i2c_ex.o
 .ARM.attributes
                0x000001ac       0x39 Drivers\STM32F3xx_HAL_Driver\Src\stm32f3xx_hal_rcc.o
 .ARM.attributes
                0x000001e5       0x39 Drivers\STM32F3xx_HAL_Driver\Src\stm32f3xx_hal_rcc_ex.o
 .ARM.attributes
                0x0000021e       0x39 Drivers\STM32F3xx_HAL_Driver\Src\stm32f3xx_hal_uart.o
 .ARM.attributes
                0x00000257       0x39 Src\can.o
 .ARM.attributes
                0x00000290       0x39 Src\gpio.o
 .ARM.attributes
                0x000002c9       0x39 Src\i2c.o
 .ARM.attributes
                0x00000302       0x39 Src\lcd.o
 .ARM.attributes
                0x0000033b       0x39 Src\main.o
 .ARM.attributes
                0x00000374       0x39 Src\stm32f3xx_hal_msp.o
 .ARM.attributes
                0x000003ad       0x39 Src\stm32f3xx_it.o
 .ARM.attributes
                0x000003e6       0x39 Src\system_stm32f3xx.o
 .ARM.attributes
                0x0000041f       0x39 Src\usart.o
 .ARM.attributes
                0x00000458       0x21 startup\startup_stm32f303xc.o
 .ARM.attributes
                0x00000479       0x34 c:/program files (x86)/atollic/truestudio for stm32 9.2.0/armtools/bin/../lib/gcc/arm-atollic-eabi/6.3.1/../../../../arm-atollic-eabi/lib/armv7e-m/fpu\libc_nano.a(lib_a-init.o)
 .ARM.attributes
                0x000004ad       0x34 c:/program files (x86)/atollic/truestudio for stm32 9.2.0/armtools/bin/../lib/gcc/arm-atollic-eabi/6.3.1/../../../../arm-atollic-eabi/lib/armv7e-m/fpu\libc_nano.a(lib_a-memset.o)
 .ARM.attributes
                0x000004e1       0x22 c:/program files (x86)/atollic/truestudio for stm32 9.2.0/armtools/bin/../lib/gcc/arm-atollic-eabi/6.3.1/armv7e-m/fpu/crtn.o
OUTPUT(Project.elf elf32-littlearm)

.debug_info     0x00000000    0x160ba
 .debug_info    0x00000000      0xfe5 Drivers\STM32F3xx_HAL_Driver\Src\stm32f3xx_hal.o
 .debug_info    0x00000fe5     0x17c3 Drivers\STM32F3xx_HAL_Driver\Src\stm32f3xx_hal_can.o
 .debug_info    0x000027a8     0x159e Drivers\STM32F3xx_HAL_Driver\Src\stm32f3xx_hal_cortex.o
 .debug_info    0x00003d46      0xf28 Drivers\STM32F3xx_HAL_Driver\Src\stm32f3xx_hal_gpio.o
 .debug_info    0x00004c6e     0x2417 Drivers\STM32F3xx_HAL_Driver\Src\stm32f3xx_hal_i2c.o
 .debug_info    0x00007085     0x10eb Drivers\STM32F3xx_HAL_Driver\Src\stm32f3xx_hal_i2c_ex.o
 .debug_info    0x00008170     0x1ffc Drivers\STM32F3xx_HAL_Driver\Src\stm32f3xx_hal_rcc.o
 .debug_info    0x0000a16c      0xec8 Drivers\STM32F3xx_HAL_Driver\Src\stm32f3xx_hal_rcc_ex.o
 .debug_info    0x0000b034     0x1c9a Drivers\STM32F3xx_HAL_Driver\Src\stm32f3xx_hal_uart.o
 .debug_info    0x0000ccce     0x149b Src\can.o
 .debug_info    0x0000e169      0xbe9 Src\gpio.o
 .debug_info    0x0000ed52     0x10ff Src\i2c.o
 .debug_info    0x0000fe51     0x110a Src\lcd.o
 .debug_info    0x00010f5b     0x1a55 Src\main.o
 .debug_info    0x000129b0      0xa93 Src\stm32f3xx_hal_msp.o
 .debug_info    0x00013443      0xdf9 Src\stm32f3xx_it.o
 .debug_info    0x0001423c      0xc70 Src\system_stm32f3xx.o
 .debug_info    0x00014eac     0x1158 Src\usart.o
 .debug_info    0x00016004       0xb6 startup\startup_stm32f303xc.o

.debug_abbrev   0x00000000     0x2a49
 .debug_abbrev  0x00000000      0x27e Drivers\STM32F3xx_HAL_Driver\Src\stm32f3xx_hal.o
 .debug_abbrev  0x0000027e      0x2cb Drivers\STM32F3xx_HAL_Driver\Src\stm32f3xx_hal_can.o
 .debug_abbrev  0x00000549      0x33d Drivers\STM32F3xx_HAL_Driver\Src\stm32f3xx_hal_cortex.o
 .debug_abbrev  0x00000886      0x24c Drivers\STM32F3xx_HAL_Driver\Src\stm32f3xx_hal_gpio.o
 .debug_abbrev  0x00000ad2      0x2a5 Drivers\STM32F3xx_HAL_Driver\Src\stm32f3xx_hal_i2c.o
 .debug_abbrev  0x00000d77      0x21a Drivers\STM32F3xx_HAL_Driver\Src\stm32f3xx_hal_i2c_ex.o
 .debug_abbrev  0x00000f91      0x30f Drivers\STM32F3xx_HAL_Driver\Src\stm32f3xx_hal_rcc.o
 .debug_abbrev  0x000012a0      0x2c7 Drivers\STM32F3xx_HAL_Driver\Src\stm32f3xx_hal_rcc_ex.o
 .debug_abbrev  0x00001567      0x271 Drivers\STM32F3xx_HAL_Driver\Src\stm32f3xx_hal_uart.o
 .debug_abbrev  0x000017d8      0x264 Src\can.o
 .debug_abbrev  0x00001a3c      0x1c0 Src\gpio.o
 .debug_abbrev  0x00001bfc      0x1f6 Src\i2c.o
 .debug_abbrev  0x00001df2      0x271 Src\lcd.o
 .debug_abbrev  0x00002063      0x269 Src\main.o
 .debug_abbrev  0x000022cc      0x1c0 Src\stm32f3xx_hal_msp.o
 .debug_abbrev  0x0000248c      0x1d3 Src\stm32f3xx_it.o
 .debug_abbrev  0x0000265f      0x1e2 Src\system_stm32f3xx.o
 .debug_abbrev  0x00002841      0x1f6 Src\usart.o
 .debug_abbrev  0x00002a37       0x12 startup\startup_stm32f303xc.o

.debug_aranges  0x00000000      0xb20
 .debug_aranges
                0x00000000       0xe0 Drivers\STM32F3xx_HAL_Driver\Src\stm32f3xx_hal.o
 .debug_aranges
                0x000000e0      0x138 Drivers\STM32F3xx_HAL_Driver\Src\stm32f3xx_hal_can.o
 .debug_aranges
                0x00000218      0x118 Drivers\STM32F3xx_HAL_Driver\Src\stm32f3xx_hal_cortex.o
 .debug_aranges
                0x00000330       0x58 Drivers\STM32F3xx_HAL_Driver\Src\stm32f3xx_hal_gpio.o
 .debug_aranges
                0x00000388      0x260 Drivers\STM32F3xx_HAL_Driver\Src\stm32f3xx_hal_i2c.o
 .debug_aranges
                0x000005e8       0x48 Drivers\STM32F3xx_HAL_Driver\Src\stm32f3xx_hal_i2c_ex.o
 .debug_aranges
                0x00000630       0x88 Drivers\STM32F3xx_HAL_Driver\Src\stm32f3xx_hal_rcc.o
 .debug_aranges
                0x000006b8       0x38 Drivers\STM32F3xx_HAL_Driver\Src\stm32f3xx_hal_rcc_ex.o
 .debug_aranges
                0x000006f0      0x1f0 Drivers\STM32F3xx_HAL_Driver\Src\stm32f3xx_hal_uart.o
 .debug_aranges
                0x000008e0       0x48 Src\can.o
 .debug_aranges
                0x00000928       0x20 Src\gpio.o
 .debug_aranges
                0x00000948       0x30 Src\i2c.o
 .debug_aranges
                0x00000978       0x68 Src\lcd.o
 .debug_aranges
                0x000009e0       0x30 Src\main.o
 .debug_aranges
                0x00000a10       0x20 Src\stm32f3xx_hal_msp.o
 .debug_aranges
                0x00000a30       0x70 Src\stm32f3xx_it.o
 .debug_aranges
                0x00000aa0       0x28 Src\system_stm32f3xx.o
 .debug_aranges
                0x00000ac8       0x30 Src\usart.o
 .debug_aranges
                0x00000af8       0x28 startup\startup_stm32f303xc.o

.debug_ranges   0x00000000      0x9f8
 .debug_ranges  0x00000000       0xd0 Drivers\STM32F3xx_HAL_Driver\Src\stm32f3xx_hal.o
 .debug_ranges  0x000000d0      0x128 Drivers\STM32F3xx_HAL_Driver\Src\stm32f3xx_hal_can.o
 .debug_ranges  0x000001f8      0x108 Drivers\STM32F3xx_HAL_Driver\Src\stm32f3xx_hal_cortex.o
 .debug_ranges  0x00000300       0x48 Drivers\STM32F3xx_HAL_Driver\Src\stm32f3xx_hal_gpio.o
 .debug_ranges  0x00000348      0x250 Drivers\STM32F3xx_HAL_Driver\Src\stm32f3xx_hal_i2c.o
 .debug_ranges  0x00000598       0x38 Drivers\STM32F3xx_HAL_Driver\Src\stm32f3xx_hal_i2c_ex.o
 .debug_ranges  0x000005d0       0x78 Drivers\STM32F3xx_HAL_Driver\Src\stm32f3xx_hal_rcc.o
 .debug_ranges  0x00000648       0x28 Drivers\STM32F3xx_HAL_Driver\Src\stm32f3xx_hal_rcc_ex.o
 .debug_ranges  0x00000670      0x1e0 Drivers\STM32F3xx_HAL_Driver\Src\stm32f3xx_hal_uart.o
 .debug_ranges  0x00000850       0x38 Src\can.o
 .debug_ranges  0x00000888       0x10 Src\gpio.o
 .debug_ranges  0x00000898       0x20 Src\i2c.o
 .debug_ranges  0x000008b8       0x58 Src\lcd.o
 .debug_ranges  0x00000910       0x20 Src\main.o
 .debug_ranges  0x00000930       0x10 Src\stm32f3xx_hal_msp.o
 .debug_ranges  0x00000940       0x60 Src\stm32f3xx_it.o
 .debug_ranges  0x000009a0       0x18 Src\system_stm32f3xx.o
 .debug_ranges  0x000009b8       0x20 Src\usart.o
 .debug_ranges  0x000009d8       0x20 startup\startup_stm32f303xc.o

.debug_line     0x00000000     0x66fd
 .debug_line    0x00000000      0x47a Drivers\STM32F3xx_HAL_Driver\Src\stm32f3xx_hal.o
 .debug_line    0x0000047a      0x775 Drivers\STM32F3xx_HAL_Driver\Src\stm32f3xx_hal_can.o
 .debug_line    0x00000bef      0x5c3 Drivers\STM32F3xx_HAL_Driver\Src\stm32f3xx_hal_cortex.o
 .debug_line    0x000011b2      0x458 Drivers\STM32F3xx_HAL_Driver\Src\stm32f3xx_hal_gpio.o
 .debug_line    0x0000160a     0x1383 Drivers\STM32F3xx_HAL_Driver\Src\stm32f3xx_hal_i2c.o
 .debug_line    0x0000298d      0x415 Drivers\STM32F3xx_HAL_Driver\Src\stm32f3xx_hal_i2c_ex.o
 .debug_line    0x00002da2      0xa21 Drivers\STM32F3xx_HAL_Driver\Src\stm32f3xx_hal_rcc.o
 .debug_line    0x000037c3      0x5a4 Drivers\STM32F3xx_HAL_Driver\Src\stm32f3xx_hal_rcc_ex.o
 .debug_line    0x00003d67      0xd16 Drivers\STM32F3xx_HAL_Driver\Src\stm32f3xx_hal_uart.o
 .debug_line    0x00004a7d      0x37f Src\can.o
 .debug_line    0x00004dfc      0x28e Src\gpio.o
 .debug_line    0x0000508a      0x316 Src\i2c.o
 .debug_line    0x000053a0      0x398 Src\lcd.o
 .debug_line    0x00005738      0x3a6 Src\main.o
 .debug_line    0x00005ade      0x27c Src\stm32f3xx_hal_msp.o
 .debug_line    0x00005d5a      0x358 Src\stm32f3xx_it.o
 .debug_line    0x000060b2      0x2ac Src\system_stm32f3xx.o
 .debug_line    0x0000635e      0x320 Src\usart.o
 .debug_line    0x0000667e       0x7f startup\startup_stm32f303xc.o

.debug_str      0x00000000     0x3a32
 .debug_str     0x00000000      0xd7e Drivers\STM32F3xx_HAL_Driver\Src\stm32f3xx_hal.o
                                0xe25 (size before relaxing)
 .debug_str     0x00000d7e      0x7f9 Drivers\STM32F3xx_HAL_Driver\Src\stm32f3xx_hal_can.o
                                0xf85 (size before relaxing)
 .debug_str     0x00001577      0x403 Drivers\STM32F3xx_HAL_Driver\Src\stm32f3xx_hal_cortex.o
                               0x1088 (size before relaxing)
 .debug_str     0x0000197a      0x1e4 Drivers\STM32F3xx_HAL_Driver\Src\stm32f3xx_hal_gpio.o
                                0x993 (size before relaxing)
 .debug_str     0x00001b5e      0xbc4 Drivers\STM32F3xx_HAL_Driver\Src\stm32f3xx_hal_i2c.o
                               0x1399 (size before relaxing)
 .debug_str     0x00002722       0xf3 Drivers\STM32F3xx_HAL_Driver\Src\stm32f3xx_hal_i2c_ex.o
                                0xd2b (size before relaxing)
 .debug_str     0x00002815      0x2f4 Drivers\STM32F3xx_HAL_Driver\Src\stm32f3xx_hal_rcc.o
                                0xb4b (size before relaxing)
 .debug_str     0x00002b09      0x22f Drivers\STM32F3xx_HAL_Driver\Src\stm32f3xx_hal_rcc_ex.o
                                0xa26 (size before relaxing)
 .debug_str     0x00002d38      0x8f5 Drivers\STM32F3xx_HAL_Driver\Src\stm32f3xx_hal_uart.o
                               0x12ef (size before relaxing)
 .debug_str     0x0000362d       0xd8 Src\can.o
                               0x1109 (size before relaxing)
 .debug_str     0x00003705       0x1b Src\gpio.o
                                0x7fc (size before relaxing)
 .debug_str     0x00003720       0x2a Src\i2c.o
                                0xcb6 (size before relaxing)
 .debug_str     0x0000374a      0x12e Src\lcd.o
                                0xcf7 (size before relaxing)
 .debug_str     0x00003878       0x48 Src\main.o
                               0x147f (size before relaxing)
 .debug_str     0x000038c0       0x1b Src\stm32f3xx_hal_msp.o
                                0x76b (size before relaxing)
 .debug_str     0x000038db       0xd9 Src\stm32f3xx_it.o
                                0xa62 (size before relaxing)
 .debug_str     0x000039b4       0x50 Src\system_stm32f3xx.o
                                0x7ef (size before relaxing)
 .debug_str     0x00003a04       0x2e Src\usart.o
                                0xc97 (size before relaxing)

.comment        0x00000000       0x7c
 .comment       0x00000000       0x7c Drivers\STM32F3xx_HAL_Driver\Src\stm32f3xx_hal.o
                                 0x7d (size before relaxing)
 .comment       0x0000007c       0x7d Drivers\STM32F3xx_HAL_Driver\Src\stm32f3xx_hal_can.o
 .comment       0x0000007c       0x7d Drivers\STM32F3xx_HAL_Driver\Src\stm32f3xx_hal_cortex.o
 .comment       0x0000007c       0x7d Drivers\STM32F3xx_HAL_Driver\Src\stm32f3xx_hal_gpio.o
 .comment       0x0000007c       0x7d Drivers\STM32F3xx_HAL_Driver\Src\stm32f3xx_hal_i2c.o
 .comment       0x0000007c       0x7d Drivers\STM32F3xx_HAL_Driver\Src\stm32f3xx_hal_i2c_ex.o
 .comment       0x0000007c       0x7d Drivers\STM32F3xx_HAL_Driver\Src\stm32f3xx_hal_rcc.o
 .comment       0x0000007c       0x7d Drivers\STM32F3xx_HAL_Driver\Src\stm32f3xx_hal_rcc_ex.o
 .comment       0x0000007c       0x7d Drivers\STM32F3xx_HAL_Driver\Src\stm32f3xx_hal_uart.o
 .comment       0x0000007c       0x7d Src\can.o
 .comment       0x0000007c       0x7d Src\gpio.o
 .comment       0x0000007c       0x7d Src\i2c.o
 .comment       0x0000007c       0x7d Src\lcd.o
 .comment       0x0000007c       0x7d Src\main.o
 .comment       0x0000007c       0x7d Src\stm32f3xx_hal_msp.o
 .comment       0x0000007c       0x7d Src\stm32f3xx_it.o
 .comment       0x0000007c       0x7d Src\system_stm32f3xx.o
 .comment       0x0000007c       0x7d Src\usart.o

.debug_frame    0x00000000     0x2c54
 .debug_frame   0x00000000      0x334 Drivers\STM32F3xx_HAL_Driver\Src\stm32f3xx_hal.o
 .debug_frame   0x00000334      0x5a0 Drivers\STM32F3xx_HAL_Driver\Src\stm32f3xx_hal_can.o
 .debug_frame   0x000008d4      0x498 Drivers\STM32F3xx_HAL_Driver\Src\stm32f3xx_hal_cortex.o
 .debug_frame   0x00000d6c      0x14c Drivers\STM32F3xx_HAL_Driver\Src\stm32f3xx_hal_gpio.o
 .debug_frame   0x00000eb8      0xafc Drivers\STM32F3xx_HAL_Driver\Src\stm32f3xx_hal_i2c.o
 .debug_frame   0x000019b4      0x100 Drivers\STM32F3xx_HAL_Driver\Src\stm32f3xx_hal_i2c_ex.o
 .debug_frame   0x00001ab4      0x214 Drivers\STM32F3xx_HAL_Driver\Src\stm32f3xx_hal_rcc.o
 .debug_frame   0x00001cc8       0xb4 Drivers\STM32F3xx_HAL_Driver\Src\stm32f3xx_hal_rcc_ex.o
 .debug_frame   0x00001d7c      0x8d4 Drivers\STM32F3xx_HAL_Driver\Src\stm32f3xx_hal_uart.o
 .debug_frame   0x00002650       0xe4 Src\can.o
 .debug_frame   0x00002734       0x34 Src\gpio.o
 .debug_frame   0x00002768       0x74 Src\i2c.o
 .debug_frame   0x000027dc      0x16c Src\lcd.o
 .debug_frame   0x00002948       0x78 Src\main.o
 .debug_frame   0x000029c0       0x38 Src\stm32f3xx_hal_msp.o
 .debug_frame   0x000029f8      0x144 Src\stm32f3xx_it.o
 .debug_frame   0x00002b3c       0x58 Src\system_stm32f3xx.o
 .debug_frame   0x00002b94       0x74 Src\usart.o
 .debug_frame   0x00002c08       0x2c c:/program files (x86)/atollic/truestudio for stm32 9.2.0/armtools/bin/../lib/gcc/arm-atollic-eabi/6.3.1/../../../../arm-atollic-eabi/lib/armv7e-m/fpu\libc_nano.a(lib_a-init.o)
 .debug_frame   0x00002c34       0x20 c:/program files (x86)/atollic/truestudio for stm32 9.2.0/armtools/bin/../lib/gcc/arm-atollic-eabi/6.3.1/../../../../arm-atollic-eabi/lib/armv7e-m/fpu\libc_nano.a(lib_a-memset.o)
